Added Component: Designator=BT1(CR2032 Holder)
Add component (AddParameter): Name = "LatestRevisionDate"; Value = "17-Jul-2002"; VariantName = "[No Variations]"
Add component (AddParameter): Name = "LatestRevisionNote"; Value = "Re-released for DXP Platform."; VariantName = "[No Variations]"
Add component (AddParameter): Name = "PackageReference"; Value = "BAT-2"; VariantName = "[No Variations]"
Add component (AddParameter): Name = "Published"; Value = "24-Mar-1999"; VariantName = "[No Variations]"
Add component (AddParameter): Name = "Publisher"; Value = "Altium Limited"; VariantName = "[No Variations]"
Added Component: Designator=BT2(CR2032 Holder)
Add component (AddParameter): Name = "LatestRevisionDate"; Value = "17-Jul-2002"; VariantName = "[No Variations]"
Add component (AddParameter): Name = "LatestRevisionNote"; Value = "Re-released for DXP Platform."; VariantName = "[No Variations]"
Add component (AddParameter): Name = "PackageReference"; Value = "BAT-2"; VariantName = "[No Variations]"
Add component (AddParameter): Name = "Published"; Value = "24-Mar-1999"; VariantName = "[No Variations]"
Add component (AddParameter): Name = "Publisher"; Value = "Altium Limited"; VariantName = "[No Variations]"
Added Component: Designator=C1(CAP_0402)
Add component (AddParameter): Name = "LatestRevisionDate"; Value = "17-Jul-2002"; VariantName = "[No Variations]"
Add component (AddParameter): Name = "LatestRevisionNote"; Value = "Re-released for DXP Platform."; VariantName = "[No Variations]"
Add component (AddParameter): Name = "PackageReference"; Value = "RAD-0.3"; VariantName = "[No Variations]"
Add component (AddParameter): Name = "Published"; Value = "8-Jun-2000"; VariantName = "[No Variations]"
Add component (AddParameter): Name = "Publisher"; Value = "Altium Limited"; VariantName = "[No Variations]"
Add component (AddParameter): Name = "Value"; Value = "33p"; VariantName = "[No Variations]"
Added Component: Designator=C2(CAP_0402)
Add component (AddParameter): Name = "LatestRevisionDate"; Value = "17-Jul-2002"; VariantName = "[No Variations]"
Add component (AddParameter): Name = "LatestRevisionNote"; Value = "Re-released for DXP Platform."; VariantName = "[No Variations]"
Add component (AddParameter): Name = "PackageReference"; Value = "RAD-0.3"; VariantName = "[No Variations]"
Add component (AddParameter): Name = "Published"; Value = "8-Jun-2000"; VariantName = "[No Variations]"
Add component (AddParameter): Name = "Publisher"; Value = "Altium Limited"; VariantName = "[No Variations]"
Add component (AddParameter): Name = "Value"; Value = "33p"; VariantName = "[No Variations]"
Added Component: Designator=Q1(MOSFET_HP_8Pin)
Added Component: Designator=Q2(MOSFET_HP_8Pin)
Added Component: Designator=Q3(MOSFET_HP_8Pin)
Added Component: Designator=Q4(MOSFET_HP_8Pin)
Added Component: Designator=R1(RES-SMD-0805)
Add component (AddParameter): Name = "Class"; Value = "Passive"; VariantName = "[No Variations]"
Add component (AddParameter): Name = "Manufacturer"; Value = "Generic Components"; VariantName = "[No Variations]"
Add component (AddParameter): Name = "Published"; Value = "08/06/2000"; VariantName = "[No Variations]"
Add component (AddParameter): Name = "Publisher"; Value = "Altium Hobart Technology Centre"; VariantName = "[No Variations]"
Added Component: Designator=R2(RES-SMD-0805)
Add component (AddParameter): Name = "Class"; Value = "Passive"; VariantName = "[No Variations]"
Add component (AddParameter): Name = "Manufacturer"; Value = "Generic Components"; VariantName = "[No Variations]"
Add component (AddParameter): Name = "Published"; Value = "08/06/2000"; VariantName = "[No Variations]"
Add component (AddParameter): Name = "Publisher"; Value = "Altium Hobart Technology Centre"; VariantName = "[No Variations]"
Added Component: Designator=R3(RES-SMD-0805)
Add component (AddParameter): Name = "Class"; Value = "Passive"; VariantName = "[No Variations]"
Add component (AddParameter): Name = "Manufacturer"; Value = "Generic Components"; VariantName = "[No Variations]"
Add component (AddParameter): Name = "Published"; Value = "08/06/2000"; VariantName = "[No Variations]"
Add component (AddParameter): Name = "Publisher"; Value = "Altium Hobart Technology Centre"; VariantName = "[No Variations]"
Added Component: Designator=R4(RES-SMD-0805)
Add component (AddParameter): Name = "Class"; Value = "Passive"; VariantName = "[No Variations]"
Add component (AddParameter): Name = "Manufacturer"; Value = "Generic Components"; VariantName = "[No Variations]"
Add component (AddParameter): Name = "Published"; Value = "08/06/2000"; VariantName = "[No Variations]"
Add component (AddParameter): Name = "Publisher"; Value = "Altium Hobart Technology Centre"; VariantName = "[No Variations]"
Added Component: Designator=R5(RES-SMD-0805)
Add component (AddParameter): Name = "Class"; Value = "Passive"; VariantName = "[No Variations]"
Add component (AddParameter): Name = "Manufacturer"; Value = "Generic Components"; VariantName = "[No Variations]"
Add component (AddParameter): Name = "Published"; Value = "08/06/2000"; VariantName = "[No Variations]"
Add component (AddParameter): Name = "Publisher"; Value = "Altium Hobart Technology Centre"; VariantName = "[No Variations]"
Added Component: Designator=U2(SOT23-6)
Added Component: Designator=U3(SOT23-6)
Added Pin To Net: NetName=GND Pin=BT2-2
Added Pin To Net: NetName=GND Pin=C2-1
Added Pin To Net: NetName=GND Pin=R3-2
Added Pin To Net: NetName=GND Pin=U3-3
Added Pin To Net: NetName=GND Pin=Q2-1
Added Pin To Net: NetName=GND Pin=Q2-2
Added Pin To Net: NetName=GND Pin=Q2-3
Added Pin To Net: NetName=GND Pin=Q3-1
Added Pin To Net: NetName=GND Pin=Q3-2
Added Pin To Net: NetName=GND Pin=Q3-3
Added Pin To Net: NetName=GND Pin=Q4-1
Added Pin To Net: NetName=GND Pin=Q4-2
Added Pin To Net: NetName=GND Pin=Q4-3
Added Net: Name=GND
Added Pin To Net: NetName=NetBT1_1 Pin=BT1-1
Added Net: Name=NetBT1_1
Added Pin To Net: NetName=NetC1_2 Pin=C1-2
Added Pin To Net: NetName=NetC1_2 Pin=R1-2
Added Pin To Net: NetName=NetC1_2 Pin=U2-2
Added Net: Name=NetC1_2
Added Pin To Net: NetName=NetC2_2 Pin=C2-2
Added Pin To Net: NetName=NetC2_2 Pin=R4-2
Added Pin To Net: NetName=NetC2_2 Pin=U3-2
Added Net: Name=NetC2_2
Added Pin To Net: NetName=NetQ1_4 Pin=Q1-4
Added Pin To Net: NetName=NetQ1_4 Pin=U2-6
Added Net: Name=NetQ1_4
Added Pin To Net: NetName=NetQ1_5,6,7,8,9 Pin=R2-2
Added Pin To Net: NetName=NetQ1_5,6,7,8,9 Pin=Q1-5
Added Pin To Net: NetName=NetQ1_5,6,7,8,9 Pin=Q1-6
Added Pin To Net: NetName=NetQ1_5,6,7,8,9 Pin=Q1-7
Added Pin To Net: NetName=NetQ1_5,6,7,8,9 Pin=Q1-8
Added Pin To Net: NetName=NetQ1_5,6,7,8,9 Pin=Q1-9
Added Net: Name=NetQ1_5,6,7,8,9
Added Pin To Net: NetName=NetQ2_4 Pin=Q2-4
Added Net: Name=NetQ2_4
Added Pin To Net: NetName=NetQ2_5,6,7,8,9 Pin=Q2-5
Added Pin To Net: NetName=NetQ2_5,6,7,8,9 Pin=Q2-6
Added Pin To Net: NetName=NetQ2_5,6,7,8,9 Pin=Q2-7
Added Pin To Net: NetName=NetQ2_5,6,7,8,9 Pin=Q2-8
Added Pin To Net: NetName=NetQ2_5,6,7,8,9 Pin=Q2-9
Added Pin To Net: NetName=NetQ2_5,6,7,8,9 Pin=Q3-5
Added Pin To Net: NetName=NetQ2_5,6,7,8,9 Pin=Q3-6
Added Pin To Net: NetName=NetQ2_5,6,7,8,9 Pin=Q3-7
Added Pin To Net: NetName=NetQ2_5,6,7,8,9 Pin=Q3-8
Added Pin To Net: NetName=NetQ2_5,6,7,8,9 Pin=Q3-9
Added Net: Name=NetQ2_5,6,7,8,9
Added Pin To Net: NetName=NetQ3_4 Pin=Q3-4
Added Net: Name=NetQ3_4
Added Pin To Net: NetName=NetQ4_4 Pin=Q4-4
Added Pin To Net: NetName=NetQ4_4 Pin=U3-6
Added Net: Name=NetQ4_4
Added Pin To Net: NetName=NetQ4_5,6,7,8,9 Pin=R5-2
Added Pin To Net: NetName=NetQ4_5,6,7,8,9 Pin=Q4-5
Added Pin To Net: NetName=NetQ4_5,6,7,8,9 Pin=Q4-6
Added Pin To Net: NetName=NetQ4_5,6,7,8,9 Pin=Q4-7
Added Pin To Net: NetName=NetQ4_5,6,7,8,9 Pin=Q4-8
Added Pin To Net: NetName=NetQ4_5,6,7,8,9 Pin=Q4-9
Added Net: Name=NetQ4_5,6,7,8,9
Added Pin To Net: NetName=NetR3_1 Pin=R3-1
Added Net: Name=NetR3_1
Added Pin To Net: NetName=NetU2_1, 4, 5 Pin=U2-1
Added Pin To Net: NetName=NetU2_1, 4, 5 Pin=U2-4
Added Pin To Net: NetName=NetU2_1, 4, 5 Pin=U2-5
Added Net: Name=NetU2_1, 4, 5
Added Pin To Net: NetName=NetU3_1, 4, 5 Pin=U3-1
Added Pin To Net: NetName=NetU3_1, 4, 5 Pin=U3-4
Added Pin To Net: NetName=NetU3_1, 4, 5 Pin=U3-5
Added Net: Name=NetU3_1, 4, 5
Added Pin To Net: NetName=VCC Pin=R1-1
Added Pin To Net: NetName=VCC Pin=R2-1
Added Net: Name=VCC
Added Pin To Net: NetName=VC Pin=BT1-2
Added Pin To Net: NetName=VC Pin=BT2-1
Added Pin To Net: NetName=VC Pin=C1-1
Added Pin To Net: NetName=VC Pin=R4-1
Added Pin To Net: NetName=VC Pin=R5-1
Added Pin To Net: NetName=VC Pin=U2-3
Added Pin To Net: NetName=VC Pin=Q1-1
Added Pin To Net: NetName=VC Pin=Q1-2
Added Pin To Net: NetName=VC Pin=Q1-3
Added Net: Name=VC
Added Class: Name=Li_ion_PRT-BL
Added Rule: Name=Schematic Supply Nets
Added Rule: Name=Schematic Supply Nets_1
