Change Component Designator: OldDesignator=R4 NewDesignator=R5
Change Component Designator: OldDesignator=R5 NewDesignator=R6
Added Component: Designator=LED1(LED-0805-Blue)
Add component (AddParameter): Name = "Value"; Value = "LED 3 ly Single Colour"; VariantName = "[No Variations]"
Added Component: Designator=LED2(LED-0805-Blue)
Add component (AddParameter): Name = "Value"; Value = "LED 3 ly Single Colour"; VariantName = "[No Variations]"
Added Component: Designator=R4(RES-SMD-0805)
Add component (AddParameter): Name = "Class"; Value = "Passive"; VariantName = "[No Variations]"
Add component (AddParameter): Name = "Manufacturer"; Value = "Generic Components"; VariantName = "[No Variations]"
Add component (AddParameter): Name = "Published"; Value = "08/06/2000"; VariantName = "[No Variations]"
Add component (AddParameter): Name = "Publisher"; Value = "Altium Hobart Technology Centre"; VariantName = "[No Variations]"
Added Component: Designator=R7(RES-SMD-0805)
Add component (AddParameter): Name = "Class"; Value = "Passive"; VariantName = "[No Variations]"
Add component (AddParameter): Name = "Manufacturer"; Value = "Generic Components"; VariantName = "[No Variations]"
Add component (AddParameter): Name = "Published"; Value = "08/06/2000"; VariantName = "[No Variations]"
Add component (AddParameter): Name = "Publisher"; Value = "Altium Hobart Technology Centre"; VariantName = "[No Variations]"
Added Component: Designator=U1(sot23-6)
Added Pin To Net: NetName=VCC Pin=LED1-1
Added Pin To Net: NetName=VC Pin=LED2-1
Added Pin To Net: NetName=VC Pin=R4-2
Added Pin To Net: NetName=GND Pin=R7-2
Added Pin To Net: NetName=NetQ3_4 Pin=U1-1
Added Pin To Net: NetName=NetQ2_4 Pin=U1-2
Added Pin To Net: NetName=NetR3_1 Pin=U1-3
Added Pin To Net: NetName=VC Pin=U1-4
Added Pin To Net: NetName=NetBT1_1 Pin=U1-5
Added Pin To Net: NetName=GND Pin=U1-6
Added Pin To Net: NetName=NetLED1_2 Pin=LED1-2
Added Pin To Net: NetName=NetLED1_2 Pin=R4-1
Added Net: Name=NetLED1_2
Added Pin To Net: NetName=NetLED2_2 Pin=LED2-2
Added Pin To Net: NetName=NetLED2_2 Pin=R7-1
Added Net: Name=NetLED2_2
Added Member To Class: ClassName=Li_ion_PRT-BL Member=Component LED1 LED
Added Member To Class: ClassName=Li_ion_PRT-BL Member=Component LED2 LED
Added Member To Class: ClassName=Li_ion_PRT-BL Member=Component R6 Resistor - SMD
Added Member To Class: ClassName=Li_ion_PRT-BL Member=Component R7 220R
Added Member To Class: ClassName=Li_ion_PRT-BL Member=Component U1 HY2120
