Change Component Designator: OldDesignator=P1 NewDesignator=P2
Change Component Designator: OldDesignator=P2 NewDesignator=P3
Change Component Designator: OldDesignator=P3 NewDesignator=P4
Added Component: Designator=JDC1(DC-IN)
Add component (AddParameter): Name = "Value"; Value = "Jac DC"; VariantName = "[No Variations]"
Added Component: Designator=P1(BIG_Header 3)
Added Pin To Net: NetName=V_IN Pin=JDC1-1
Added Pin To Net: NetName=GND Pin=JDC1-2
Added Pin To Net: NetName=GND Pin=JDC1-3
Added Pin To Net: NetName=GND Pin=P1-1
Added Pin To Net: NetName=-5V Pin=P1-2
Added Pin To Net: NetName=V_IN Pin=P1-3
Add Pin To Net: Unknown Pin: Pin VIT1-VIT1
Add Pin To Net: Unknown Pin: Pin VIT2-VIT1
Add Pin To Net: Unknown Pin: Pin VIT3-VIT1
Add Pin To Net: Unknown Pin: Pin VIT4-VIT1
Added Member To Class: ClassName=Power_supply Member=Component C1 0.1uF
Added Member To Class: ClassName=Power_supply Member=Component C16 100nF
Added Member To Class: ClassName=Power_supply Member=Component C18 10uF 50V
Added Member To Class: ClassName=Power_supply Member=Component C20 100nF
Added Member To Class: ClassName=Power_supply Member=Component C22 220pF
Added Member To Class: ClassName=Power_supply Member=Component C24 100nF
Added Member To Class: ClassName=Power_supply Member=Component JDC1 Jac DC
Added Member To Class: ClassName=Power_supply Member=Component P4 TP
Added Member To Class: ClassName=Power_supply Member=Component R7 10R
Added Member To Class: ClassName=Power_supply Member=Component R8 10R
Added Member To Class: ClassName=Power_supply Member=Component R9 100k
Added Member To Class: ClassName=Power_supply Member=Component R12 24.9k
Added Member To Class: ClassName=Power_supply Member=Component R16 220
