Change Component Designator: Old Designator=C20 New Designator=C25
Change Component Designator: Old Designator=C21 New Designator=C26
Change Component Designator: Old Designator=C22 New Designator=C27
Change Component Designator: Old Designator=C25 New Designator=C20
Change Component Designator: Old Designator=C26 New Designator=C21
Change Component Designator: Old Designator=C27 New Designator=C22
Change Component Designator: Old Designator=LED2 New Designator=LED3
Change Component Designator: Old Designator=LED3 New Designator=LED2
Change Component Designator: Old Designator=P5 New Designator=P6
Change Component Designator: Old Designator=P6 New Designator=P5
Change Component Designator: Old Designator=R18 New Designator=R24
Change Component Designator: Old Designator=R24 New Designator=R18
Change Component Designator: Old Designator=TP2 New Designator=TP4
Change Component Designator: Old Designator=TP3 New Designator=TP5
Change Component Designator: Old Designator=TP4 New Designator=TP6
Change Component Designator: Old Designator=TP5 New Designator=TP7
Change Component Designator: Old Designator=TP6 New Designator=TP8
Change Component Designator: Old Designator=TP7 New Designator=TP9
Change Component Designator: Old Designator=TP8 New Designator=TP10
Change Component Designator: Old Designator=TP9 New Designator=TP11
Change Component Designator: Old Designator=TP? New Designator=TP2
Change Component Designator: Old Designator=TP? New Designator=TP3
Change Component Designator: Old Designator=TP? New Designator=TP12
Change Component Designator: Old Designator=TP? New Designator=TP13
Change Component Designator: Old Designator=U3 New Designator=U4
Change Component Designator: Old Designator=U4 New Designator=U3
