Removed Member From Class: ClassName=Power_supply Member=R?
Change Component Designator: OldDesignator=R7 NewDesignator=R8
Change Component Designator: OldDesignator=R8 NewDesignator=R9
Change Component Designator: OldDesignator=R9 NewDesignator=R11
Change Component Designator: OldDesignator=R11 NewDesignator=R12
Change Component Designator: OldDesignator=R12 NewDesignator=R16
Change Component Designator: OldDesignator=R16 NewDesignator=R18
Change Component Designator: OldDesignator=R18 NewDesignator=R20
Change Component Designator: OldDesignator=R20 NewDesignator=R22
Change Component Designator: OldDesignator=R22 NewDesignator=R23
Change Component Designator: OldDesignator=R23 NewDesignator=R24
Change Component Designator: OldDesignator=R? NewDesignator=R7
Add Pin To Net: Unknown Pin: Pin VIT1-VIT1
Add Pin To Net: Unknown Pin: Pin VIT2-VIT1
Add Pin To Net: Unknown Pin: Pin VIT3-VIT1
Add Pin To Net: Unknown Pin: Pin VIT4-VIT1
Change Net Name : Old Net Name=NetR9_2 New Net Name=NetR11_2
Change Net Name : Old Net Name=NetR11_2 New Net Name=NetR12_2
Change Net Name : Old Net Name=NetR20_1 New Net Name=NetR22_1
Added Member To Class: ClassName=Power_supply Member=Component C17 22pF
Added Member To Class: ClassName=Power_supply Member=Component R24 220
Added Member To Class: ClassName=Power_supply Member=Component TP1 TP
Added Member To Class: ClassName=Power_supply Member=Component TP4 TP
Added Member To Class: ClassName=Power_supply Member=Component TP5 TP
Added Member To Class: ClassName=Power_supply Member=Component TP7 TP
