Removed Member From Class: ClassName=Power_supply Member=TP?
Change Component Comment : Designator=R21 Old Comment=1000 New Comment=1k
Change Component Designator: OldDesignator=C17 NewDesignator=C16
Change Component Designator: OldDesignator=TP1 NewDesignator=TP2
Change Component Designator: OldDesignator=TP2 NewDesignator=TP3
Change Component Designator: OldDesignator=TP3 NewDesignator=TP4
Change Component Designator: OldDesignator=TP4 NewDesignator=TP5
Change Component Designator: OldDesignator=TP5 NewDesignator=TP6
Change Component Designator: OldDesignator=TP6 NewDesignator=TP7
Change Component Designator: OldDesignator=TP7 NewDesignator=TP8
Change Component Designator: OldDesignator=TP8 NewDesignator=TP9
Change Component Designator: OldDesignator=TP? NewDesignator=TP1
Added Component: Designator=C5(CAP_0805)
Add component (AddParameter): Name = "LatestRevisionDate"; Value = "17-Jul-2002"; VariantName = "[No Variations]"
Add component (AddParameter): Name = "LatestRevisionNote"; Value = "Re-released for DXP Platform."; VariantName = "[No Variations]"
Add component (AddParameter): Name = "PackageReference"; Value = "RAD-0.3"; VariantName = "[No Variations]"
Add component (AddParameter): Name = "Published"; Value = "8-Jun-2000"; VariantName = "[No Variations]"
Add component (AddParameter): Name = "Publisher"; Value = "Altium Limited"; VariantName = "[No Variations]"
Add component (AddParameter): Name = "Value"; Value = "33p"; VariantName = "[No Variations]"
Added Component: Designator=J1(JP2)
Add component (AddParameter): Name = "Value"; Value = "JP 2"; VariantName = "[No Variations]"
Added Component: Designator=Q1(MOSFET_HP_8Pin)
Added Component: Designator=Q2(MOSFET_HP_8Pin)
Added Component: Designator=R?(RES-SMD-0805)
Add component (AddParameter): Name = "Class"; Value = "Passive"; VariantName = "[No Variations]"
Add component (AddParameter): Name = "Manufacturer"; Value = "Generic Components"; VariantName = "[No Variations]"
Add component (AddParameter): Name = "Published"; Value = "08/06/2000"; VariantName = "[No Variations]"
Add component (AddParameter): Name = "Publisher"; Value = "Altium Hobart Technology Centre"; VariantName = "[No Variations]"
Added Pin To Net: NetName=GND Pin=C2-1
Added Pin To Net: NetName=NetC1_2 Pin=C2-2
Added Pin To Net: NetName=GND Pin=C3-1
Added Pin To Net: NetName=NetC1_2 Pin=C3-2
Added Pin To Net: NetName=GND Pin=C4-1
Added Pin To Net: NetName=NetC4_2 Pin=C4-2
Added Pin To Net: NetName=GND Pin=C5-1
Added Pin To Net: NetName=NetC5_2 Pin=C5-2
Added Pin To Net: NetName=PH Pin=C6-1
Added Pin To Net: NetName=BTST Pin=C6-2
Added Pin To Net: NetName=NetC7_1 Pin=C7-1
Added Pin To Net: NetName=GND Pin=C7-2
Added Pin To Net: NetName=NetC7_1 Pin=C8-1
Added Pin To Net: NetName=GND Pin=C8-2
Added Pin To Net: NetName=GND Pin=C9-1
Added Pin To Net: NetName=SRP Pin=C9-2
Added Pin To Net: NetName=GND Pin=C10-1
Added Pin To Net: NetName=NetC10_2 Pin=C10-2
Added Pin To Net: NetName=GND Pin=C11-1
Added Pin To Net: NetName=NetC7_1 Pin=C11-2
Added Pin To Net: NetName=GND Pin=C12-1
Added Pin To Net: NetName=SRP Pin=C12-2
Added Pin To Net: NetName=GND Pin=C13-1
Added Pin To Net: NetName=SRP Pin=C13-2
Added Pin To Net: NetName=SRN Pin=C14-1
Added Pin To Net: NetName=SRP Pin=C14-2
Added Pin To Net: NetName=NetC15_1 Pin=C15-1
Added Pin To Net: NetName=NetC15_2 Pin=C15-2
Added Pin To Net: NetName=MPPSET Pin=C17-1
Added Pin To Net: NetName=V_IN Pin=C17-2
Added Pin To Net: NetName=NetC10_2 Pin=D2-1
Added Pin To Net: NetName=BTST Pin=D2-2
Added Pin To Net: NetName=NetJ1_1 Pin=J1-1
Added Pin To Net: NetName=TERM_EN Pin=J1-2
Added Pin To Net: NetName=PH Pin=L1-1
Added Pin To Net: NetName=SRP Pin=L1-2
Added Pin To Net: NetName=NetLED1_1 Pin=LED1-1
Added Pin To Net: NetName=NetLED1_3 Pin=LED1-3
Added Pin To Net: NetName=NetLED1_4 Pin=LED1-4
Added Pin To Net: NetName=PH Pin=Q1-1
Added Pin To Net: NetName=PH Pin=Q1-2
Added Pin To Net: NetName=PH Pin=Q1-3
Added Pin To Net: NetName=HIDRV Pin=Q1-4
Added Pin To Net: NetName=NetC1_2 Pin=Q1-5
Added Pin To Net: NetName=NetC1_2 Pin=Q1-6
Added Pin To Net: NetName=NetC1_2 Pin=Q1-7
Added Pin To Net: NetName=NetC1_2 Pin=Q1-8
Added Pin To Net: NetName=NetC1_2 Pin=Q1-9
Added Pin To Net: NetName=GND Pin=Q2-1
Added Pin To Net: NetName=GND Pin=Q2-2
Added Pin To Net: NetName=GND Pin=Q2-3
Added Pin To Net: NetName=LODRV Pin=Q2-4
Added Pin To Net: NetName=PH Pin=Q2-5
Added Pin To Net: NetName=PH Pin=Q2-6
Added Pin To Net: NetName=PH Pin=Q2-7
Added Pin To Net: NetName=PH Pin=Q2-8
Added Pin To Net: NetName=PH Pin=Q2-9
Added Pin To Net: NetName=V_IN Pin=R1-1
Added Pin To Net: NetName=NetC4_2 Pin=R1-2
Added Pin To Net: NetName=V_IN Pin=R2-1
Added Pin To Net: NetName=NetC4_2 Pin=R2-2
Added Pin To Net: NetName=NetC1_2 Pin=R3-1
Added Pin To Net: NetName=NetC5_2 Pin=R3-2
Added Pin To Net: NetName=NetC1_2 Pin=R4-1
Added Pin To Net: NetName=NetC5_2 Pin=R4-2
Added Pin To Net: NetName=NetJ1_1 Pin=R5-1
Added Pin To Net: NetName=TERM_EN Pin=R5-2
Added Pin To Net: NetName=NetC7_1 Pin=R6-1
Added Pin To Net: NetName=SRP Pin=R6-2
Added Pin To Net: NetName=NetC7_1 Pin=R10-1
Added Pin To Net: NetName=NetC15_2 Pin=R10-2
Added Pin To Net: NetName=NetC15_2 Pin=R13-1
Added Pin To Net: NetName=NetC15_1 Pin=R13-2
Added Pin To Net: NetName=NetJ1_1 Pin=R14-1
Added Pin To Net: NetName=GND Pin=R14-2
Added Pin To Net: NetName=NetC15_1 Pin=R15-1
Added Pin To Net: NetName=GND Pin=R15-2
Added Pin To Net: NetName=V_IN Pin=R17-1
Added Pin To Net: NetName=MPPSET Pin=R17-2
Added Pin To Net: NetName=MPPSET Pin=R19-1
Added Pin To Net: NetName=GND Pin=R19-2
Added Pin To Net: NetName=NetLED1_1 Pin=R21-1
Added Pin To Net: NetName=V_IN Pin=R21-2
Added Pin To Net: NetName=NetC7_1 Pin=R?-1
Added Pin To Net: NetName=SRN Pin=R?-2
Added Pin To Net: NetName=NetC5_2 Pin=U1-1
Added Pin To Net: NetName=MPPSET Pin=U1-2
Added Pin To Net: NetName=NetLED1_3 Pin=U1-3
Added Pin To Net: NetName=NetJ1_1 Pin=U1-4
Added Pin To Net: NetName=NetLED1_4 Pin=U1-5
Added Pin To Net: NetName=TERM_EN Pin=U1-6
Added Pin To Net: NetName=TERM_EN Pin=U1-7
Added Pin To Net: NetName=NetC15_1 Pin=U1-8
Added Pin To Net: NetName=SRN Pin=U1-9
Added Pin To Net: NetName=SRP Pin=U1-10
Added Pin To Net: NetName=GND Pin=U1-11
Added Pin To Net: NetName=NetC10_2 Pin=U1-12
Added Pin To Net: NetName=LODRV Pin=U1-13
Added Pin To Net: NetName=PH Pin=U1-14
Added Pin To Net: NetName=HIDRV Pin=U1-15
Added Pin To Net: NetName=BTST Pin=U1-16
Added Pin To Net: NetName=GND Pin=U1-17
Add Pin To Net: Unknown Pin: Pin VIT1-VIT1
Add Pin To Net: Unknown Pin: Pin VIT2-VIT1
Add Pin To Net: Unknown Pin: Pin VIT3-VIT1
Add Pin To Net: Unknown Pin: Pin VIT4-VIT1
Change Net Name : Old Net Name=NetC17_1 New Net Name=NetC16_1
Change Net Name : Old Net Name=NetC17_2 New Net Name=NetC16_2
Added Member To Class: ClassName=Power_supply Member=Component C2 106
Added Member To Class: ClassName=Power_supply Member=Component C3 106
Added Member To Class: ClassName=Power_supply Member=Component C4 2.2uF
Added Member To Class: ClassName=Power_supply Member=Component C5 0.1uF
Added Member To Class: ClassName=Power_supply Member=Component C6 1uF
Added Member To Class: ClassName=Power_supply Member=Component C7 4.7uF
Added Member To Class: ClassName=Power_supply Member=Component C8 1uF
Added Member To Class: ClassName=Power_supply Member=Component C9 10uF
Added Member To Class: ClassName=Power_supply Member=Component C10 10uF
Added Member To Class: ClassName=Power_supply Member=Component C11 104
Added Member To Class: ClassName=Power_supply Member=Component C12 10uF
Added Member To Class: ClassName=Power_supply Member=Component C13 10uF
Added Member To Class: ClassName=Power_supply Member=Component C14 10uF
Added Member To Class: ClassName=Power_supply Member=Component C15 104
Added Member To Class: ClassName=Power_supply Member=Component C16 100nF
Added Member To Class: ClassName=Power_supply Member=Component C17 22pF
Added Member To Class: ClassName=Power_supply Member=Component C19 10uF 50V
Added Member To Class: ClassName=Power_supply Member=Component C21 100nF
Added Member To Class: ClassName=Power_supply Member=Component C23 220pF
Added Member To Class: ClassName=Power_supply Member=Component C25 100nF
Added Member To Class: ClassName=Power_supply Member=Component D2 1N5819
Added Member To Class: ClassName=Power_supply Member=Component J1 Jumper 2
Added Member To Class: ClassName=Power_supply Member=Component L1 10uH
Added Member To Class: ClassName=Power_supply Member=Component LED1 LED RGB SMD v1
Added Member To Class: ClassName=Power_supply Member=Component Q1 AON6508
Added Member To Class: ClassName=Power_supply Member=Component Q2 AON6508
Added Member To Class: ClassName=Power_supply Member=Component R1 2R
Added Member To Class: ClassName=Power_supply Member=Component R2 2R
Added Member To Class: ClassName=Power_supply Member=Component R3 10R
Added Member To Class: ClassName=Power_supply Member=Component R4 NC
Added Member To Class: ClassName=Power_supply Member=Component R5 10k
Added Member To Class: ClassName=Power_supply Member=Component R6 0.05
Added Member To Class: ClassName=Power_supply Member=Component R10 0R
Added Member To Class: ClassName=Power_supply Member=Component R13 499k
Added Member To Class: ClassName=Power_supply Member=Component R14 10k
Added Member To Class: ClassName=Power_supply Member=Component R15 100k
Added Member To Class: ClassName=Power_supply Member=Component R17 499k
Added Member To Class: ClassName=Power_supply Member=Component R19 36k
Added Member To Class: ClassName=Power_supply Member=Component R21 1k
Added Member To Class: ClassName=Power_supply Member=Component R? 0R
Added Member To Class: ClassName=Power_supply Member=Component TP9 TP
Added Member To Class: ClassName=Power_supply Member=Component U1 BQ24650
