Removed Pin From Net: NetName=V_LOAD Pin=P4-1
Removed Pin From Net: NetName=V_LOAD Pin=P4-2
Removed Pin From Net: NetName=5V_PS Pin=P5-1
Removed Pin From Net: NetName=5V_PS Pin=P5-2
Removed Pin From Net: NetName=GND Pin=P6-1
Removed Pin From Net: NetName=GND Pin=P6-2
Change Component Footprint: Designator=P7 Old Footprint=HDR2 New Footprint=HDR1X2
Change Component Comment : Designator=P7 Old Comment=Header2 New Comment=Header 2
Change Component Designator: OldDesignator=P1 NewDesignator=P4
Change Component Designator: OldDesignator=P2 NewDesignator=P5
Change Component Designator: OldDesignator=P3 NewDesignator=P6
Change component parameters: Designator = "P7" ("P7"); Footprint = "HDR2"; UniqueID = "\EHDGBKWL" ("\EHDGBKWL")
Change component parameters (AddParameter): Name = "LatestRevisionDate"; Value = "17-Jul-2002"; VariantName = "[No Variations]"
Change component parameters (AddParameter): Name = "LatestRevisionNote"; Value = "Re-released for DXP Platform."; VariantName = "[No Variations]"
Change component parameters (AddParameter): Name = "Publisher"; Value = "Altium Limited"; VariantName = "[No Variations]"
Added Component: Designator=P1(HDR1X2)
Add component (AddParameter): Name = "LatestRevisionDate"; Value = "17-Jul-2002"; VariantName = "[No Variations]"
Add component (AddParameter): Name = "LatestRevisionNote"; Value = "Re-released for DXP Platform."; VariantName = "[No Variations]"
Add component (AddParameter): Name = "Publisher"; Value = "Altium Limited"; VariantName = "[No Variations]"
Added Component: Designator=P2(HDR1X2)
Add component (AddParameter): Name = "LatestRevisionDate"; Value = "17-Jul-2002"; VariantName = "[No Variations]"
Add component (AddParameter): Name = "LatestRevisionNote"; Value = "Re-released for DXP Platform."; VariantName = "[No Variations]"
Add component (AddParameter): Name = "Publisher"; Value = "Altium Limited"; VariantName = "[No Variations]"
Added Component: Designator=P3(HDR1X2)
Add component (AddParameter): Name = "LatestRevisionDate"; Value = "17-Jul-2002"; VariantName = "[No Variations]"
Add component (AddParameter): Name = "LatestRevisionNote"; Value = "Re-released for DXP Platform."; VariantName = "[No Variations]"
Add component (AddParameter): Name = "Publisher"; Value = "Altium Limited"; VariantName = "[No Variations]"
Added Pin To Net: NetName=V_LOAD Pin=P1-1
Added Pin To Net: NetName=V_LOAD Pin=P1-2
Added Pin To Net: NetName=5V_PS Pin=P2-1
Added Pin To Net: NetName=5V_PS Pin=P2-2
Added Pin To Net: NetName=GND Pin=P3-1
Added Pin To Net: NetName=GND Pin=P3-2
Add Pin To Net: Unknown Pin: Pin VIT1-VIT1
Add Pin To Net: Unknown Pin: Pin VIT2-VIT1
Add Pin To Net: Unknown Pin: Pin VIT3-VIT1
Add Pin To Net: Unknown Pin: Pin VIT4-VIT1
Added Member To Class: ClassName=Power_supply Member=Component P4 BIG_Header 2
Added Member To Class: ClassName=Power_supply Member=Component P5 Header 3X2
Added Member To Class: ClassName=Power_supply Member=Component P6 Header 2X2
