Change Component Designator: OldDesignator=q NewDesignator=P4
Added Component: Designator=C?(HDR2)
Add component (AddParameter): Name = "ComponentLink1 Description"; Value = "Manufacturer"; VariantName = "[No Variations]"
Add component (AddParameter): Name = "ComponentLink1URL"; Value = "http://www.we-online.com"; VariantName = "[No Variations]"
Add component (AddParameter): Name = "ComponentLink2 Description"; Value = "Datasheet"; VariantName = "[No Variations]"
Add component (AddParameter): Name = "ComponentLink2URL"; Value = "http://katalog.we-online.de/em/datasheet/6130xx143121.pdf"; VariantName = "[No Variations]"
Add component (AddParameter): Name = "Created by"; Value = "Karrer Zheng"; VariantName = "[No Variations]"
Add component (AddParameter): Name = "Created Date"; Value = "29 March 2013"; VariantName = "[No Variations]"
Add component (AddParameter): Name = "Manufacturer"; Value = "W¨¹rth Elektronik eiSos GmbH"; VariantName = "[No Variations]"
Add component (AddParameter): Name = "NoPins"; Value = "02"; VariantName = "[No Variations]"
Add component (AddParameter): Name = "partNo"; Value = "613002143121"; VariantName = "[No Variations]"
Added Component: Designator=U1(VQFN-16)
Added Pin To Net: NetName=NetC5_2 Pin=U1-1
Added Pin To Net: NetName=MPPSET Pin=U1-2
Added Pin To Net: NetName=NetLED1_3 Pin=U1-3
Added Pin To Net: NetName=NetR5_1 Pin=U1-4
Added Pin To Net: NetName=NetLED1_4 Pin=U1-5
Added Pin To Net: NetName=TERM_EN Pin=U1-6
Added Pin To Net: NetName=TERM_EN Pin=U1-7
Added Pin To Net: NetName=NetC15_1 Pin=U1-8
Added Pin To Net: NetName=SRN Pin=U1-9
Added Pin To Net: NetName=SRP Pin=U1-10
Added Pin To Net: NetName=GND Pin=U1-11
Added Pin To Net: NetName=NetC10_2 Pin=U1-12
Added Pin To Net: NetName=LODRV Pin=U1-13
Added Pin To Net: NetName=PH Pin=U1-14
Added Pin To Net: NetName=HIDRV Pin=U1-15
Added Pin To Net: NetName=BTST Pin=U1-16
Added Pin To Net: NetName=GND Pin=U1-17
Add Pin To Net: Unknown Pin: Pin VIT1-VIT1
Add Pin To Net: Unknown Pin: Pin VIT2-VIT1
Add Pin To Net: Unknown Pin: Pin VIT3-VIT1
Add Pin To Net: Unknown Pin: Pin VIT4-VIT1
Added Member To Class: ClassName=Power_supply Member=Component C? Header2
Added Member To Class: ClassName=Power_supply Member=Component P10 GND
Added Member To Class: ClassName=Power_supply Member=Component U1 BQ24650
