Change Component Designator: Old Designator=C22 New Designator=C18
Change Component Designator: Old Designator=C23 New Designator=C19
Change Component Designator: Old Designator=C24 New Designator=C20
Change Component Designator: Old Designator=C25 New Designator=C21
Change Component Designator: Old Designator=J2 New Designator=J1
Change Component Designator: Old Designator=P2 New Designator=P3
Change Component Designator: Old Designator=P3 New Designator=P4
Change Component Designator: Old Designator=P4 New Designator=P5
Change Component Designator: Old Designator=P5 New Designator=P6
Change Component Designator: Old Designator=P6 New Designator=P7
Change Component Designator: Old Designator=P7 New Designator=P8
Change Component Designator: Old Designator=P8 New Designator=P9
Change Component Designator: Old Designator=P9 New Designator=P10
Change Component Designator: Old Designator=P10 New Designator=P11
Change Component Designator: Old Designator=P11 New Designator=P12
Change Component Designator: Old Designator=P? New Designator=P2
Change Component Designator: Old Designator=Q4 New Designator=Q2
Change Component Designator: Old Designator=Q5 New Designator=Q3
Change Component Designator: Old Designator=R20 New Designator=R5
Change Component Designator: Old Designator=R22 New Designator=R8
Change Component Designator: Old Designator=R23 New Designator=R9
Change Component Designator: Old Designator=R24 New Designator=R11
Change Component Designator: Old Designator=R25 New Designator=R12
Change Component Designator: Old Designator=R26 New Designator=R16
Change Component Designator: Old Designator=R27 New Designator=R18
Change Component Designator: Old Designator=R30 New Designator=R20
Change Component Designator: Old Designator=SW2 New Designator=SW1
Change Component Designator: Old Designator=U3 New Designator=U2
