Removed Pin From Net: NetName=GND Pin=C20-1
Removed Pin From Net: NetName=GND Pin=C21-1
Removed Pin From Net: NetName=GND Pin=C25-1
Removed Pin From Net: NetName=3V3 Pin=C25-2
Removed Pin From Net: NetName=V_LOAD Pin=J1-2
Removed Pin From Net: NetName=GND Pin=L2-2
Removed Pin From Net: NetName=3V3 Pin=P11-1
Removed Pin From Net: NetName=GND Pin=P11-2
Removed Pin From Net: NetName=GND Pin=Q3-2
Removed Pin From Net: NetName=3V3 Pin=R11-1
Removed Pin From Net: NetName=3V3 Pin=R12-1
Removed Pin From Net: NetName=GND Pin=R16-1
Removed Pin From Net: NetName=TERM_EN Pin=R16-2
Removed Pin From Net: NetName=3V3 Pin=R18-1
Removed Pin From Net: NetName=GND Pin=R28-2
Removed Pin From Net: NetName=GND Pin=R29-2
Removed Pin From Net: NetName=VREF Pin=SW1-1
Removed Pin From Net: NetName=TERM_EN Pin=SW1-2
Removed Pin From Net: NetName=GND Pin=SW1-3
Removed Pin From Net: NetName=3V3 Pin=U2-6
Removed Pin From Net: NetName=GND Pin=U2-7
Removed Pin From Net: NetName=3V3 Pin=U2-8
Removed Member From Class: ClassName=TI_EVM Member=C21
Removed Member From Class: ClassName=TI_EVM Member=C22
Removed Member From Class: ClassName=TI_EVM Member=C23
Removed Member From Class: ClassName=TI_EVM Member=C24
Removed Member From Class: ClassName=TI_EVM Member=C25
Removed Member From Class: ClassName=TI_EVM Member=J2
Removed Member From Class: ClassName=TI_EVM Member=J3
Removed Member From Class: ClassName=TI_EVM Member=L2
Removed Member From Class: ClassName=TI_EVM Member=Q5
Removed Member From Class: ClassName=TI_EVM Member=R22
Removed Member From Class: ClassName=TI_EVM Member=R23
Removed Member From Class: ClassName=TI_EVM Member=R24
Removed Member From Class: ClassName=TI_EVM Member=R25
Removed Member From Class: ClassName=TI_EVM Member=R26
Removed Member From Class: ClassName=TI_EVM Member=R27
Removed Member From Class: ClassName=TI_EVM Member=R28
Removed Member From Class: ClassName=TI_EVM Member=R29
Removed Member From Class: ClassName=TI_EVM Member=R30
Removed Member From Class: ClassName=TI_EVM Member=SW2
Removed Member From Class: ClassName=TI_EVM Member=U3
Change Component Designator: OldDesignator=C22 NewDesignator=C18
Change Component Designator: OldDesignator=C23 NewDesignator=C19
Change Component Designator: OldDesignator=C24 NewDesignator=C20
Change Component Designator: OldDesignator=J2 NewDesignator=J1
Change Component Designator: OldDesignator=P2 NewDesignator=P3
Change Component Designator: OldDesignator=P3 NewDesignator=P4
Change Component Designator: OldDesignator=P4 NewDesignator=P5
Change Component Designator: OldDesignator=P5 NewDesignator=P6
Change Component Designator: OldDesignator=P6 NewDesignator=P7
Change Component Designator: OldDesignator=P7 NewDesignator=P8
Change Component Designator: OldDesignator=P8 NewDesignator=P9
Change Component Designator: OldDesignator=P9 NewDesignator=P10
Change Component Designator: OldDesignator=P10 NewDesignator=P11
Change Component Designator: OldDesignator=Q4 NewDesignator=Q2
Change Component Designator: OldDesignator=Q5 NewDesignator=Q3
Change Component Designator: OldDesignator=R20 NewDesignator=R5
Change Component Designator: OldDesignator=R22 NewDesignator=R8
Change Component Designator: OldDesignator=R23 NewDesignator=R9
Change Component Designator: OldDesignator=R24 NewDesignator=R11
Change Component Designator: OldDesignator=R25 NewDesignator=R12
Change Component Designator: OldDesignator=R26 NewDesignator=R16
Change Component Designator: OldDesignator=R27 NewDesignator=R18
Change Component Designator: OldDesignator=R30 NewDesignator=R20
Change Component Designator: OldDesignator=SW2 NewDesignator=SW1
Change Component Designator: OldDesignator=U3 NewDesignator=U2
Add Component: Footprint Not Found Fuse1A
Added Component: Designator=P2(HDR1X3)
Add component (AddParameter): Name = "LatestRevisionDate"; Value = "17-Jul-2002"; VariantName = "[No Variations]"
Add component (AddParameter): Name = "LatestRevisionNote"; Value = "Re-released for DXP Platform."; VariantName = "[No Variations]"
Add component (AddParameter): Name = "Publisher"; Value = "Altium Limited"; VariantName = "[No Variations]"
Added Component: Designator=R?(RES-SMD-0805)
Add component (AddParameter): Name = "Class"; Value = "Passive"; VariantName = "[No Variations]"
Add component (AddParameter): Name = "Manufacturer"; Value = "Generic Components"; VariantName = "[No Variations]"
Add component (AddParameter): Name = "Published"; Value = "08/06/2000"; VariantName = "[No Variations]"
Add component (AddParameter): Name = "Publisher"; Value = "Altium Hobart Technology Centre"; VariantName = "[No Variations]"
Add Pin To Net: Unknown Pin: Pin F1-1
Add Pin To Net: Unknown Pin: Pin F1-2
Added Pin To Net: NetName=GND Pin=P2-1
Added Pin To Net: NetName=TERM_EN Pin=P2-2
Added Pin To Net: NetName=VREF Pin=P2-3
Added Pin To Net: NetName=GND Pin=R?-1
Added Pin To Net: NetName=TERM_EN Pin=R?-2
Change Net Name : Old Net Name=NetC24_2 New Net Name=NetC20_2
Change Net Name : Old Net Name=NetP2_2 New Net Name=NetP3_2
Change Net Name : Old Net Name=NetP2_3 New Net Name=NetP3_3
Change Net Name : Old Net Name=NetR20_2 New Net Name=NetR5_2
Change Net Name : Old Net Name=NetR24_2 New Net Name=NetR11_2
Change Net Name : Old Net Name=NetR27_1 New Net Name=NetR18_1
Added Pin To Net: NetName=V_BATT Pin=F2-2
Added Pin To Net: NetName=V_BATT Pin=Q2-2
Added Net: Name=V_BATT
Add Class Member: Failed to add class member : Component F1 F100
Added Member To Class: ClassName=TI_EVM Member=Component R? 30.1k
