Change Component Comment : Designator=D1 Old Comment=1N5822 New Comment=1N5824
Change Component Comment : Designator=L1 Old Comment=10uH New Comment=15uH
Change Component Comment : Designator=C11 Old Comment=104 New Comment=0.1uF
Change Component Comment : Designator=C15 Old Comment=104 New Comment=0.1uF
Change Component Comment : Designator=C2 Old Comment=106 New Comment=10uF
Change Component Comment : Designator=C3 Old Comment=106 New Comment=10uF
Change Component Comment : Designator=R21 Old Comment=1000 New Comment=1k
Change Component Comment : Designator=F2 Old Comment=F1A New Comment=F5A
Change Component Comment : Designator=F1 Old Comment=Fuse New Comment=F5A
Change Component Comment : Designator=Q2 Old Comment=MOSFET-P New Comment=Sud50p06
Change Component Comment : Designator=Q3 Old Comment=MOSFET-P New Comment=Sud50p06
Change Component Description : Designator=Q2 Old Description= New Description=Sud50p06
Change Component Description : Designator=Q3 Old Description= New Description=Sud50p06
Change Component Description : Designator=C4 Old Description=Capacitor New Description=C_0805
Change Component Description : Designator=C5 Old Description=Capacitor New Description=C_0805
Change Component Description : Designator=C6 Old Description=Capacitor New Description=C_0805
Change Component Description : Designator=C10 Old Description=Capacitor New Description=C_0805
Change Component Description : Designator=C11 Old Description=Capacitor New Description=C_0805
Change Component Description : Designator=C12 Old Description=Capacitor New Description=C_0805
Change Component Description : Designator=C14 Old Description=Capacitor New Description=C_0805
Change Component Description : Designator=C15 Old Description=Capacitor New Description=C_0805
Change Component Description : Designator=C16 Old Description=Capacitor New Description=C_0805
Change Component Description : Designator=C17 Old Description=Capacitor New Description=C_0805
Change Component Description : Designator=C7 Old Description=Capacitor New Description=C_1206
Change Component Description : Designator=C8 Old Description=Capacitor New Description=C_1206
Change Component Description : Designator=C9 Old Description=Capacitor New Description=C_1206
Change Component Description : Designator=C13 Old Description=Capacitor New Description=C_1206
Change Component Description : Designator=F1 Old Description=Fuse New Description=Fuse 5A
Change Component Description : Designator=R3 Old Description=Resistor - SMD 0805 New Description=R_0805
Change Component Description : Designator=R4 Old Description=Resistor - SMD 0805 New Description=R_0805
Change Component Description : Designator=R5 Old Description=Resistor - SMD 0805 New Description=R_0805
Change Component Description : Designator=R7 Old Description=Resistor - SMD 0805 New Description=R_0805
Change Component Description : Designator=R10 Old Description=Resistor - SMD 0805 New Description=R_0805
Change Component Description : Designator=R13 Old Description=Resistor - SMD 0805 New Description=R_0805
Change Component Description : Designator=R14 Old Description=Resistor - SMD 0805 New Description=R_0805
Change Component Description : Designator=R15 Old Description=Resistor - SMD 0805 New Description=R_0805
Change Component Description : Designator=R17 Old Description=Resistor - SMD 0805 New Description=R_0805
Change Component Description : Designator=R19 Old Description=Resistor - SMD 0805 New Description=R_0805
Change Component Description : Designator=R21 Old Description=Resistor - SMD 0805 New Description=R_0805
Change Component Description : Designator=R1 Old Description=Resistor - SMD 2512 New Description=R_2512
Change Component Description : Designator=R2 Old Description=Resistor - SMD 2512 New Description=R_2512
Change Component Description : Designator=R6 Old Description=Resistor - SMD 2512 New Description=R_2512
Change Component Description : Designator=R8 Old Description=Resistor SMD New Description=R_0805
Change Component Description : Designator=R9 Old Description=Resistor SMD New Description=R_0805
Change Component Description : Designator=R11 Old Description=Resistor SMD New Description=R_0805
Change Component Description : Designator=R12 Old Description=Resistor SMD New Description=R_0805
Change Component Description : Designator=R16 Old Description=Resistor SMD New Description=R_0805
Change Component Description : Designator=R18 Old Description=Resistor SMD New Description=R_0805
Change Component Description : Designator=R20 Old Description=Resistor SMD New Description=R_0805
Change Component Description : Designator=R22 Old Description=Resistor SMD New Description=R_0805
Change Component Description : Designator=R23 Old Description=Resistor SMD New Description=R_0805
Change Component Description : Designator=D2 Old Description=Schottky Rectifiers New Description=S4 Diode Schottky 1A 40V
Change Component Description : Designator=D1 Old Description=Schottky Rectifiers New Description=SS54 Diode Schottky 5A 40V
Change Component Kind : Designator=TP6 Old Kind=Standard New Kind=Standard (No BOM)
Change Component Kind : Designator=TP5 Old Kind=Standard New Kind=Standard (No BOM)
Change Component Kind : Designator=TP7 Old Kind=Standard New Kind=Standard (No BOM)
Change Component Kind : Designator=TP9 Old Kind=Standard New Kind=Standard (No BOM)
Change Component Kind : Designator=TP8 Old Kind=Standard New Kind=Standard (No BOM)
Change Component Kind : Designator=TP1 Old Kind=Standard New Kind=Standard (No BOM)
Change Component Kind : Designator=J1 Old Kind=Standard New Kind=Standard (No BOM)
Change Component Kind : Designator=TP2 Old Kind=Standard New Kind=Standard (No BOM)
Change Component Kind : Designator=TP4 Old Kind=Standard New Kind=Standard (No BOM)
Change Component Kind : Designator=TP3 Old Kind=Standard New Kind=Standard (No BOM)
Added Component: Designator=J2(JP2)
Add component (AddParameter): Name = "Value"; Value = "JP 2"; VariantName = "[No Variations]"
Added Pin To Net: NetName=V_BATT Pin=J2-1
Added Pin To Net: NetName=V_LOAD Pin=J2-2
Added Member To Class: ClassName=TI_EVM Member=Component J2 Jumper 2
