Removed Pin From Net: NetName=GND Pin=U1-4
Change Component Designator: OldDesignator=C32 NewDesignator=C33
Change Component Designator: OldDesignator=C33 NewDesignator=C32
Change Component Designator: OldDesignator=R? NewDesignator=R30
Change Component Designator: OldDesignator=R? NewDesignator=R31
Change Component Designator: OldDesignator=R? NewDesignator=R32
Change Component Designator: OldDesignator=R? NewDesignator=R33
Change Component Designator: OldDesignator=R? NewDesignator=R34
Change Component Designator: OldDesignator=R? NewDesignator=R35
Change Component Designator: OldDesignator=R? NewDesignator=R36
Change Component Designator: OldDesignator=R? NewDesignator=R37
Change Component Designator: OldDesignator=R? NewDesignator=R38
Add Component: Footprint Not Found JP6-D1T
Add Component: Footprint Not Found Fuse1A
Add Component: Footprint Not Found IPD90P03P4L04ATMA2
Added Component: Designator=U5(SO-8)
Add component (AddParameter): Name = "Supplier 1"; Value = "Digi-Key"; VariantName = "[No Variations]"
Add component (AddParameter): Name = "Supplier Part Number 1"; Value = "LM393MXFSDKR-ND"; VariantName = "[No Variations]"
Add Pin To Net: Unknown Pin: Pin C1-1
Add Pin To Net: Unknown Pin: Pin C1-2
Add Pin To Net: Unknown Pin: Pin C1-3
Add Pin To Net: Unknown Pin: Pin C1-4
Add Pin To Net: Unknown Pin: Pin C1-5
Add Pin To Net: Unknown Pin: Pin C1-6
Add Pin To Net: Unknown Pin: Pin F1-1
Add Pin To Net: Unknown Pin: Pin F1-2
Add Pin To Net: Unknown Pin: Pin Q2-1
Add Pin To Net: Unknown Pin: Pin Q2-2
Add Pin To Net: Unknown Pin: Pin Q2-3
Added Pin To Net: NetName=GND Pin=U5-4
Added Pin To Net: NetName=NetR30_1 Pin=R30-1
Added Pin To Net: NetName=NetR30_1 Pin=R32-1
Added Pin To Net: NetName=NetR30_1 Pin=U5-1
Added Pin To Net: NetName=NetR30_1 Pin=U5-6
Added Net: Name=NetR30_1
Added Pin To Net: NetName=NetR30_2 Pin=R30-2
Added Pin To Net: NetName=NetR30_2 Pin=R31-2
Added Pin To Net: NetName=NetR30_2 Pin=R37-1
Added Pin To Net: NetName=NetR30_2 Pin=U5-3
Added Net: Name=NetR30_2
Added Pin To Net: NetName=NetR31_1 Pin=R31-1
Added Pin To Net: NetName=NetR31_1 Pin=R32-2
Added Pin To Net: NetName=NetR31_1 Pin=R33-2
Added Pin To Net: NetName=NetR31_1 Pin=R34-2
Added Pin To Net: NetName=NetR31_1 Pin=U5-8
Added Net: Name=NetR31_1
Added Pin To Net: NetName=NetR33_1 Pin=R33-1
Added Pin To Net: NetName=NetR33_1 Pin=R38-2
Added Pin To Net: NetName=NetR33_1 Pin=U5-5
Added Net: Name=NetR33_1
Added Pin To Net: NetName=NetR34_1 Pin=R34-1
Added Pin To Net: NetName=NetR34_1 Pin=U5-7
Added Net: Name=NetR34_1
Added Pin To Net: NetName=NetR35_2 Pin=R35-2
Added Pin To Net: NetName=NetR35_2 Pin=R36-1
Added Pin To Net: NetName=NetR35_2 Pin=U5-2
Added Net: Name=NetR35_2
Add Class Member: Failed to add class member : Component C1 JP6
Add Class Member: Failed to add class member : Component F1 F100
Add Class Member: Failed to add class member : Component Q2 SUD50P06-15-GE3
Added Member To Class: ClassName=TI_EVM Member=Component R30 750k
Added Member To Class: ClassName=TI_EVM Member=Component R31 51k
Added Member To Class: ClassName=TI_EVM Member=Component R32 10k
Added Member To Class: ClassName=TI_EVM Member=Component R33 10k
Added Member To Class: ClassName=TI_EVM Member=Component R34 10k
Added Member To Class: ClassName=TI_EVM Member=Component R35 82k
Added Member To Class: ClassName=TI_EVM Member=Component R37 68k
Added Member To Class: ClassName=TI_EVM Member=Component R38 10k
Added Member To Class: ClassName=TI_EVM Member=Component U5 LM393-SPLIT
