Change Component Designator: Old Designator=C33 New Designator=C25
Change Component Designator: Old Designator=C? New Designator=C24
Change Component Designator: Old Designator=D? New Designator=D3
Change Component Designator: Old Designator=D? New Designator=D6
Change Component Designator: Old Designator=P4 New Designator=P3
Change Component Designator: Old Designator=P5 New Designator=P4
Change Component Designator: Old Designator=P6 New Designator=P5
Change Component Designator: Old Designator=P7 New Designator=P6
Change Component Designator: Old Designator=P8 New Designator=P7
Change Component Designator: Old Designator=P9 New Designator=P8
Change Component Designator: Old Designator=P10 New Designator=P9
Change Component Designator: Old Designator=P11 New Designator=P10
Change Component Designator: Old Designator=P12 New Designator=P11
Change Component Designator: Old Designator=Q? New Designator=Q4
Change Component Designator: Old Designator=Q? New Designator=Q5
Change Component Designator: Old Designator=R12 New Designator=R11
Change Component Designator: Old Designator=R18 New Designator=R12
Change Component Designator: Old Designator=R20 New Designator=R18
Change Component Designator: Old Designator=R? New Designator=R20
Change Component Designator: Old Designator=R? New Designator=R22
Change Component Designator: Old Designator=R? New Designator=R23
Change Component Designator: Old Designator=R? New Designator=R24
Change Component Designator: Old Designator=R? New Designator=R25
Change Component Designator: Old Designator=R? New Designator=R26
Change Component Designator: Old Designator=R? New Designator=R27
Change Component Designator: Old Designator=R? New Designator=R30
Change Component Designator: Old Designator=SW? New Designator=SW2
Change Component Designator: Old Designator=U4 New Designator=U2
Change Component Designator: Old Designator=U? New Designator=U3
