Removed Member From Class: ClassName=TI_EVM Member=D5
Removed Member From Class: ClassName=TI_EVM Member=D6
Change Component Designator: OldDesignator=D6 NewDesignator=D4
Change Component Designator: OldDesignator=R12 NewDesignator=R18
Change Component Designator: OldDesignator=R18 NewDesignator=R20
Change Component Designator: OldDesignator=R20 NewDesignator=R22
Change Component Designator: OldDesignator=R22 NewDesignator=R23
Added Component: Designator=LED1(LED RGB 3528)
Add component (AddParameter): Name = "Color"; Value = "Red & Green & Blue"; VariantName = "[No Variations]"
Add component (AddParameter): Name = "ComponentLink1Description"; Value = "Manufacturer"; VariantName = "[No Variations]"
Add component (AddParameter): Name = "ComponentLink1URL"; Value = "http://www.we-online.de"; VariantName = "[No Variations]"
Add component (AddParameter): Name = "ComponentLink2Description"; Value = "Datasheet"; VariantName = "[No Variations]"
Add component (AddParameter): Name = "ComponentLink2URL"; Value = "http://katalog.we-online.com/led/datasheet/150141M173100.pdf"; VariantName = "[No Variations]"
Add component (AddParameter): Name = "Created by"; Value = "Christin Otto"; VariantName = "[No Variations]"
Add component (AddParameter): Name = "Created Date"; Value = "June 2013"; VariantName = "[No Variations]"
Add component (AddParameter): Name = "Manufacturer"; Value = "Würth Elektronik eiSos GmbH"; VariantName = "[No Variations]"
Add component (AddParameter): Name = "PartNo"; Value = "150141M173100"; VariantName = "[No Variations]"
Added Component: Designator=LED2(LED 3512)
Add component (AddParameter): Name = "Value"; Value = "LED 3 - 5 ly 2 Colour"; VariantName = "[No Variations]"
Added Component: Designator=R12(RES-SMD-0805)
Add component (AddParameter): Name = "Class"; Value = "Passive"; VariantName = "[No Variations]"
Add component (AddParameter): Name = "Manufacturer"; Value = "Generic Components"; VariantName = "[No Variations]"
Add component (AddParameter): Name = "Published"; Value = "08/06/2000"; VariantName = "[No Variations]"
Add component (AddParameter): Name = "Publisher"; Value = "Altium Hobart Technology Centre"; VariantName = "[No Variations]"
Added Pin To Net: NetName=V_LOAD Pin=LED2-1
Added Pin To Net: NetName=NetD6_1 Pin=R12-2
Change Net Name : Old Net Name=NetD6_1 New Net Name=NetD4_1
Change Net Name : Old Net Name=NetR20_1 New Net Name=NetR22_1
Added Pin To Net: NetName=NetLED1_1 Pin=LED1-1
Added Pin To Net: NetName=NetLED1_1 Pin=R21-1
Added Net: Name=NetLED1_1
Added Pin To Net: NetName=NetLED1_3 Pin=LED1-3
Added Pin To Net: NetName=NetLED1_3 Pin=U1-3
Added Net: Name=NetLED1_3
Added Pin To Net: NetName=NetLED1_4 Pin=LED1-4
Added Pin To Net: NetName=NetLED1_4 Pin=U1-5
Added Net: Name=NetLED1_4
Added Pin To Net: NetName=NetLED2_2 Pin=LED2-2
Added Pin To Net: NetName=NetLED2_2 Pin=R12-1
Added Net: Name=NetLED2_2
Added Member To Class: ClassName=TI_EVM Member=Component LED1 150141M173100
Added Member To Class: ClassName=TI_EVM Member=Component LED2 LED
Added Member To Class: ClassName=TI_EVM Member=Component R23 115k
