Removed Pin From Net: NetName=GND Pin=C16-1
Removed Pin From Net: NetName=TERM_EN Pin=C16-2
Removed Pin From Net: NetName=GND Pin=P1-1
Removed Pin From Net: NetName=TERM_EN Pin=P1-2
Removed Pin From Net: NetName=TERM_EN Pin=P1-3
Removed Pin From Net: NetName=GND Pin=R16-1
Removed Pin From Net: NetName=TERM_EN Pin=R16-2
Removed Member From Class: ClassName=TI_EVM Member=C16
Removed Member From Class: ClassName=TI_EVM Member=P1
Removed Member From Class: ClassName=TI_EVM Member=R16
Added Member To Class: ClassName=TI_EVM Member=Component P2 TP
Added Member To Class: ClassName=TI_EVM Member=Component P3 TP
Added Member To Class: ClassName=TI_EVM Member=Component P5 TP
Added Member To Class: ClassName=TI_EVM Member=Component P7 TP
Added Member To Class: ClassName=TI_EVM Member=Component P9 TP
Added Member To Class: ClassName=TI_EVM Member=Component R5 10k
Added Member To Class: ClassName=TI_EVM Member=Component R9 10R
Added Member To Class: ClassName=TI_EVM Member=Component R12 100k
Added Member To Class: ClassName=TI_EVM Member=Component R18 10k
Added Member To Class: ClassName=TI_EVM Member=Component R20 100k
Added Member To Class: ClassName=TI_EVM Member=Component R23 100R
