Removed Pin From Net: NetName=TX_2 Pin=P6-7
Removed Pin From Net: NetName=SDA_2 Pin=P6-8
Removed Pin From Net: NetName=RX_2 Pin=P6-9
Removed Pin From Net: NetName=SCL_2 Pin=P6-10
Removed Pin From Net: NetName=TX_1 Pin=P6-11
Removed Pin From Net: NetName=TX_1 Pin=P6-12
Removed Pin From Net: NetName=RX_1 Pin=P6-13
Removed Pin From Net: NetName=RX_1 Pin=P6-14
Added Pin To Net: NetName=TX_2 Pin=P6-1
Added Pin To Net: NetName=SDA_2 Pin=P6-2
Added Pin To Net: NetName=RX_2 Pin=P6-3
Added Pin To Net: NetName=SCL_2 Pin=P6-4
Added Pin To Net: NetName=TX_1 Pin=P6-5
Added Pin To Net: NetName=TX_1 Pin=P6-6
Added Pin To Net: NetName=RX_1 Pin=P6-7
Added Pin To Net: NetName=RX_1 Pin=P6-8
Added Pin To Net: NetName=SCL Pin=P6-9
Added Pin To Net: NetName=SDA Pin=P6-10
Added Pin To Net: NetName=SCL Pin=P6-11
Added Pin To Net: NetName=SDA Pin=P6-12
Added Pin To Net: NetName=SCL Pin=P6-13
Added Pin To Net: NetName=SDA Pin=P6-14
