Removed Pin From Net: NetName=5V_F Pin=C25-2
Removed Pin From Net: NetName=5V_F Pin=C27-1
Removed Pin From Net: NetName=5V_F Pin=C32-2
Removed Pin From Net: NetName=5V_F Pin=D6-2
Removed Pin From Net: NetName=5V Pin=F3-1
Removed Pin From Net: NetName=5V_F Pin=F3-2
Removed Pin From Net: NetName=5V_F Pin=U3-3
Removed Member From Class: ClassName=Source Member=F3
Add Component: Footprint Not Found JP6-D1T
Add Component: Footprint Not Found Fuse1A
Add Component: Footprint Not Found IPD90P03P4L04ATMA2
Add Pin To Net: Unknown Pin: Pin C1-1
Add Pin To Net: Unknown Pin: Pin C1-2
Add Pin To Net: Unknown Pin: Pin C1-3
Add Pin To Net: Unknown Pin: Pin C1-4
Add Pin To Net: Unknown Pin: Pin C1-5
Add Pin To Net: Unknown Pin: Pin C1-6
Added Pin To Net: NetName=5V Pin=C25-2
Added Pin To Net: NetName=5V Pin=C27-1
Added Pin To Net: NetName=5V Pin=C32-2
Added Pin To Net: NetName=5V Pin=D6-2
Add Pin To Net: Unknown Pin: Pin F1-1
Add Pin To Net: Unknown Pin: Pin F1-2
Add Pin To Net: Unknown Pin: Pin Q1-1
Add Pin To Net: Unknown Pin: Pin Q1-2
Add Pin To Net: Unknown Pin: Pin Q1-3
Added Pin To Net: NetName=5V Pin=U3-3
Add Class Member: Failed to add class member : Component C1 JP6
Add Class Member: Failed to add class member : Component F1 F100
Add Class Member: Failed to add class member : Component Q1 SUD50P06-15-GE3
