Removed Pin From Net: NetName=TS Pin=C13-3
Change Component Designator: OldDesignator=C14 NewDesignator=C13
Change Component Designator: OldDesignator=C15 NewDesignator=C14
Change Component Designator: OldDesignator=C16 NewDesignator=C15
Change Component Designator: OldDesignator=C17 NewDesignator=C16
Change Component Designator: OldDesignator=C18 NewDesignator=C17
Change Component Designator: OldDesignator=C19 NewDesignator=C18
Change Component Designator: OldDesignator=C20 NewDesignator=C19
Change Component Designator: OldDesignator=C21 NewDesignator=C20
Change Component Designator: OldDesignator=C22 NewDesignator=C21
Change Component Designator: OldDesignator=C23 NewDesignator=C22
Change Component Designator: OldDesignator=C24 NewDesignator=C23
Change Component Designator: OldDesignator=C25 NewDesignator=C24
Change Component Designator: OldDesignator=C26 NewDesignator=C25
Change Component Designator: OldDesignator=C28 NewDesignator=C27
Change Component Designator: OldDesignator=P2 NewDesignator=P3
Add Component: Footprint Not Found JP6-D1T
Add Component: Footprint Not Found 0805 CAP
Add Component: Footprint Not Found Fuse1A
Add Component: Footprint Not Found SOIC127P600X175-8N
Added Component: Designator=P2(HDR1X3)
Add component (AddParameter): Name = "LatestRevisionDate"; Value = "17-Jul-2002"; VariantName = "[No Variations]"
Add component (AddParameter): Name = "LatestRevisionNote"; Value = "Re-released for DXP Platform."; VariantName = "[No Variations]"
Add component (AddParameter): Name = "Publisher"; Value = "Altium Limited"; VariantName = "[No Variations]"
Add Component: Footprint Not Found IPD90P03P4L04ATMA2
Add Component: Footprint Not Found IPD90P03P4L04ATMA2
Add Component: Footprint Not Found IPD90P03P4L04ATMA2
Add Component: Footprint Not Found RES-SMD-0805
Add Component: Footprint Not Found RES-SMD-0805
Add Component: Footprint Not Found RES-SMD-0805
Add Component: Footprint Not Found RES-SMD-0805
Add Component: Footprint Not Found SW2-DIP
Add Component: Footprint Not Found DIODE ZENER SMD
Add Component: Footprint Not Found DIODE ZENER SMD
Add Pin To Net: Unknown Pin: Pin C1-1
Add Pin To Net: Unknown Pin: Pin C1-2
Add Pin To Net: Unknown Pin: Pin C1-3
Add Pin To Net: Unknown Pin: Pin C1-4
Add Pin To Net: Unknown Pin: Pin C1-5
Add Pin To Net: Unknown Pin: Pin C1-6
Add Pin To Net: Unknown Pin: Pin C26-1
Add Pin To Net: Unknown Pin: Pin C26-2
Add Pin To Net: Unknown Pin: Pin F1-1
Add Pin To Net: Unknown Pin: Pin F1-2
Add Pin To Net: Unknown Pin: Pin IC1-2
Add Pin To Net: Unknown Pin: Pin IC1-3
Add Pin To Net: Unknown Pin: Pin IC1-4
Add Pin To Net: Unknown Pin: Pin IC1-5
Add Pin To Net: Unknown Pin: Pin IC1-8
Added Pin To Net: NetName=TS Pin=P2-1
Add Pin To Net: Unknown Pin: Pin Q1-1
Add Pin To Net: Unknown Pin: Pin Q1-2
Add Pin To Net: Unknown Pin: Pin Q1-3
Add Pin To Net: Unknown Pin: Pin Q2-5_6_7_8
Add Pin To Net: Unknown Pin: Pin Q3-5_6_7_8
Add Pin To Net: Unknown Pin: Pin Q5-1
Add Pin To Net: Unknown Pin: Pin Q5-2
Add Pin To Net: Unknown Pin: Pin Q5-3
Add Pin To Net: Unknown Pin: Pin Q6-1
Add Pin To Net: Unknown Pin: Pin Q6-2
Add Pin To Net: Unknown Pin: Pin Q6-3
Add Pin To Net: Unknown Pin: Pin R16-1
Add Pin To Net: Unknown Pin: Pin R16-2
Add Pin To Net: Unknown Pin: Pin R22-1
Add Pin To Net: Unknown Pin: Pin R22-2
Add Pin To Net: Unknown Pin: Pin R24-1
Add Pin To Net: Unknown Pin: Pin R24-2
Add Pin To Net: Unknown Pin: Pin R25-1
Add Pin To Net: Unknown Pin: Pin R25-2
Add Pin To Net: Unknown Pin: Pin SW1-1
Add Pin To Net: Unknown Pin: Pin SW1-2
Add Pin To Net: Unknown Pin: Pin SW1-3
Add Pin To Net: Unknown Pin: Pin SW1-4
Add Pin To Net: Unknown Pin: Pin Z1-1
Add Pin To Net: Unknown Pin: Pin Z1-2
Add Pin To Net: Unknown Pin: Pin Z2-1
Add Pin To Net: Unknown Pin: Pin Z2-2
Change Net Name : Old Net Name=NetC16_1 New Net Name=NetC15_1
Change Net Name : Old Net Name=NetC20_2 New Net Name=NetC19_2
Change Net Name : Old Net Name=NetC22_1 New Net Name=NetC21_1
Change Net Name : Old Net Name=NetC22_2 New Net Name=NetC21_2
Change Net Name : Old Net Name=NetC24_2 New Net Name=NetC23_2
Change Net Name : Old Net Name=NetC27_2 New Net Name=NetC26_2
Added Pin To Net: NetName=NetP2_2 Pin=P2-2
Added Pin To Net: NetName=NetP2_2 Pin=U1-4
Added Net: Name=NetP2_2
Added Pin To Net: NetName=NetP2_3 Pin=P2-3
Added Pin To Net: NetName=NetP2_3 Pin=R4-1
Added Net: Name=NetP2_3
Add Class Member: Failed to add class member : Component C1 JP6
Added Member To Class: ClassName=Source Member=Component C8 10uF
Added Member To Class: ClassName=Source Member=Component C9 10uF
Added Member To Class: ClassName=Source Member=Component C11 104
Added Member To Class: ClassName=Source Member=Component C13 10uF
Added Member To Class: ClassName=Source Member=Component C14 10uF
Added Member To Class: ClassName=Source Member=Component C15 4.7uF
Added Member To Class: ClassName=Source Member=Component C16 104
Added Member To Class: ClassName=Source Member=Component C17 10uF
Added Member To Class: ClassName=Source Member=Component C18 22pF
Added Member To Class: ClassName=Source Member=Component C19 2.2uF
Added Member To Class: ClassName=Source Member=Component C20 10uF
Added Member To Class: ClassName=Source Member=Component C21 104
Added Member To Class: ClassName=Source Member=Component C22 104
Added Member To Class: ClassName=Source Member=Component C23 104
Added Member To Class: ClassName=Source Member=Component C25 107
Add Class Member: Failed to add class member : Component C26 0.47uF
Add Class Member: Failed to add class member : Component F1 F100
Add Class Member: Failed to add class member : Component IC1 MAX8212CSA+
Added Member To Class: ClassName=Source Member=Component P3 Header 8
Add Class Member: Failed to add class member : Component Q1 SUD50P06-15-GE3
Add Class Member: Failed to add class member : Component Q5 IPD90P03P4L04ATMA2
Add Class Member: Failed to add class member : Component Q6 IPD90P03P4L04ATMA2
Add Class Member: Failed to add class member : Component R16 DNF
Add Class Member: Failed to add class member : Component R22 1M
Add Class Member: Failed to add class member : Component R24 100R
Add Class Member: Failed to add class member : Component R25 100K
Add Class Member: Failed to add class member : Component SW1 SW
Add Class Member: Failed to add class member : Component Z1 Zener 12V
Add Class Member: Failed to add class member : Component Z2 Diode  Zener 5V
