Change Component Designator: Old Designator=C1 New Designator=C2
Change Component Designator: Old Designator=C2 New Designator=C3
Change Component Designator: Old Designator=C3 New Designator=C4
Change Component Designator: Old Designator=C4 New Designator=C7
Change Component Designator: Old Designator=C5 New Designator=C8
Change Component Designator: Old Designator=C6 New Designator=C9
Change Component Designator: Old Designator=C7 New Designator=C10
Change Component Designator: Old Designator=C8 New Designator=C11
Change Component Designator: Old Designator=C9 New Designator=C12
Change Component Designator: Old Designator=C10 New Designator=C13
Change Component Designator: Old Designator=C11 New Designator=C14
Change Component Designator: Old Designator=C12 New Designator=C15
Change Component Designator: Old Designator=C13 New Designator=C16
Change Component Designator: Old Designator=C14 New Designator=C17
Change Component Designator: Old Designator=C15 New Designator=C18
Change Component Designator: Old Designator=C16 New Designator=C19
Change Component Designator: Old Designator=C17 New Designator=C20
Change Component Designator: Old Designator=C18 New Designator=C1
Change Component Designator: Old Designator=C19 New Designator=C5
Change Component Designator: Old Designator=C20 New Designator=C6
Change Component Designator: Old Designator=C? New Designator=C23
Change Component Designator: Old Designator=F1 New Designator=F2
Change Component Designator: Old Designator=F2 New Designator=F1
Change Component Designator: Old Designator=IC? New Designator=IC1
Change Component Designator: Old Designator=Q4 New Designator=Q6
Change Component Designator: Old Designator=Q? New Designator=Q4
Change Component Designator: Old Designator=Q? New Designator=Q5
Change Component Designator: Old Designator=R16 New Designator=R18
Change Component Designator: Old Designator=R? New Designator=R16
Change Component Designator: Old Designator=R? New Designator=R17
Change Component Designator: Old Designator=R? New Designator=R19
Change Component Designator: Old Designator=R? New Designator=R20
Change Component Designator: Old Designator=R? New Designator=R21
Change Component Designator: Old Designator=R? New Designator=R22
Change Component Designator: Old Designator=R? New Designator=R23
Change Component Designator: Old Designator=R? New Designator=R24
Change Component Designator: Old Designator=SW? New Designator=SW1
Change Component Designator: Old Designator=TP2 New Designator=TP3
Change Component Designator: Old Designator=TP3 New Designator=TP2
Change Component Designator: Old Designator=Z? New Designator=Z1
Change Component Designator: Old Designator=Z? New Designator=Z2
