Add Component: Footprint Not Found JP6-D1T
Add Component: Footprint Not Found Fuse1A
Add Component: Footprint Not Found IPD90P03P4L04ATMA2
Add Pin To Net: Unknown Pin: Pin C1-1
Add Pin To Net: Unknown Pin: Pin C1-2
Add Pin To Net: Unknown Pin: Pin C1-3
Add Pin To Net: Unknown Pin: Pin C1-4
Add Pin To Net: Unknown Pin: Pin C1-5
Add Pin To Net: Unknown Pin: Pin C1-6
Add Pin To Net: Unknown Pin: Pin F1-1
Add Pin To Net: Unknown Pin: Pin F1-2
Added Pin To Net: NetName=RXD Pin=IC1-34
Added Pin To Net: NetName=TXD Pin=IC1-35
Add Pin To Net: Unknown Pin: Pin Q1-1
Add Pin To Net: Unknown Pin: Pin Q1-2
Add Pin To Net: Unknown Pin: Pin Q1-3
Add Class Member: Failed to add class member : Component C1 JP6
Add Class Member: Failed to add class member : Component F1 F100
Added Member To Class: ClassName=Controller Member=Component P6 Header 12X2
Added Member To Class: ClassName=Controller Member=Component P7 Header 3X2
Added Member To Class: ClassName=Controller Member=Component P8 Header 2X2
Add Class Member: Failed to add class member : Component Q1 SUD50P06-15-GE3
