Add Component: Footprint Not Found JP6-D1T
Added Component: Designator=C32(CAP_0805)
Add component (AddParameter): Name = "LatestRevisionDate"; Value = "17-Jul-2002"; VariantName = "[No Variations]"
Add component (AddParameter): Name = "LatestRevisionNote"; Value = "Re-released for DXP Platform."; VariantName = "[No Variations]"
Add component (AddParameter): Name = "PackageReference"; Value = "RAD-0.3"; VariantName = "[No Variations]"
Add component (AddParameter): Name = "Published"; Value = "8-Jun-2000"; VariantName = "[No Variations]"
Add component (AddParameter): Name = "Publisher"; Value = "Altium Limited"; VariantName = "[No Variations]"
Add component (AddParameter): Name = "Value"; Value = "33p"; VariantName = "[No Variations]"
Added Component: Designator=C33(CAP_0805)
Add component (AddParameter): Name = "LatestRevisionDate"; Value = "17-Jul-2002"; VariantName = "[No Variations]"
Add component (AddParameter): Name = "LatestRevisionNote"; Value = "Re-released for DXP Platform."; VariantName = "[No Variations]"
Add component (AddParameter): Name = "PackageReference"; Value = "RAD-0.3"; VariantName = "[No Variations]"
Add component (AddParameter): Name = "Published"; Value = "8-Jun-2000"; VariantName = "[No Variations]"
Add component (AddParameter): Name = "Publisher"; Value = "Altium Limited"; VariantName = "[No Variations]"
Add component (AddParameter): Name = "Value"; Value = "33p"; VariantName = "[No Variations]"
Added Component: Designator=C34(CAP_0805)
Add component (AddParameter): Name = "LatestRevisionDate"; Value = "17-Jul-2002"; VariantName = "[No Variations]"
Add component (AddParameter): Name = "LatestRevisionNote"; Value = "Re-released for DXP Platform."; VariantName = "[No Variations]"
Add component (AddParameter): Name = "PackageReference"; Value = "RAD-0.3"; VariantName = "[No Variations]"
Add component (AddParameter): Name = "Published"; Value = "8-Jun-2000"; VariantName = "[No Variations]"
Add component (AddParameter): Name = "Publisher"; Value = "Altium Limited"; VariantName = "[No Variations]"
Add component (AddParameter): Name = "Value"; Value = "33p"; VariantName = "[No Variations]"
Added Component: Designator=C35(CAP_0805)
Add component (AddParameter): Name = "LatestRevisionDate"; Value = "17-Jul-2002"; VariantName = "[No Variations]"
Add component (AddParameter): Name = "LatestRevisionNote"; Value = "Re-released for DXP Platform."; VariantName = "[No Variations]"
Add component (AddParameter): Name = "PackageReference"; Value = "RAD-0.3"; VariantName = "[No Variations]"
Add component (AddParameter): Name = "Published"; Value = "8-Jun-2000"; VariantName = "[No Variations]"
Add component (AddParameter): Name = "Publisher"; Value = "Altium Limited"; VariantName = "[No Variations]"
Add component (AddParameter): Name = "Value"; Value = "33p"; VariantName = "[No Variations]"
Added Component: Designator=C36(CAP_0805)
Add component (AddParameter): Name = "LatestRevisionDate"; Value = "17-Jul-2002"; VariantName = "[No Variations]"
Add component (AddParameter): Name = "LatestRevisionNote"; Value = "Re-released for DXP Platform."; VariantName = "[No Variations]"
Add component (AddParameter): Name = "PackageReference"; Value = "RAD-0.3"; VariantName = "[No Variations]"
Add component (AddParameter): Name = "Published"; Value = "8-Jun-2000"; VariantName = "[No Variations]"
Add component (AddParameter): Name = "Publisher"; Value = "Altium Limited"; VariantName = "[No Variations]"
Add component (AddParameter): Name = "Value"; Value = "33p"; VariantName = "[No Variations]"
Added Component: Designator=C37(CAP_0805)
Add component (AddParameter): Name = "LatestRevisionDate"; Value = "17-Jul-2002"; VariantName = "[No Variations]"
Add component (AddParameter): Name = "LatestRevisionNote"; Value = "Re-released for DXP Platform."; VariantName = "[No Variations]"
Add component (AddParameter): Name = "PackageReference"; Value = "RAD-0.3"; VariantName = "[No Variations]"
Add component (AddParameter): Name = "Published"; Value = "8-Jun-2000"; VariantName = "[No Variations]"
Add component (AddParameter): Name = "Publisher"; Value = "Altium Limited"; VariantName = "[No Variations]"
Add component (AddParameter): Name = "Value"; Value = "33p"; VariantName = "[No Variations]"
Add Component: Footprint Not Found Fuse1A
Added Component: Designator=FB1(RES-SMD-0805)
Added Component: Designator=FB2(RES-SMD-0805)
Added Component: Designator=IC1(MODULE_ESP32-WROOM-32)
Add component (AddParameter): Name = "Digi-Key_Part_Number"; Value = "1904-1010-1-ND"; VariantName = "[No Variations]"
Add component (AddParameter): Name = "Digi-Key_Purchase_URL"; Value = "https://www.digikey.com/product-detail/en/espressif-systems/ESP32-WROOM-32/1904-1010-1-ND/8544305?utm_source=snapeda&utm_medium=aggregator&utm_campaign=symbol"; VariantName = "[No Variations]"
Add component (AddParameter): Name = "MF"; Value = "Espressif Systems"; VariantName = "[No Variations]"
Add component (AddParameter): Name = "MP"; Value = "ESP32-WROOM-32"; VariantName = "[No Variations]"
Add component (AddParameter): Name = "Package"; Value = "Module Espressif Systems"; VariantName = "[No Variations]"
Add component (AddParameter): Name = "SnapEDA_Link"; Value = "https://www.snapeda.com/parts/ESP32-WROOM-32/Espressif%20Systems/view-part/2753322/?ref=snap"; VariantName = "[No Variations]"
Add component (AddParameter): Name = "Value"; Value = ""; VariantName = "[No Variations]"
Added Component: Designator=P5(USB C 16P)
Add component (AddParameter): Name = "ComponentLink1Description"; Value = "New link"; VariantName = "[No Variations]"
Add component (AddParameter): Name = "ComponentLink1URL"; Value = "https://linhkien.cxtvn.com/6914-cong-type-c-cai-16p-usb-31-v2.html"; VariantName = "[No Variations]"
Add Component: Footprint Not Found IPD90P03P4L04ATMA2
Added Component: Designator=Q5(SOT23D)
Add component (AddParameter): Name = "Value"; Value = "C1815"; VariantName = "[No Variations]"
Added Component: Designator=Q6(SOT23D)
Add component (AddParameter): Name = "Value"; Value = "C1815"; VariantName = "[No Variations]"
Added Component: Designator=R27(RES-SMD-0805)
Add component (AddParameter): Name = "Class"; Value = "Passive"; VariantName = "[No Variations]"
Add component (AddParameter): Name = "Manufacturer"; Value = "Generic Components"; VariantName = "[No Variations]"
Add component (AddParameter): Name = "Published"; Value = "08/06/2000"; VariantName = "[No Variations]"
Add component (AddParameter): Name = "Publisher"; Value = "Altium Hobart Technology Centre"; VariantName = "[No Variations]"
Added Component: Designator=R28(RES-SMD-0805)
Add component (AddParameter): Name = "Class"; Value = "Passive"; VariantName = "[No Variations]"
Add component (AddParameter): Name = "Manufacturer"; Value = "Generic Components"; VariantName = "[No Variations]"
Add component (AddParameter): Name = "Published"; Value = "08/06/2000"; VariantName = "[No Variations]"
Add component (AddParameter): Name = "Publisher"; Value = "Altium Hobart Technology Centre"; VariantName = "[No Variations]"
Added Component: Designator=R29(RES-SMD-0805)
Add component (AddParameter): Name = "Class"; Value = "Passive"; VariantName = "[No Variations]"
Add component (AddParameter): Name = "Manufacturer"; Value = "Generic Components"; VariantName = "[No Variations]"
Add component (AddParameter): Name = "Published"; Value = "08/06/2000"; VariantName = "[No Variations]"
Add component (AddParameter): Name = "Publisher"; Value = "Altium Hobart Technology Centre"; VariantName = "[No Variations]"
Added Component: Designator=R30(RES-SMD-0805)
Add component (AddParameter): Name = "Class"; Value = "Passive"; VariantName = "[No Variations]"
Add component (AddParameter): Name = "Manufacturer"; Value = "Generic Components"; VariantName = "[No Variations]"
Add component (AddParameter): Name = "Published"; Value = "08/06/2000"; VariantName = "[No Variations]"
Add component (AddParameter): Name = "Publisher"; Value = "Altium Hobart Technology Centre"; VariantName = "[No Variations]"
Added Component: Designator=R31(RES-SMD-0805)
Add component (AddParameter): Name = "Class"; Value = "Passive"; VariantName = "[No Variations]"
Add component (AddParameter): Name = "Manufacturer"; Value = "Generic Components"; VariantName = "[No Variations]"
Add component (AddParameter): Name = "Published"; Value = "08/06/2000"; VariantName = "[No Variations]"
Add component (AddParameter): Name = "Publisher"; Value = "Altium Hobart Technology Centre"; VariantName = "[No Variations]"
Added Component: Designator=R32(RES-SMD-0805)
Add component (AddParameter): Name = "Class"; Value = "Passive"; VariantName = "[No Variations]"
Add component (AddParameter): Name = "Manufacturer"; Value = "Generic Components"; VariantName = "[No Variations]"
Add component (AddParameter): Name = "Published"; Value = "08/06/2000"; VariantName = "[No Variations]"
Add component (AddParameter): Name = "Publisher"; Value = "Altium Hobart Technology Centre"; VariantName = "[No Variations]"
Added Component: Designator=R33(RES-SMD-0805)
Add component (AddParameter): Name = "Class"; Value = "Passive"; VariantName = "[No Variations]"
Add component (AddParameter): Name = "Manufacturer"; Value = "Generic Components"; VariantName = "[No Variations]"
Add component (AddParameter): Name = "Published"; Value = "08/06/2000"; VariantName = "[No Variations]"
Add component (AddParameter): Name = "Publisher"; Value = "Altium Hobart Technology Centre"; VariantName = "[No Variations]"
Added Component: Designator=R34(RES-SMD-0805)
Add component (AddParameter): Name = "Class"; Value = "Passive"; VariantName = "[No Variations]"
Add component (AddParameter): Name = "Manufacturer"; Value = "Generic Components"; VariantName = "[No Variations]"
Add component (AddParameter): Name = "Published"; Value = "08/06/2000"; VariantName = "[No Variations]"
Add component (AddParameter): Name = "Publisher"; Value = "Altium Hobart Technology Centre"; VariantName = "[No Variations]"
Added Component: Designator=R35(RES-SMD-0805)
Add component (AddParameter): Name = "Class"; Value = "Passive"; VariantName = "[No Variations]"
Add component (AddParameter): Name = "Manufacturer"; Value = "Generic Components"; VariantName = "[No Variations]"
Add component (AddParameter): Name = "Published"; Value = "08/06/2000"; VariantName = "[No Variations]"
Add component (AddParameter): Name = "Publisher"; Value = "Altium Hobart Technology Centre"; VariantName = "[No Variations]"
Added Component: Designator=R36(RES-SMD-0805)
Add component (AddParameter): Name = "Class"; Value = "Passive"; VariantName = "[No Variations]"
Add component (AddParameter): Name = "Manufacturer"; Value = "Generic Components"; VariantName = "[No Variations]"
Add component (AddParameter): Name = "Published"; Value = "08/06/2000"; VariantName = "[No Variations]"
Add component (AddParameter): Name = "Publisher"; Value = "Altium Hobart Technology Centre"; VariantName = "[No Variations]"
Added Component: Designator=R37(RES-SMD-0805)
Add component (AddParameter): Name = "Class"; Value = "Passive"; VariantName = "[No Variations]"
Add component (AddParameter): Name = "Manufacturer"; Value = "Generic Components"; VariantName = "[No Variations]"
Add component (AddParameter): Name = "Published"; Value = "08/06/2000"; VariantName = "[No Variations]"
Add component (AddParameter): Name = "Publisher"; Value = "Altium Hobart Technology Centre"; VariantName = "[No Variations]"
Added Component: Designator=R38(RES-SMD-0805)
Add component (AddParameter): Name = "Class"; Value = "Passive"; VariantName = "[No Variations]"
Add component (AddParameter): Name = "Manufacturer"; Value = "Generic Components"; VariantName = "[No Variations]"
Add component (AddParameter): Name = "Published"; Value = "08/06/2000"; VariantName = "[No Variations]"
Add component (AddParameter): Name = "Publisher"; Value = "Altium Hobart Technology Centre"; VariantName = "[No Variations]"
Added Component: Designator=R39(RES-SMD-0805)
Add component (AddParameter): Name = "Class"; Value = "Passive"; VariantName = "[No Variations]"
Add component (AddParameter): Name = "Manufacturer"; Value = "Generic Components"; VariantName = "[No Variations]"
Add component (AddParameter): Name = "Published"; Value = "08/06/2000"; VariantName = "[No Variations]"
Add component (AddParameter): Name = "Publisher"; Value = "Altium Hobart Technology Centre"; VariantName = "[No Variations]"
Added Component: Designator=R40(RES-SMD-0805)
Add component (AddParameter): Name = "Class"; Value = "Passive"; VariantName = "[No Variations]"
Add component (AddParameter): Name = "Manufacturer"; Value = "Generic Components"; VariantName = "[No Variations]"
Add component (AddParameter): Name = "Published"; Value = "08/06/2000"; VariantName = "[No Variations]"
Add component (AddParameter): Name = "Publisher"; Value = "Altium Hobart Technology Centre"; VariantName = "[No Variations]"
Added Component: Designator=R41(RES-SMD-0805)
Add component (AddParameter): Name = "Class"; Value = "Passive"; VariantName = "[No Variations]"
Add component (AddParameter): Name = "Manufacturer"; Value = "Generic Components"; VariantName = "[No Variations]"
Add component (AddParameter): Name = "Published"; Value = "08/06/2000"; VariantName = "[No Variations]"
Add component (AddParameter): Name = "Publisher"; Value = "Altium Hobart Technology Centre"; VariantName = "[No Variations]"
Added Component: Designator=S1(SW 3x2x4)
Add component (AddParameter): Name = "LatestRevisionDate"; Value = "17-Jul-2002"; VariantName = "[No Variations]"
Add component (AddParameter): Name = "LatestRevisionNote"; Value = "Re-released for DXP Platform."; VariantName = "[No Variations]"
Add component (AddParameter): Name = "PackageReference"; Value = "SPST-2"; VariantName = "[No Variations]"
Add component (AddParameter): Name = "Published"; Value = "24-Mar-1999"; VariantName = "[No Variations]"
Add component (AddParameter): Name = "Publisher"; Value = "Altium Limited"; VariantName = "[No Variations]"
Added Component: Designator=S2(SW 3x2x4)
Add component (AddParameter): Name = "LatestRevisionDate"; Value = "17-Jul-2002"; VariantName = "[No Variations]"
Add component (AddParameter): Name = "LatestRevisionNote"; Value = "Re-released for DXP Platform."; VariantName = "[No Variations]"
Add component (AddParameter): Name = "PackageReference"; Value = "SPST-2"; VariantName = "[No Variations]"
Add component (AddParameter): Name = "Published"; Value = "24-Mar-1999"; VariantName = "[No Variations]"
Add component (AddParameter): Name = "Publisher"; Value = "Altium Limited"; VariantName = "[No Variations]"
Added Component: Designator=S3(SW 3x2x4)
Add component (AddParameter): Name = "LatestRevisionDate"; Value = "17-Jul-2002"; VariantName = "[No Variations]"
Add component (AddParameter): Name = "LatestRevisionNote"; Value = "Re-released for DXP Platform."; VariantName = "[No Variations]"
Add component (AddParameter): Name = "PackageReference"; Value = "SPST-2"; VariantName = "[No Variations]"
Add component (AddParameter): Name = "Published"; Value = "24-Mar-1999"; VariantName = "[No Variations]"
Add component (AddParameter): Name = "Publisher"; Value = "Altium Limited"; VariantName = "[No Variations]"
Added Component: Designator=U5(SOP-16)
Add component (AddParameter): Name = "Availability"; Value = "Unavailable"; VariantName = "[No Variations]"
Add component (AddParameter): Name = "Check_prices"; Value = "https://www.snapeda.com/parts/CH340C/WCH/view-part/5428851/?ref=eda"; VariantName = "[No Variations]"
Add component (AddParameter): Name = "MF"; Value = "WCH"; VariantName = "[No Variations]"
Add component (AddParameter): Name = "MP"; Value = "CH340C"; VariantName = "[No Variations]"
Add component (AddParameter): Name = "Package"; Value = "Package"; VariantName = "[No Variations]"
Add component (AddParameter): Name = "Price"; Value = "None"; VariantName = "[No Variations]"
Add component (AddParameter): Name = "SnapEDA_Link"; Value = "https://www.snapeda.com/parts/CH340C/WCH/view-part/5428851/?ref=snap"; VariantName = "[No Variations]"
Add component (AddParameter): Name = "Value"; Value = ""; VariantName = "[No Variations]"
Add Pin To Net: Unknown Pin: Pin C1-1
Add Pin To Net: Unknown Pin: Pin C1-2
Add Pin To Net: Unknown Pin: Pin C1-3
Add Pin To Net: Unknown Pin: Pin C1-4
Add Pin To Net: Unknown Pin: Pin C1-5
Add Pin To Net: Unknown Pin: Pin C1-6
Added Pin To Net: NetName=GND Pin=C32-1
Added Pin To Net: NetName=VIN Pin=C32-2
Added Pin To Net: NetName=GND Pin=C33-1
Added Pin To Net: NetName=3V3 Pin=C33-2
Add Pin To Net: Unknown Pin: Pin F1-1
Add Pin To Net: Unknown Pin: Pin F1-2
Added Pin To Net: NetName=3V3 Pin=FB1-1
Added Pin To Net: NetName=GND Pin=FB2-1
Add Pin To Net: Unknown Pin: Pin P5-A1
Add Pin To Net: Unknown Pin: Pin P5-A4
Add Pin To Net: Unknown Pin: Pin P5-A9
Add Pin To Net: Unknown Pin: Pin P5-A12
Add Pin To Net: Unknown Pin: Pin P5-B1
Add Pin To Net: Unknown Pin: Pin P5-B4
Add Pin To Net: Unknown Pin: Pin P5-B9
Add Pin To Net: Unknown Pin: Pin P5-B12
Added Pin To Net: NetName=GND Pin=P5-S1
Added Pin To Net: NetName=GND Pin=P5-S2
Added Pin To Net: NetName=GND Pin=P5-S3
Added Pin To Net: NetName=GND Pin=P5-S4
Add Pin To Net: Unknown Pin: Pin Q1-1
Add Pin To Net: Unknown Pin: Pin Q1-2
Add Pin To Net: Unknown Pin: Pin Q1-3
Added Pin To Net: NetName=GND Pin=R30-2
Added Pin To Net: NetName=GND Pin=R31-2
Change Net Name : Old Net Name=VIN New Net Name=5V_F
Added Pin To Net: NetName=3V3_MCU Pin=C34-2
Added Pin To Net: NetName=3V3_MCU Pin=FB1-2
Added Pin To Net: NetName=3V3_MCU Pin=IC1-2
Added Pin To Net: NetName=3V3_MCU Pin=R27-1
Added Pin To Net: NetName=3V3_MCU Pin=R28-1
Added Pin To Net: NetName=3V3_MCU Pin=R29-1
Added Pin To Net: NetName=3V3_MCU Pin=R32-1
Added Pin To Net: NetName=3V3_MCU Pin=R33-1
Added Pin To Net: NetName=3V3_MCU Pin=R41-1
Added Pin To Net: NetName=3V3_MCU Pin=U5-4
Added Pin To Net: NetName=3V3_MCU Pin=U5-16
Added Net: Name=3V3_MCU
Added Pin To Net: NetName=D+ Pin=P5-A7
Added Pin To Net: NetName=D+ Pin=P5-B7
Added Pin To Net: NetName=D+ Pin=U5-5
Added Net: Name=D+
Added Pin To Net: NetName=D- Pin=P5-A6
Added Pin To Net: NetName=D- Pin=P5-B6
Added Pin To Net: NetName=D- Pin=U5-6
Added Net: Name=D-
Added Pin To Net: NetName=EN Pin=IC1-3
Added Pin To Net: NetName=EN Pin=Q6-3
Added Net: Name=EN
Added Pin To Net: NetName=GND_MCU Pin=C34-1
Added Pin To Net: NetName=GND_MCU Pin=C35-1
Added Pin To Net: NetName=GND_MCU Pin=C36-1
Added Pin To Net: NetName=GND_MCU Pin=C37-1
Added Pin To Net: NetName=GND_MCU Pin=FB2-2
Added Pin To Net: NetName=GND_MCU Pin=IC1-1
Added Pin To Net: NetName=GND_MCU Pin=IC1-15
Added Pin To Net: NetName=GND_MCU Pin=IC1-38
Added Pin To Net: NetName=GND_MCU Pin=IC1-39_1
Added Pin To Net: NetName=GND_MCU Pin=IC1-39_2
Added Pin To Net: NetName=GND_MCU Pin=IC1-39_3
Added Pin To Net: NetName=GND_MCU Pin=IC1-39_4
Added Pin To Net: NetName=GND_MCU Pin=IC1-39_5
Added Pin To Net: NetName=GND_MCU Pin=IC1-39_6
Added Pin To Net: NetName=GND_MCU Pin=IC1-39_7
Added Pin To Net: NetName=GND_MCU Pin=IC1-39_8
Added Pin To Net: NetName=GND_MCU Pin=IC1-39_9
Added Pin To Net: NetName=GND_MCU Pin=IC1-39_10
Added Pin To Net: NetName=GND_MCU Pin=IC1-39_11
Added Pin To Net: NetName=GND_MCU Pin=IC1-39_12
Added Pin To Net: NetName=GND_MCU Pin=IC1-39_13
Added Pin To Net: NetName=GND_MCU Pin=IC1-39_14
Added Pin To Net: NetName=GND_MCU Pin=IC1-39_15
Added Pin To Net: NetName=GND_MCU Pin=IC1-39_16
Added Pin To Net: NetName=GND_MCU Pin=IC1-39_17
Added Pin To Net: NetName=GND_MCU Pin=IC1-39_18
Added Pin To Net: NetName=GND_MCU Pin=IC1-39_19
Added Pin To Net: NetName=GND_MCU Pin=IC1-39_20
Added Pin To Net: NetName=GND_MCU Pin=IC1-39_21
Added Pin To Net: NetName=GND_MCU Pin=R34-2
Added Pin To Net: NetName=GND_MCU Pin=R35-2
Added Pin To Net: NetName=GND_MCU Pin=R36-1
Added Pin To Net: NetName=GND_MCU Pin=S1-1
Added Pin To Net: NetName=GND_MCU Pin=S2-1
Added Pin To Net: NetName=GND_MCU Pin=S3-1
Added Pin To Net: NetName=GND_MCU Pin=U5-1
Added Net: Name=GND_MCU
Added Pin To Net: NetName=IO0 Pin=IC1-25
Added Pin To Net: NetName=IO0 Pin=Q5-3
Added Pin To Net: NetName=IO0 Pin=R27-2
Added Net: Name=IO0
Added Pin To Net: NetName=NetIC1_13 Pin=IC1-13
Added Pin To Net: NetName=NetIC1_13 Pin=R29-2
Added Net: Name=NetIC1_13
Added Pin To Net: NetName=NetIC1_14 Pin=IC1-14
Added Pin To Net: NetName=NetIC1_14 Pin=R34-1
Added Net: Name=NetIC1_14
Added Pin To Net: NetName=NetIC1_24 Pin=IC1-24
Added Pin To Net: NetName=NetIC1_24 Pin=R36-2
Added Net: Name=NetIC1_24
Added Pin To Net: NetName=NetIC1_26 Pin=IC1-26
Added Pin To Net: NetName=NetIC1_26 Pin=R35-1
Added Net: Name=NetIC1_26
Added Pin To Net: NetName=NetIC1_29 Pin=IC1-29
Added Pin To Net: NetName=NetIC1_29 Pin=R28-2
Added Net: Name=NetIC1_29
Added Pin To Net: NetName=NetP5_A5 Pin=P5-A5
Added Pin To Net: NetName=NetP5_A5 Pin=R30-1
Added Net: Name=NetP5_A5
Added Pin To Net: NetName=NetP5_B5 Pin=P5-B5
Added Pin To Net: NetName=NetP5_B5 Pin=R31-1
Added Net: Name=NetP5_B5
Added Pin To Net: NetName=NetQ5_1 Pin=Q5-1
Added Pin To Net: NetName=NetQ5_1 Pin=R39-1
Added Net: Name=NetQ5_1
Added Pin To Net: NetName=NetQ5_2 Pin=Q5-2
Added Pin To Net: NetName=NetQ5_2 Pin=R40-2
Added Pin To Net: NetName=NetQ5_2 Pin=U5-13
Added Net: Name=NetQ5_2
Added Pin To Net: NetName=NetQ6_1 Pin=Q6-1
Added Pin To Net: NetName=NetQ6_1 Pin=R40-1
Added Net: Name=NetQ6_1
Added Pin To Net: NetName=NetQ6_2 Pin=Q6-2
Added Pin To Net: NetName=NetQ6_2 Pin=R39-2
Added Pin To Net: NetName=NetQ6_2 Pin=U5-14
Added Net: Name=NetQ6_2
Added Pin To Net: NetName=NetR37_2 Pin=R37-2
Added Pin To Net: NetName=NetR37_2 Pin=U5-2
Added Net: Name=NetR37_2
Added Pin To Net: NetName=NetR38_2 Pin=R38-2
Added Pin To Net: NetName=NetR38_2 Pin=U5-3
Added Net: Name=NetR38_2
Added Pin To Net: NetName=RXD Pin=R37-1
Added Net: Name=RXD
Added Pin To Net: NetName=Touch1 Pin=C35-2
Added Pin To Net: NetName=Touch1 Pin=C37-2
Added Pin To Net: NetName=Touch1 Pin=R32-2
Added Pin To Net: NetName=Touch1 Pin=R41-2
Added Pin To Net: NetName=Touch1 Pin=S1-2
Added Pin To Net: NetName=Touch1 Pin=S3-2
Added Net: Name=Touch1
Added Pin To Net: NetName=Touch2 Pin=C36-2
Added Pin To Net: NetName=Touch2 Pin=R33-2
Added Pin To Net: NetName=Touch2 Pin=S2-2
Added Net: Name=Touch2
Added Pin To Net: NetName=TXD Pin=R38-1
Added Net: Name=TXD
Add Class Member: Failed to add class member : Component C1 JP6
Added Member To Class: ClassName=Controller Member=Component C32 104
Added Member To Class: ClassName=Controller Member=Component C33 104
Added Member To Class: ClassName=Controller Member=Component C34 104
Added Member To Class: ClassName=Controller Member=Component C35 100uF
Added Member To Class: ClassName=Controller Member=Component C36 100uF
Added Member To Class: ClassName=Controller Member=Component C37 100uF
Add Class Member: Failed to add class member : Component F1 F100
Added Member To Class: ClassName=Controller Member=Component FB1 Ferrit Bead
Added Member To Class: ClassName=Controller Member=Component FB2 Ferrit Bead
Added Member To Class: ClassName=Controller Member=Component IC1 ESP32-WROOM-32
Added Member To Class: ClassName=Controller Member=Component P5 USB - TypeC - 16P
Add Class Member: Failed to add class member : Component Q1 SUD50P06-15-GE3
Added Member To Class: ClassName=Controller Member=Component Q5 2SC1815
Added Member To Class: ClassName=Controller Member=Component Q6 2SC1815
Added Member To Class: ClassName=Controller Member=Component R27 1k
Added Member To Class: ClassName=Controller Member=Component R28 1k
Added Member To Class: ClassName=Controller Member=Component R29 1k
Added Member To Class: ClassName=Controller Member=Component R30 5k1
Added Member To Class: ClassName=Controller Member=Component R31 5k1
Added Member To Class: ClassName=Controller Member=Component R32 10k
Added Member To Class: ClassName=Controller Member=Component R33 10k
Added Member To Class: ClassName=Controller Member=Component R34 1k
Added Member To Class: ClassName=Controller Member=Component R35 1k
Added Member To Class: ClassName=Controller Member=Component R36 1k
Added Member To Class: ClassName=Controller Member=Component R37 0R
Added Member To Class: ClassName=Controller Member=Component R38 0R
Added Member To Class: ClassName=Controller Member=Component R39 1k
Added Member To Class: ClassName=Controller Member=Component R40 1k
Added Member To Class: ClassName=Controller Member=Component R41 10k
Added Member To Class: ClassName=Controller Member=Component S1 SW-SMD
Added Member To Class: ClassName=Controller Member=Component S2 SW-SMD
Added Member To Class: ClassName=Controller Member=Component S3 SW-SMD
Added Member To Class: ClassName=Controller Member=Component U5 CH340C
Added Rule: Name=Schematic Supply Nets_4
Added Rule: Name=Schematic Supply Nets_7
Added Rule: Name=Schematic Supply Nets_8
