Add Component: Footprint Not Found JP6-D1T
Add Component: Footprint Not Found Fuse1A
Add Component: Footprint Not Found IPD90P03P4L04ATMA2
Added Component: Designator=U3(SOIC127P600X175)
Add component (AddParameter): Name = "Availability"; Value = "Unavailable"; VariantName = "[No Variations]"
Add component (AddParameter): Name = "MF"; Value = ""; VariantName = "[No Variations]"
Add component (AddParameter): Name = "MP"; Value = "MP2403DN-LF-Z"; VariantName = "[No Variations]"
Add component (AddParameter): Name = "Package"; Value = "None"; VariantName = "[No Variations]"
Add component (AddParameter): Name = "Price"; Value = "None"; VariantName = "[No Variations]"
Add component (AddParameter): Name = "Value"; Value = ""; VariantName = "[No Variations]"
Add Pin To Net: Unknown Pin: Pin C1-1
Add Pin To Net: Unknown Pin: Pin C1-2
Add Pin To Net: Unknown Pin: Pin C1-3
Add Pin To Net: Unknown Pin: Pin C1-4
Add Pin To Net: Unknown Pin: Pin C1-5
Add Pin To Net: Unknown Pin: Pin C1-6
Add Pin To Net: Unknown Pin: Pin F1-1
Add Pin To Net: Unknown Pin: Pin F1-2
Add Pin To Net: Unknown Pin: Pin Q1-1
Add Pin To Net: Unknown Pin: Pin Q1-2
Add Pin To Net: Unknown Pin: Pin Q1-3
Added Pin To Net: NetName=NetC26_2 Pin=U3-1
Added Pin To Net: NetName=NetR19_2 Pin=U3-2
Added Pin To Net: NetName=NetC29_2 Pin=U3-3
Added Pin To Net: NetName=NetR20_2 Pin=U3-4
Added Pin To Net: NetName=GND Pin=U3-5
Added Pin To Net: NetName=NetR23_1 Pin=U3-6
Added Pin To Net: NetName=NetC28_2 Pin=U3-7
Added Pin To Net: NetName=NetC26_1 Pin=U3-8
Added Pin To Net: NetName=GND Pin=U3-9
Add Class Member: Failed to add class member : Component C1 JP6
Added Member To Class: ClassName=Source Member=Component C27 22uF 6.3V
Add Class Member: Failed to add class member : Component F1 F100
Add Class Member: Failed to add class member : Component Q1 SUD50P06-15-GE3
Added Member To Class: ClassName=Source Member=Component R18 10k
Added Member To Class: ClassName=Source Member=Component R19 100k
Added Member To Class: ClassName=Source Member=Component U3 MP1584
