Change Component Footprint: Designator=L3 Old Footprint=L-SMD-M-12x10 New Footprint=L-SMD-M-7.3x4.5
Add Component: Footprint Not Found JP6-D1T
Add Component: Footprint Not Found Fuse1A
Add Component: Footprint Not Found IPD90P03P4L04ATMA2
Add Pin To Net: Unknown Pin: Pin C1-1
Add Pin To Net: Unknown Pin: Pin C1-2
Add Pin To Net: Unknown Pin: Pin C1-3
Add Pin To Net: Unknown Pin: Pin C1-4
Add Pin To Net: Unknown Pin: Pin C1-5
Add Pin To Net: Unknown Pin: Pin C1-6
Add Pin To Net: Unknown Pin: Pin F1-1
Add Pin To Net: Unknown Pin: Pin F1-2
Add Pin To Net: Unknown Pin: Pin Q1-1
Add Pin To Net: Unknown Pin: Pin Q1-2
Add Pin To Net: Unknown Pin: Pin Q1-3
Add Class Member: Failed to add class member : Component C1 JP6
Added Member To Class: ClassName=Source Member=Component C22 100nF
Added Member To Class: ClassName=Source Member=Component C23 22uF 6.3V
Added Member To Class: ClassName=Source Member=Component C24 10uF 50V
Added Member To Class: ClassName=Source Member=Component C26 104
Added Member To Class: ClassName=Source Member=Component C28 107
Added Member To Class: ClassName=Source Member=Component D5 SS34-HF
Add Class Member: Failed to add class member : Component F1 F100
Added Member To Class: ClassName=Source Member=Component J2 Jumper2
Added Member To Class: ClassName=Source Member=Component J4 Jumper2
Add Class Member: Failed to add class member : Component Q1 SUD50P06-15-GE3
Added Member To Class: ClassName=Source Member=Component R15 100k
Added Member To Class: ClassName=Source Member=Component R21 220
Added Member To Class: ClassName=Source Member=Component U2 MP1584
Added Member To Class: ClassName=Source Member=Component U3 LM1117
