Change Component Designator: OldDesignator=C8 NewDesignator=C13
Change Component Designator: OldDesignator=C9 NewDesignator=C10
Change Component Designator: OldDesignator=C10 NewDesignator=C11
Change Component Designator: OldDesignator=C11 NewDesignator=C12
Change Component Designator: OldDesignator=C12 NewDesignator=C14
Change Component Designator: OldDesignator=C13 NewDesignator=C15
Change Component Designator: OldDesignator=C14 NewDesignator=C16
Change Component Designator: OldDesignator=C15 NewDesignator=C17
Change Component Designator: OldDesignator=C16 NewDesignator=C18
Change Component Designator: OldDesignator=C17 NewDesignator=C19
Change Component Designator: OldDesignator=C18 NewDesignator=C20
Change Component Designator: OldDesignator=C19 NewDesignator=C21
Change Component Designator: OldDesignator=C20 NewDesignator=C22
Change Component Designator: OldDesignator=C21 NewDesignator=C23
Change Component Designator: OldDesignator=C22 NewDesignator=C24
Change Component Designator: OldDesignator=C23 NewDesignator=C25
Change Component Designator: OldDesignator=C24 NewDesignator=C26
Change Component Designator: OldDesignator=C26 NewDesignator=C28
Add Component: Footprint Not Found JP6-D1T
Added Component: Designator=C8(CAP_1206)
Add component (AddParameter): Name = "LatestRevisionDate"; Value = "17-Jul-2002"; VariantName = "[No Variations]"
Add component (AddParameter): Name = "LatestRevisionNote"; Value = "Re-released for DXP Platform."; VariantName = "[No Variations]"
Add component (AddParameter): Name = "PackageReference"; Value = "RAD-0.3"; VariantName = "[No Variations]"
Add component (AddParameter): Name = "Published"; Value = "8-Jun-2000"; VariantName = "[No Variations]"
Add component (AddParameter): Name = "Publisher"; Value = "Altium Limited"; VariantName = "[No Variations]"
Add component (AddParameter): Name = "Value"; Value = "33p"; VariantName = "[No Variations]"
Added Component: Designator=C9(CAP_1206)
Add component (AddParameter): Name = "LatestRevisionDate"; Value = "17-Jul-2002"; VariantName = "[No Variations]"
Add component (AddParameter): Name = "LatestRevisionNote"; Value = "Re-released for DXP Platform."; VariantName = "[No Variations]"
Add component (AddParameter): Name = "PackageReference"; Value = "RAD-0.3"; VariantName = "[No Variations]"
Add component (AddParameter): Name = "Published"; Value = "8-Jun-2000"; VariantName = "[No Variations]"
Add component (AddParameter): Name = "Publisher"; Value = "Altium Limited"; VariantName = "[No Variations]"
Add component (AddParameter): Name = "Value"; Value = "33p"; VariantName = "[No Variations]"
Add Component: Footprint Not Found 0805 CAP
Add Component: Footprint Not Found Fuse1A
Add Component: Footprint Not Found SOIC127P600X175-8N
Add Component: Footprint Not Found IPD90P03P4L04ATMA2
Add Component: Footprint Not Found IPD90P03P4L04ATMA2
Add Component: Footprint Not Found IPD90P03P4L04ATMA2
Add Component: Footprint Not Found RES-SMD-0805
Add Component: Footprint Not Found RES-SMD-0805
Add Component: Footprint Not Found RES-SMD-0805
Add Component: Footprint Not Found RES-SMD-0805
Add Component: Footprint Not Found SW2-DIP
Add Component: Footprint Not Found DIODE ZENER SMD
Add Component: Footprint Not Found DIODE ZENER SMD
Add Pin To Net: Unknown Pin: Pin C1-1
Add Pin To Net: Unknown Pin: Pin C1-2
Add Pin To Net: Unknown Pin: Pin C1-3
Add Pin To Net: Unknown Pin: Pin C1-4
Add Pin To Net: Unknown Pin: Pin C1-5
Add Pin To Net: Unknown Pin: Pin C1-6
Added Pin To Net: NetName=GND Pin=C8-1
Added Pin To Net: NetName=3V3_BQ Pin=C8-2
Added Pin To Net: NetName=GND Pin=C9-1
Added Pin To Net: NetName=3V3_BQ Pin=C9-2
Add Pin To Net: Unknown Pin: Pin C27-1
Add Pin To Net: Unknown Pin: Pin C27-2
Add Pin To Net: Unknown Pin: Pin F1-1
Add Pin To Net: Unknown Pin: Pin F1-2
Add Pin To Net: Unknown Pin: Pin IC1-2
Add Pin To Net: Unknown Pin: Pin IC1-3
Add Pin To Net: Unknown Pin: Pin IC1-4
Add Pin To Net: Unknown Pin: Pin IC1-5
Add Pin To Net: Unknown Pin: Pin IC1-8
Add Pin To Net: Unknown Pin: Pin Q1-1
Add Pin To Net: Unknown Pin: Pin Q1-2
Add Pin To Net: Unknown Pin: Pin Q1-3
Add Pin To Net: Unknown Pin: Pin Q2-5_6_7_8
Add Pin To Net: Unknown Pin: Pin Q3-5_6_7_8
Add Pin To Net: Unknown Pin: Pin Q5-1
Add Pin To Net: Unknown Pin: Pin Q5-2
Add Pin To Net: Unknown Pin: Pin Q5-3
Add Pin To Net: Unknown Pin: Pin Q6-1
Add Pin To Net: Unknown Pin: Pin Q6-2
Add Pin To Net: Unknown Pin: Pin Q6-3
Add Pin To Net: Unknown Pin: Pin R16-1
Add Pin To Net: Unknown Pin: Pin R16-2
Add Pin To Net: Unknown Pin: Pin R22-1
Add Pin To Net: Unknown Pin: Pin R22-2
Add Pin To Net: Unknown Pin: Pin R24-1
Add Pin To Net: Unknown Pin: Pin R24-2
Add Pin To Net: Unknown Pin: Pin R25-1
Add Pin To Net: Unknown Pin: Pin R25-2
Add Pin To Net: Unknown Pin: Pin SW1-1
Add Pin To Net: Unknown Pin: Pin SW1-2
Add Pin To Net: Unknown Pin: Pin SW1-3
Add Pin To Net: Unknown Pin: Pin SW1-4
Added Pin To Net: NetName=3V3_BQ Pin=U1-6
Added Pin To Net: NetName=3V3_BQ Pin=U1-7
Add Pin To Net: Unknown Pin: Pin Z1-1
Add Pin To Net: Unknown Pin: Pin Z1-2
Add Pin To Net: Unknown Pin: Pin Z2-1
Add Pin To Net: Unknown Pin: Pin Z2-2
Change Net Name : Old Net Name=NetC8_1 New Net Name=NetC13_1
Change Net Name : Old Net Name=NetC8_2 New Net Name=NetC13_2
Change Net Name : Old Net Name=NetC14_1 New Net Name=NetC16_1
Change Net Name : Old Net Name=NetC18_2 New Net Name=NetC20_2
Change Net Name : Old Net Name=NetC20_1 New Net Name=NetC22_1
Change Net Name : Old Net Name=NetC20_2 New Net Name=NetC22_2
Change Net Name : Old Net Name=NetC22_2 New Net Name=NetC24_2
Change Net Name : Old Net Name=NetC25_2 New Net Name=NetC27_2
Add Class Member: Failed to add class member : Component C1 JP6
Added Member To Class: ClassName=Source Member=Component C25 107
Add Class Member: Failed to add class member : Component C27 0.47uF
Added Member To Class: ClassName=Source Member=Component C28 104
Add Class Member: Failed to add class member : Component F1 F100
Add Class Member: Failed to add class member : Component IC1 MAX8212CSA+
Add Class Member: Failed to add class member : Component Q1 SUD50P06-15-GE3
Add Class Member: Failed to add class member : Component Q5 IPD90P03P4L04ATMA2
Add Class Member: Failed to add class member : Component Q6 IPD90P03P4L04ATMA2
Add Class Member: Failed to add class member : Component R16 DNF
Add Class Member: Failed to add class member : Component R22 1M
Add Class Member: Failed to add class member : Component R24 100R
Add Class Member: Failed to add class member : Component R25 100K
Add Class Member: Failed to add class member : Component SW1 SW
Add Class Member: Failed to add class member : Component Z1 Zener 12V
Add Class Member: Failed to add class member : Component Z2 Diode  Zener 5V
