Removed Pin From Net: NetName=Touch1 Pin=C35-2
Removed Pin From Net: NetName=Touch1 Pin=R32-2
Removed Pin From Net: NetName=Touch1 Pin=S1-2
Add Component: Footprint Not Found JP6-D1T
Add Component: Footprint Not Found Fuse1A
Add Component: Footprint Not Found IPD90P03P4L04ATMA2
Add Component: Footprint Not Found SO8
Add Pin To Net: Unknown Pin: Pin C1-1
Add Pin To Net: Unknown Pin: Pin C1-2
Add Pin To Net: Unknown Pin: Pin C1-3
Add Pin To Net: Unknown Pin: Pin C1-4
Add Pin To Net: Unknown Pin: Pin C1-5
Add Pin To Net: Unknown Pin: Pin C1-6
Added Pin To Net: NetName=EN Pin=C35-2
Add Pin To Net: Unknown Pin: Pin F1-1
Add Pin To Net: Unknown Pin: Pin F1-2
Add Pin To Net: Unknown Pin: Pin Q1-1
Add Pin To Net: Unknown Pin: Pin Q1-2
Add Pin To Net: Unknown Pin: Pin Q1-3
Added Pin To Net: NetName=EN Pin=R32-2
Added Pin To Net: NetName=EN Pin=S1-2
Added Net: Name=NetU?_1, 2, 5, 6
Add Class Member: Failed to add class member : Component C1 JP6
Add Class Member: Failed to add class member : Component F1 F100
Add Class Member: Failed to add class member : Component Q1 SUD50P06-15-GE3
Add Class Member: Failed to add class member : Component U? APM4953
