Removed Pin From Net: NetName=IN+ Pin=D5-1
Removed Pin From Net: NetName=NetC27_2 Pin=F4-1
Removed Pin From Net: NetName=3V3_BQ Pin=R7-2
Removed Pin From Net: NetName=NetR19_2 Pin=R19-2
Removed Pin From Net: NetName=NetR19_2 Pin=R21-1
Removed Pin From Net: NetName=NetC26_2 Pin=U3-1
Removed Pin From Net: NetName=NetR19_2 Pin=U3-2
Removed Pin From Net: NetName=NetC29_2 Pin=U3-3
Removed Pin From Net: NetName=GND Pin=U3-5
Removed Pin From Net: NetName=NetR23_1 Pin=U3-6
Removed Pin From Net: NetName=GND Pin=U3-9
Removed Member From Class: ClassName=Source Member=D6
Removed Member From Class: ClassName=Source Member=F4
Change Component Designator: OldDesignator=C22 NewDesignator=C25
Change Component Designator: OldDesignator=C23 NewDesignator=C26
Change Component Designator: OldDesignator=C24 NewDesignator=C27
Change Component Designator: OldDesignator=C25 NewDesignator=C28
Change Component Designator: OldDesignator=C26 NewDesignator=C22
Change Component Designator: OldDesignator=C27 NewDesignator=C23
Change Component Designator: OldDesignator=C28 NewDesignator=C24
Change Component Designator: OldDesignator=D6 NewDesignator=D5
Change Component Designator: OldDesignator=J2 NewDesignator=J4
Change Component Designator: OldDesignator=J3 NewDesignator=J2
Change Component Designator: OldDesignator=J4 NewDesignator=J3
Change Component Designator: OldDesignator=R15 NewDesignator=R21
Change Component Designator: OldDesignator=R19 NewDesignator=R15
Change Component Designator: OldDesignator=R20 NewDesignator=R19
Change Component Designator: OldDesignator=R21 NewDesignator=R20
Change Component Designator: OldDesignator=U2 NewDesignator=U3
Add Component: Footprint Not Found JP6-D1T
Add Component: Footprint Not Found Fuse1A
Add Component: Footprint Not Found IPD90P03P4L04ATMA2
Added Component: Designator=U2(SOP8-PP)
Add Pin To Net: Unknown Pin: Pin C1-1
Add Pin To Net: Unknown Pin: Pin C1-2
Add Pin To Net: Unknown Pin: Pin C1-3
Add Pin To Net: Unknown Pin: Pin C1-4
Add Pin To Net: Unknown Pin: Pin C1-5
Add Pin To Net: Unknown Pin: Pin C1-6
Added Pin To Net: NetName=IN+ Pin=C24-2
Add Pin To Net: Unknown Pin: Pin F1-1
Add Pin To Net: Unknown Pin: Pin F1-2
Added Pin To Net: NetName=NetC27_2 Pin=F3-1
Add Pin To Net: Unknown Pin: Pin Q1-1
Add Pin To Net: Unknown Pin: Pin Q1-2
Add Pin To Net: Unknown Pin: Pin Q1-3
Added Pin To Net: NetName=V_SOLAR Pin=R7-2
Added Pin To Net: NetName=IN+ Pin=R15-1
Added Pin To Net: NetName=NetR19_2 Pin=R19-2
Added Pin To Net: NetName=NetR19_2 Pin=R22-1
Added Pin To Net: NetName=NetC26_2 Pin=U2-1
Added Pin To Net: NetName=NetC29_2 Pin=U2-3
Added Pin To Net: NetName=NetR19_2 Pin=U2-4
Added Pin To Net: NetName=GND Pin=U2-5
Added Pin To Net: NetName=NetR23_1 Pin=U2-6
Added Pin To Net: NetName=IN+ Pin=U2-7
Added Pin To Net: NetName=GND Pin=U2-9
Change Net Name : Old Net Name=NetC23_2 New Net Name=NetC26_2
Change Net Name : Old Net Name=NetC26_2 New Net Name=NetC22_2
Change Net Name : Old Net Name=NetC27_2 New Net Name=5V
Added Pin To Net: NetName=NetC22_1 Pin=C22-1
Added Pin To Net: NetName=NetC22_1 Pin=U2-8
Added Net: Name=NetC22_1
Added Pin To Net: NetName=NetR15_2 Pin=R15-2
Added Pin To Net: NetName=NetR15_2 Pin=R20-1
Added Pin To Net: NetName=NetR15_2 Pin=U2-2
Added Net: Name=NetR15_2
Add Class Member: Failed to add class member : Component C1 JP6
Add Class Member: Failed to add class member : Component F1 F100
Add Class Member: Failed to add class member : Component Q1 SUD50P06-15-GE3
