Change Component Designator: OldDesignator=P3 NewDesignator=P4
Add Component: Footprint Not Found JP6-D1T
Add Component: Footprint Not Found 0805 CAP
Add Component: Footprint Not Found Fuse1A
Add Component: Footprint Not Found SOIC127P600X175-8N
Added Component: Designator=P3(HDR1X8)
Add component (AddParameter): Name = "LatestRevisionDate"; Value = "17-Jul-2002"; VariantName = "[No Variations]"
Add component (AddParameter): Name = "LatestRevisionNote"; Value = "Re-released for DXP Platform."; VariantName = "[No Variations]"
Add component (AddParameter): Name = "Publisher"; Value = "Altium Limited"; VariantName = "[No Variations]"
Add Component: Footprint Not Found IPD90P03P4L04ATMA2
Add Component: Footprint Not Found IPD90P03P4L04ATMA2
Add Component: Footprint Not Found IPD90P03P4L04ATMA2
Add Component: Footprint Not Found RES-SMD-0805
Add Component: Footprint Not Found RES-SMD-0805
Add Component: Footprint Not Found RES-SMD-0805
Add Component: Footprint Not Found RES-SMD-0805
Add Component: Footprint Not Found SW2-DIP
Add Component: Footprint Not Found DIODE ZENER SMD
Add Component: Footprint Not Found DIODE ZENER SMD
Add Pin To Net: Unknown Pin: Pin C1-1
Add Pin To Net: Unknown Pin: Pin C1-2
Add Pin To Net: Unknown Pin: Pin C1-3
Add Pin To Net: Unknown Pin: Pin C1-4
Add Pin To Net: Unknown Pin: Pin C1-5
Add Pin To Net: Unknown Pin: Pin C1-6
Add Pin To Net: Unknown Pin: Pin C26-1
Add Pin To Net: Unknown Pin: Pin C26-2
Add Pin To Net: Unknown Pin: Pin F1-1
Add Pin To Net: Unknown Pin: Pin F1-2
Add Pin To Net: Unknown Pin: Pin IC1-2
Add Pin To Net: Unknown Pin: Pin IC1-3
Add Pin To Net: Unknown Pin: Pin IC1-4
Add Pin To Net: Unknown Pin: Pin IC1-5
Add Pin To Net: Unknown Pin: Pin IC1-8
Added Pin To Net: NetName=3V3_BQ Pin=P3-1
Added Pin To Net: NetName=BTST Pin=P3-2
Added Pin To Net: NetName=HIDRV Pin=P3-3
Added Pin To Net: NetName=PH Pin=P3-4
Added Pin To Net: NetName=LODRV Pin=P3-5
Added Pin To Net: NetName=SRP Pin=P3-6
Added Pin To Net: NetName=SRN Pin=P3-7
Added Pin To Net: NetName=MPPSET Pin=P3-8
Add Pin To Net: Unknown Pin: Pin Q1-1
Add Pin To Net: Unknown Pin: Pin Q1-2
Add Pin To Net: Unknown Pin: Pin Q1-3
Add Pin To Net: Unknown Pin: Pin Q5-1
Add Pin To Net: Unknown Pin: Pin Q5-2
Add Pin To Net: Unknown Pin: Pin Q5-3
Add Pin To Net: Unknown Pin: Pin Q6-1
Add Pin To Net: Unknown Pin: Pin Q6-2
Add Pin To Net: Unknown Pin: Pin Q6-3
Add Pin To Net: Unknown Pin: Pin R16-1
Add Pin To Net: Unknown Pin: Pin R16-2
Add Pin To Net: Unknown Pin: Pin R22-1
Add Pin To Net: Unknown Pin: Pin R22-2
Add Pin To Net: Unknown Pin: Pin R24-1
Add Pin To Net: Unknown Pin: Pin R24-2
Add Pin To Net: Unknown Pin: Pin R25-1
Add Pin To Net: Unknown Pin: Pin R25-2
Add Pin To Net: Unknown Pin: Pin SW1-1
Add Pin To Net: Unknown Pin: Pin SW1-2
Add Pin To Net: Unknown Pin: Pin SW1-3
Add Pin To Net: Unknown Pin: Pin SW1-4
Add Pin To Net: Unknown Pin: Pin Z1-1
Add Pin To Net: Unknown Pin: Pin Z1-2
Add Pin To Net: Unknown Pin: Pin Z2-1
Add Pin To Net: Unknown Pin: Pin Z2-2
Add Class Member: Failed to add class member : Component C1 JP6
Add Class Member: Failed to add class member : Component C26 0.47uF
Add Class Member: Failed to add class member : Component F1 F100
Add Class Member: Failed to add class member : Component IC1 MAX8212CSA+
Added Member To Class: ClassName=Source Member=Component P4 Header 8
Add Class Member: Failed to add class member : Component Q1 SUD50P06-15-GE3
Add Class Member: Failed to add class member : Component Q5 IPD90P03P4L04ATMA2
Add Class Member: Failed to add class member : Component Q6 IPD90P03P4L04ATMA2
Add Class Member: Failed to add class member : Component R16 DNF
Add Class Member: Failed to add class member : Component R22 1M
Add Class Member: Failed to add class member : Component R24 100R
Add Class Member: Failed to add class member : Component R25 100K
Add Class Member: Failed to add class member : Component SW1 SW
Add Class Member: Failed to add class member : Component Z1 Zener 12V
Add Class Member: Failed to add class member : Component Z2 Diode  Zener 5V
