Removed Pin From Net: NetName=3V3_BQ Pin=P3-1
Removed Pin From Net: NetName=BTST Pin=P3-2
Removed Pin From Net: NetName=HIDRV Pin=P3-3
Removed Pin From Net: NetName=PH Pin=P3-4
Removed Pin From Net: NetName=LODRV Pin=P3-5
Removed Pin From Net: NetName=SRP Pin=P3-6
Removed Pin From Net: NetName=SRN Pin=P3-7
Removed Pin From Net: NetName=MPPSET Pin=P3-8
Removed Pin From Net: NetName=NetC12_1 Pin=TP1-1
Removed Member From Class: ClassName=Source Member=TP1
Change Component Footprint: Designator=P3 Old Footprint=HDR1X8 New Footprint=Testpoint 50ml
Change Component Comment : Designator=P3 Old Comment=Header 8 New Comment=TP
Change Component Designator: OldDesignator=P2 NewDesignator=P11
Change Component Designator: OldDesignator=P4 NewDesignator=P14
Change Component Designator: OldDesignator=P5 NewDesignator=P15
Change Component Designator: OldDesignator=P6 NewDesignator=P16
Change Component Designator: OldDesignator=P7 NewDesignator=P17
Change Component Designator: OldDesignator=P8 NewDesignator=P18
Change component parameters: Designator = "P3" ("P3"); Footprint = "HDR1X8"; UniqueID = "\DHPTLRIV" ("\DHPTLRIV")
Change component parameters (AddParameter): Name = "Value"; Value = "Test Point"; VariantName = "[No Variations]"
Added Component: Designator=P2(Testpoint 50ml)
Add component (AddParameter): Name = "Value"; Value = "Test Point"; VariantName = "[No Variations]"
Added Component: Designator=P4(Testpoint 50ml)
Add component (AddParameter): Name = "Value"; Value = "Test Point"; VariantName = "[No Variations]"
Added Component: Designator=P5(Testpoint 50ml)
Add component (AddParameter): Name = "Value"; Value = "Test Point"; VariantName = "[No Variations]"
Added Component: Designator=P6(Testpoint 50ml)
Add component (AddParameter): Name = "Value"; Value = "Test Point"; VariantName = "[No Variations]"
Added Component: Designator=P7(Testpoint 50ml)
Add component (AddParameter): Name = "Value"; Value = "Test Point"; VariantName = "[No Variations]"
Added Component: Designator=P8(Testpoint 50ml)
Add component (AddParameter): Name = "Value"; Value = "Test Point"; VariantName = "[No Variations]"
Added Component: Designator=P9(Testpoint 50ml)
Add component (AddParameter): Name = "Value"; Value = "Test Point"; VariantName = "[No Variations]"
Added Component: Designator=P10(Testpoint 50ml)
Add component (AddParameter): Name = "Value"; Value = "Test Point"; VariantName = "[No Variations]"
Added Component: Designator=P12(Testpoint 50ml)
Add component (AddParameter): Name = "Value"; Value = "Test Point"; VariantName = "[No Variations]"
Added Component: Designator=P13(Testpoint 50ml)
Add component (AddParameter): Name = "Value"; Value = "Test Point"; VariantName = "[No Variations]"
Added Pin To Net: NetName=3V3_BQ Pin=P2-1
Added Pin To Net: NetName=HIDRV Pin=P3-1
Added Pin To Net: NetName=PH Pin=P4-1
Added Pin To Net: NetName=LODRV Pin=P5-1
Added Pin To Net: NetName=BTST Pin=P6-1
Added Pin To Net: NetName=SRP Pin=P7-1
Added Pin To Net: NetName=SRN Pin=P8-1
Added Pin To Net: NetName=MPPSET Pin=P9-1
Added Pin To Net: NetName=NetC12_1 Pin=P10-1
Added Pin To Net: NetName=3V3 Pin=P12-1
Added Pin To Net: NetName=5V Pin=P13-1
Change Net Name : Old Net Name=NetP2_2 New Net Name=NetP11_2
Change Net Name : Old Net Name=NetP2_3 New Net Name=NetP11_3
Change Net Name : Old Net Name=NetP5_A5 New Net Name=NetP15_A5
Change Net Name : Old Net Name=NetP5_B5 New Net Name=NetP15_B5
Added Member To Class: ClassName=Source Member=Component P5 TP
Added Member To Class: ClassName=Source Member=Component P6 TP
Added Member To Class: ClassName=Source Member=Component P7 TP
Added Member To Class: ClassName=Source Member=Component P8 TP
Added Member To Class: ClassName=Source Member=Component P9 TP
Added Member To Class: ClassName=Source Member=Component P10 TP
Added Member To Class: ClassName=Source Member=Component P11 Header 3
Added Member To Class: ClassName=Source Member=Component P12 TP
Added Member To Class: ClassName=Source Member=Component P13 TP
Added Member To Class: ClassName=Source Member=Component P14 Header 8
