Change Component Designator: Old Designator=C20 New Designator=C19
Change Component Designator: Old Designator=C21 New Designator=C20
Change Component Designator: Old Designator=C22 New Designator=C21
Change Component Designator: Old Designator=C23 New Designator=C22
Change Component Designator: Old Designator=C24 New Designator=C23
Change Component Designator: Old Designator=C25 New Designator=C24
Change Component Designator: Old Designator=C26 New Designator=C25
Change Component Designator: Old Designator=C27 New Designator=C26
Change Component Designator: Old Designator=C28 New Designator=C27
Change Component Designator: Old Designator=C29 New Designator=C28
Change Component Designator: Old Designator=C30 New Designator=C29
Change Component Designator: Old Designator=C31 New Designator=C30
Change Component Designator: Old Designator=C32 New Designator=C31
Change Component Designator: Old Designator=C33 New Designator=C32
Change Component Designator: Old Designator=C34 New Designator=C33
Change Component Designator: Old Designator=C35 New Designator=C34
Change Component Designator: Old Designator=IDC1 New Designator=IDC3
Change Component Designator: Old Designator=IDC2 New Designator=IDC6
Change Component Designator: Old Designator=IDC3 New Designator=IDC4
Change Component Designator: Old Designator=IDC4 New Designator=IDC1
Change Component Designator: Old Designator=IDC6 New Designator=IDC2
Change Component Designator: Old Designator=J6 New Designator=J5
Change Component Designator: Old Designator=J8 New Designator=J6
Change Component Designator: Old Designator=J9 New Designator=J7
Change Component Designator: Old Designator=J14 New Designator=J8
Change Component Designator: Old Designator=J15 New Designator=J9
Change Component Designator: Old Designator=LED 0 New Designator=LED 4
Change Component Designator: Old Designator=LED 1 New Designator=LED 3
Change Component Designator: Old Designator=LED 2 New Designator=LED 1
Change Component Designator: Old Designator=LED 3 New Designator=LED 2
Change Component Designator: Old Designator=LED 4 New Designator=LED 5
Change Component Designator: Old Designator=LED 5 New Designator=LED 6
Change Component Designator: Old Designator=LED 6 New Designator=LED 7
Change Component Designator: Old Designator=LED 7 New Designator=LED 8
Change Component Designator: Old Designator=R1 New Designator=R3
Change Component Designator: Old Designator=R2 New Designator=R4
Change Component Designator: Old Designator=R3 New Designator=R5
Change Component Designator: Old Designator=R4 New Designator=R6
Change Component Designator: Old Designator=R5 New Designator=R7
Change Component Designator: Old Designator=R6 New Designator=R8
Change Component Designator: Old Designator=R7 New Designator=R9
Change Component Designator: Old Designator=R8 New Designator=R10
Change Component Designator: Old Designator=R9 New Designator=R11
Change Component Designator: Old Designator=R10 New Designator=R12
Change Component Designator: Old Designator=R11 New Designator=R13
Change Component Designator: Old Designator=R12 New Designator=R14
Change Component Designator: Old Designator=R13 New Designator=R15
Change Component Designator: Old Designator=R14 New Designator=R16
Change Component Designator: Old Designator=R15 New Designator=R17
Change Component Designator: Old Designator=R16 New Designator=R18
Change Component Designator: Old Designator=R17 New Designator=R19
Change Component Designator: Old Designator=R18 New Designator=R20
Change Component Designator: Old Designator=R19 New Designator=R21
Change Component Designator: Old Designator=R20 New Designator=R22
Change Component Designator: Old Designator=R? New Designator=R1
Change Component Designator: Old Designator=R? New Designator=R2
