Change Component Designator: Old Designator=1 New Designator=3
Change Component Designator: Old Designator=2 New Designator=1
Change Component Designator: Old Designator=3 New Designator=2
Change Component Designator: Old Designator=C2 New Designator=C1
Change Component Designator: Old Designator=C3 New Designator=C4
Change Component Designator: Old Designator=C4 New Designator=C2
Change Component Designator: Old Designator=C5 New Designator=C3
Change Component Designator: Old Designator=C6 New Designator=C5
Change Component Designator: Old Designator=C7 New Designator=C6
Change Component Designator: Old Designator=C8 New Designator=C7
Change Component Designator: Old Designator=C9 New Designator=C8
Change Component Designator: Old Designator=C10 New Designator=C9
Change Component Designator: Old Designator=C13 New Designator=C10
Change Component Designator: Old Designator=D2 New Designator=D1
Change Component Designator: Old Designator=D3 New Designator=D2
Change Component Designator: Old Designator=D4 New Designator=D3
Change Component Designator: Old Designator=D5 New Designator=D4
Change Component Designator: Old Designator=D6 New Designator=D5
Change Component Designator: Old Designator=D7 New Designator=D6
Change Component Designator: Old Designator=D8 New Designator=D7
Change Component Designator: Old Designator=D9 New Designator=D8
Change Component Designator: Old Designator=D10 New Designator=D9
Change Component Designator: Old Designator=FB5 New Designator=FB1
Change Component Designator: Old Designator=FB6 New Designator=FB2
Change Component Designator: Old Designator=J3 New Designator=J4
Change Component Designator: Old Designator=J4 New Designator=J8
Change Component Designator: Old Designator=J5 New Designator=J9
Change Component Designator: Old Designator=J7 New Designator=J14
Change Component Designator: Old Designator=J8 New Designator=J15
Change Component Designator: Old Designator=J9 New Designator=J6
Change Component Designator: Old Designator=J? New Designator=J3
Change Component Designator: Old Designator=J? New Designator=J5
Change Component Designator: Old Designator=J? New Designator=J7
Change Component Designator: Old Designator=J? New Designator=J10
Change Component Designator: Old Designator=J? New Designator=J11
Change Component Designator: Old Designator=J? New Designator=J12
Change Component Designator: Old Designator=J? New Designator=J13
Change Component Designator: Old Designator=P1 New Designator=P2
Change Component Designator: Old Designator=P2 New Designator=P1
Change Component Designator: Old Designator=R3 New Designator=R4
Change Component Designator: Old Designator=R4 New Designator=R3
Change Component Designator: Old Designator=R6 New Designator=R9
Change Component Designator: Old Designator=R7 New Designator=R8
Change Component Designator: Old Designator=R8 New Designator=R5
Change Component Designator: Old Designator=R9 New Designator=R6
Change Component Designator: Old Designator=R10 New Designator=R7
Change Component Designator: Old Designator=R11 New Designator=R10
Change Component Designator: Old Designator=R12 New Designator=R11
Change Component Designator: Old Designator=R13 New Designator=R12
Change Component Designator: Old Designator=R14 New Designator=R13
Change Component Designator: Old Designator=R15 New Designator=R14
Change Component Designator: Old Designator=R16 New Designator=R15
Change Component Designator: Old Designator=R17 New Designator=R16
Change Component Designator: Old Designator=R18 New Designator=R17
Change Component Designator: Old Designator=R19 New Designator=R18
Change Component Designator: Old Designator=R20 New Designator=R19
Change Component Designator: Old Designator=S1 New Designator=S2
Change Component Designator: Old Designator=S2 New Designator=S1
Change Component Designator: Old Designator=SOURCE New Designator=SOURCE1
Change Component Designator: Old Designator=SOURCE_SIG New Designator=SOURCE_SIG1
