Removed Pin From Net: NetName=5V_S Pin=IDC2-4
Removed Pin From Net: NetName=P13 Pin=IDC2-6
Removed Pin From Net: NetName=P12 Pin=IDC2-8
Removed Member From Class: ClassName=MCU_Src Member=C13
Added Pin To Net: NetName=P13 Pin=IDC2-4
Added Pin To Net: NetName=P12 Pin=IDC2-6
Added Pin To Net: NetName=5V_S Pin=IDC2-8
Add Pin To Net: Unknown Pin: Pin VIT1-VIT1
Add Pin To Net: Unknown Pin: Pin VIT2-VIT1
Add Pin To Net: Unknown Pin: Pin VIT3-VIT1
Add Pin To Net: Unknown Pin: Pin VIT4-VIT1
Add Net: Net with name "VIN" already exists
Added Member To Class: ClassName=MCU Member=Component C6 104
Added Member To Class: ClassName=MCU Member=Component C7 104
Added Member To Class: ClassName=MCU Member=Component C8 104
Added Member To Class: ClassName=MCU Member=Component C9 104
Added Member To Class: ClassName=MCU Member=Component C10 104
Added Member To Class: ClassName=MCU Member=Component C11 104
Added Member To Class: ClassName=MCU Member=Component C12 104
Added Member To Class: ClassName=MCU Member=Component C13 104
Added Member To Class: ClassName=MCU Member=Component C14 104
Added Member To Class: ClassName=MCU Member=Component C15 104
Added Member To Class: ClassName=MCU_Src Member=Component C16 104
Added Member To Class: ClassName=MCU_Src Member=Component C18 104
Added Member To Class: ClassName=MCU_Src Member=Component C21 104
Added Member To Class: ClassName=MCU_Src Member=Component C23 104
