Removed Pin From Net: NetName=GND Pin=C2-1
Removed Pin From Net: NetName=GND Pin=C3-1
Removed Pin From Net: NetName=GND Pin=C4-1
Removed Pin From Net: NetName=GND Pin=C5-2
Removed Pin From Net: NetName=RX_0 Pin=IDC2-1
Removed Pin From Net: NetName=3.3V Pin=IDC2-2
Removed Pin From Net: NetName=TX_0 Pin=IDC2-3
Removed Pin From Net: NetName=+5V1 Pin=IDC2-4
Removed Pin From Net: NetName=P06 Pin=IDC2-5
Removed Pin From Net: NetName=+5V1 Pin=IDC2-6
Removed Pin From Net: NetName=P07 Pin=IDC2-7
Removed Pin From Net: NetName=+5V1 Pin=IDC2-8
Removed Pin From Net: NetName=GND Pin=IDC2-9
Removed Pin From Net: NetName=+5V1 Pin=IDC2-10
Removed Pin From Net: NetName=TX/DI Pin=IDC4-1
Removed Pin From Net: NetName=3.3V Pin=IDC4-2
Removed Pin From Net: NetName=DE/RE Pin=IDC4-3
Removed Pin From Net: NetName=+5V2 Pin=IDC4-4
Removed Pin From Net: NetName=RX/RO Pin=IDC4-7
Removed Pin From Net: NetName=+5V1 Pin=IDC4-8
Removed Pin From Net: NetName=GND Pin=IDC4-9
Removed Pin From Net: NetName=+5V1 Pin=IDC4-10
Removed Pin From Net: NetName=I2CHW_SCL Pin=IDC5-1
Removed Pin From Net: NetName=I2CHW_SDA Pin=IDC5-3
Removed Pin From Net: NetName=GND Pin=IDC5-4
Removed Pin From Net: NetName=P15 Pin=IDC5-5
Removed Pin From Net: NetName=-5V Pin=IDC5-6
Removed Pin From Net: NetName=P16 Pin=IDC5-7
Removed Pin From Net: NetName=P17 Pin=IDC5-9
Removed Pin From Net: NetName=IDC_CS Pin=IDC7-1
Removed Pin From Net: NetName=3.3V Pin=IDC7-2
Removed Pin From Net: NetName=IDC_MISO Pin=IDC7-3
Removed Pin From Net: NetName=IDC_MOSI Pin=IDC7-5
Removed Pin From Net: NetName=IDC_CLK Pin=IDC7-7
Removed Pin From Net: NetName=GND Pin=IDC7-8
Removed Pin From Net: NetName=P04 Pin=IDC7-9
Removed Pin From Net: NetName=P05 Pin=IDC7-10
Removed Pin From Net: NetName=-5V Pin=IDC8-1
Removed Pin From Net: NetName=Button Pin=IDC8-2
Removed Pin From Net: NetName=+5V1 Pin=IDC8-3
Removed Pin From Net: NetName=P13 Pin=IDC8-4
Removed Pin From Net: NetName=GND Pin=IDC8-5
Removed Pin From Net: NetName=P12 Pin=IDC8-6
Removed Pin From Net: NetName=I2CHW_SCL Pin=IDC8-7
Removed Pin From Net: NetName=P11 Pin=IDC8-8
Removed Pin From Net: NetName=I2CHW_SDA Pin=IDC8-9
Removed Pin From Net: NetName=P10 Pin=IDC8-10
Removed Pin From Net: NetName=GND Pin=U2-1
Added Component: Designator=FB1(RES-SMD-0805)
Added Pin To Net: NetName=GND Pin=FB1-2
Added Pin To Net: NetName=GND Pin=IDC2-1
Added Pin To Net: NetName=GND Pin=IDC2-3
Added Pin To Net: NetName=P07 Pin=IDC2-4
Added Pin To Net: NetName=+5V1 Pin=IDC2-5
Added Pin To Net: NetName=P06 Pin=IDC2-6
Added Pin To Net: NetName=+5V1 Pin=IDC2-7
Added Pin To Net: NetName=3.3V Pin=IDC2-9
Added Pin To Net: NetName=GND Pin=IDC4-1
Added Pin To Net: NetName=+5V1 Pin=IDC4-2
Added Pin To Net: NetName=RX/RO Pin=IDC4-3
Added Pin To Net: NetName=+5V1 Pin=IDC4-4
Added Pin To Net: NetName=DE/RE Pin=IDC4-7
Added Pin To Net: NetName=+5V2 Pin=IDC4-8
Added Pin To Net: NetName=TX/DI Pin=IDC4-9
Added Pin To Net: NetName=3.3V Pin=IDC4-10
Added Pin To Net: NetName=-5V Pin=IDC5-4
Added Pin To Net: NetName=+5V1 Pin=IDC5-6
Added Pin To Net: NetName=TX_0 Pin=IDC5-7
Added Pin To Net: NetName=RX_0 Pin=IDC5-9
Added Pin To Net: NetName=GND Pin=IDC7-2
Added Pin To Net: NetName=I2CHW_SCL Pin=IDC7-3
Added Pin To Net: NetName=-5V Pin=IDC7-4
Added Pin To Net: NetName=I2CHW_SCL Pin=IDC7-5
Added Pin To Net: NetName=I2CHW_SDA Pin=IDC7-7
Added Pin To Net: NetName=I2CHW_SDA Pin=IDC7-9
Added Pin To Net: NetName=P05 Pin=IDC8-1
Added Pin To Net: NetName=P04 Pin=IDC8-2
Added Pin To Net: NetName=GND Pin=IDC8-3
Added Pin To Net: NetName=IDC_CLK Pin=IDC8-4
Added Pin To Net: NetName=+5V1 Pin=IDC8-5
Added Pin To Net: NetName=IDC_MOSI Pin=IDC8-6
Added Pin To Net: NetName=+5V1 Pin=IDC8-7
Added Pin To Net: NetName=IDC_MISO Pin=IDC8-8
Added Pin To Net: NetName=3.3V Pin=IDC8-9
Added Pin To Net: NetName=IDC_CS Pin=IDC8-10
Add Pin To Net: Unknown Pin: Pin VIT1-VIT1
Add Pin To Net: Unknown Pin: Pin VIT2-VIT1
Add Pin To Net: Unknown Pin: Pin VIT3-VIT1
Add Pin To Net: Unknown Pin: Pin VIT4-VIT1
Change Net Color : Old Net Color=RGB(158, 161, 117) New Net Color=RGB(110, 255, 255)
Added Pin To Net: NetName=NetC2_1 Pin=C2-1
Added Pin To Net: NetName=NetC2_1 Pin=C3-1
Added Pin To Net: NetName=NetC2_1 Pin=C4-1
Added Pin To Net: NetName=NetC2_1 Pin=C5-2
Added Pin To Net: NetName=NetC2_1 Pin=FB1-1
Added Pin To Net: NetName=NetC2_1 Pin=U2-1
Added Net: Name=NetC2_1
Added Member To Class: ClassName=MCU Member=Component FB1 Ferrit Bead
