Removed Member From Class: ClassName=MCU Member=C?
Removed Member From Class: ClassName=MCU Member=R?
Removed Member From Class: ClassName=MCU Member=S?
Change Footprint: Footprint Not Found VIT_3.7mm
Change Footprint: Footprint Not Found VIT_3.7mm
Change Footprint: Footprint Not Found VIT_3.7mm
Change Footprint: Footprint Not Found VIT_3.7mm
Change Component Designator: OldDesignator=C6 NewDesignator=C7
Change Component Designator: OldDesignator=C7 NewDesignator=C8
Change Component Designator: OldDesignator=C8 NewDesignator=C9
Change Component Designator: OldDesignator=C9 NewDesignator=C10
Change Component Designator: OldDesignator=C? NewDesignator=C6
Change Component Designator: OldDesignator=R1 NewDesignator=R2
Change Component Designator: OldDesignator=R2 NewDesignator=R3
Change Component Designator: OldDesignator=R3 NewDesignator=R4
Change Component Designator: OldDesignator=R4 NewDesignator=R5
Change Component Designator: OldDesignator=R5 NewDesignator=R6
Change Component Designator: OldDesignator=R6 NewDesignator=R7
Change Component Designator: OldDesignator=R7 NewDesignator=R8
Change Component Designator: OldDesignator=R8 NewDesignator=R9
Change Component Designator: OldDesignator=R9 NewDesignator=R10
Change Component Designator: OldDesignator=R10 NewDesignator=R11
Change Component Designator: OldDesignator=R11 NewDesignator=R12
Change Component Designator: OldDesignator=R12 NewDesignator=R13
Change Component Designator: OldDesignator=R13 NewDesignator=R14
Change Component Designator: OldDesignator=R14 NewDesignator=R15
Change Component Designator: OldDesignator=R15 NewDesignator=R16
Change Component Designator: OldDesignator=R16 NewDesignator=R17
Change Component Designator: OldDesignator=R17 NewDesignator=R18
Change Component Designator: OldDesignator=R? NewDesignator=R1
Change Component Designator: OldDesignator=S1 NewDesignator=S2
Change Component Designator: OldDesignator=S2 NewDesignator=S3
Change Component Designator: OldDesignator=S? NewDesignator=S1
Add Component: Footprint Not Found VIT_3.7mm
Add Component: Footprint Not Found VIT_3.7mm
Change Net Name : Old Net Name=NetC8_2 New Net Name=NetC9_2
Change Net Name : Old Net Name=NetR3_1 New Net Name=NetR4_1
Change Net Name : Old Net Name=NetR4_1 New Net Name=NetR5_1
Change Net Name : Old Net Name=NetR5_2 New Net Name=NetR6_2
Change Net Name : Old Net Name=NetR8_2 New Net Name=NetR9_2
Change Net Name : Old Net Name=NetR9_1 New Net Name=NetR10_1
Change Net Name : Old Net Name=NetR10_2 New Net Name=NetR11_2
Change Net Name : Old Net Name=NetR17_2 New Net Name=NetR18_2
Added Member To Class: ClassName=MCU Member=Component C10 104
Added Member To Class: ClassName=MCU Member=Component R18 0R
Added Member To Class: ClassName=MCU Member=Component S3 SW-SMD
Add Class Member: Failed to add class member : Component VIT5 1
Add Class Member: Failed to add class member : Component VIT6 1
