Added Component: Designator=IDC1(IDC10)
Add component (AddParameter): Name = "Value"; Value = "Header 5x2"; VariantName = "[No Variations]"
Added Component: Designator=IDC3(IDC10)
Add component (AddParameter): Name = "Value"; Value = "Header 5x2"; VariantName = "[No Variations]"
Added Pin To Net: NetName=GND Pin=IDC1-1
Added Pin To Net: NetName=-5V Pin=IDC1-2
Added Pin To Net: NetName=GND Pin=IDC1-3
Added Pin To Net: NetName=3.3V Pin=IDC1-4
Added Pin To Net: NetName=GND Pin=IDC1-5
Added Pin To Net: NetName=3.3V Pin=IDC1-6
Added Pin To Net: NetName=GND Pin=IDC1-7
Added Pin To Net: NetName=+5V1 Pin=IDC1-8
Added Pin To Net: NetName=GND Pin=IDC1-9
Added Pin To Net: NetName=+5V1 Pin=IDC1-10
Added Pin To Net: NetName=I2CSW_SDA Pin=IDC3-1
Added Pin To Net: NetName=GND Pin=IDC3-2
Added Pin To Net: NetName=I2CSW_SCL Pin=IDC3-3
Added Pin To Net: NetName=GND Pin=IDC3-4
Added Pin To Net: NetName=+5V2 Pin=IDC3-5
Added Pin To Net: NetName=+5V2 Pin=IDC3-6
Added Pin To Net: NetName=WDT_RESET Pin=IDC3-7
Added Pin To Net: NetName=+5V2 Pin=IDC3-8
Added Pin To Net: NetName=WDT_PWM Pin=IDC3-9
Added Pin To Net: NetName=3.3V Pin=IDC3-10
Add Pin To Net: Unknown Pin: Pin VIT1-VIT1
Add Pin To Net: Unknown Pin: Pin VIT2-VIT1
Add Pin To Net: Unknown Pin: Pin VIT3-VIT1
Add Pin To Net: Unknown Pin: Pin VIT4-VIT1
Added Member To Class: ClassName=MCU Member=Component C1 104
Added Member To Class: ClassName=MCU Member=Component C2 104
Added Member To Class: ClassName=MCU Member=Component C4 104
Added Member To Class: ClassName=MCU Member=Component C5 104
Added Member To Class: ClassName=MCU Member=Component C6 104
Added Member To Class: ClassName=MCU Member=Component C8 104
Added Member To Class: ClassName=MCU Member=Component C9 104
Added Member To Class: ClassName=MCU Member=Component C10 104
Added Member To Class: ClassName=MCU Member=Component FB1 Ferrit Bead
Added Member To Class: ClassName=MCU Member=Component IDC1
Added Member To Class: ClassName=MCU Member=Component IDC3
Added Member To Class: ClassName=MCU Member=Component J2 Jumper2
Added Member To Class: ClassName=MCU Member=Component J6 Jumper 2
