Change Component Designator: OldDesignator=LED 1 NewDesignator=LED 2
Change Component Designator: OldDesignator=LED 2 NewDesignator=LED 3
Change Component Designator: OldDesignator=LED 3 NewDesignator=LED 1
Change Component Designator: OldDesignator=LED 4 NewDesignator=LED 0
Change Component Designator: OldDesignator=LED 5 NewDesignator=LED 4
Change Component Designator: OldDesignator=LED 6 NewDesignator=LED 5
Change Component Designator: OldDesignator=LED 7 NewDesignator=LED 6
Change Component Designator: OldDesignator=LED 8 NewDesignator=LED 7
Add Pin To Net: Unknown Pin: Pin VIT1-VIT1
Add Pin To Net: Unknown Pin: Pin VIT2-VIT1
Add Pin To Net: Unknown Pin: Pin VIT3-VIT1
Add Pin To Net: Unknown Pin: Pin VIT4-VIT1
Change Net Name : Old Net Name=NetLED 1_1 New Net Name=NetLED 2_1
Change Net Name : Old Net Name=NetLED 2_1 New Net Name=NetLED 3_1
Change Net Name : Old Net Name=NetLED 3_1 New Net Name=NetLED 1_1
Change Net Name : Old Net Name=NetLED 4_1 New Net Name=NetLED 0_1
Change Net Name : Old Net Name=NetLED 5_1 New Net Name=NetLED 4_1
Change Net Name : Old Net Name=NetLED 6_1 New Net Name=NetLED 5_1
Change Net Name : Old Net Name=NetLED 7_1 New Net Name=NetLED 6_1
Change Net Name : Old Net Name=NetLED 8_1 New Net Name=NetLED 7_1
Added Member To Class: ClassName=MCU Member=Component R3 0R
Added Member To Class: ClassName=MCU Member=Component R5 4.7k
Added Member To Class: ClassName=MCU Member=Component R7 0R
