Added Component: Designator=J1(RES-SMD-0201)
Added Component: Designator=J4(Header6)
Added Component: Designator=J5(Header6)
Added Component: Designator=P1(Testpoint 50ml)
Added Component: Designator=P2(Testpoint 50ml)
Added Component: Designator=P3(Testpoint 50ml)
Add Component: Footprint Not Found VIT_3.7mm
Add Component: Footprint Not Found VIT_3.7mm
Add Component: Footprint Not Found VIT_3.7mm
Add Component: Footprint Not Found VIT_3.7mm
Add Component: Footprint Not Found VIT_3.7mm
Add Component: Footprint Not Found VIT_3.7mm
Add Pin To Net: Unknown Pin: Pin J1-1
Add Pin To Net: Unknown Pin: Pin J1-2
Add Pin To Net: Unknown Pin: Pin J4-1
Add Pin To Net: Unknown Pin: Pin J4-2
Add Pin To Net: Unknown Pin: Pin J4-3
Add Pin To Net: Unknown Pin: Pin J4-4
Add Pin To Net: Unknown Pin: Pin J4-5
Add Pin To Net: Unknown Pin: Pin J4-6
Add Pin To Net: Unknown Pin: Pin J5-3
Add Pin To Net: Unknown Pin: Pin J5-4
Add Pin To Net: Unknown Pin: Pin J5-5
Add Pin To Net: Unknown Pin: Pin J5-6
Add Pin To Net: Unknown Pin: Pin P1-1
Add Pin To Net: Unknown Pin: Pin P2-1
Add Pin To Net: Unknown Pin: Pin P3-1
Add Pin To Net: Unknown Pin: Pin P4-0
Added Member To Class: ClassName=MCU Member=Component IDC7
Add Class Member: Failed to add class member : Component J1 Jumper2
Add Class Member: Failed to add class member : Component J4 Header6
Add Class Member: Failed to add class member : Component J5 Header6
Add Class Member: Failed to add class member : Component P1 TP
Add Class Member: Failed to add class member : Component P2 TP
Add Class Member: Failed to add class member : Component P3 TP
Add Class Member: Failed to add class member : Component VIT1 1
Add Class Member: Failed to add class member : Component VIT2 1
Add Class Member: Failed to add class member : Component VIT3 1
Add Class Member: Failed to add class member : Component VIT4 1
Add Class Member: Failed to add class member : Component VIT5 1
Add Class Member: Failed to add class member : Component VIT6 1
