Removed Pin From Net: NetName=-5V Pin=-1-1
Removed Pin From Net: NetName=3.3V Pin=1-1
Removed Pin From Net: NetName=+5V1 Pin=2-1
Removed Pin From Net: NetName=-5V Pin=IDC1-1
Removed Pin From Net: NetName=GND Pin=IDC1-2
Removed Pin From Net: NetName=3.3V Pin=IDC1-3
Removed Pin From Net: NetName=GND Pin=IDC1-4
Removed Pin From Net: NetName=3.3V Pin=IDC1-5
Removed Pin From Net: NetName=GND Pin=IDC1-6
Removed Pin From Net: NetName=+5V1 Pin=IDC1-7
Removed Pin From Net: NetName=GND Pin=IDC1-8
Removed Pin From Net: NetName=+5V1 Pin=IDC1-9
Removed Pin From Net: NetName=GND Pin=IDC1-10
Removed Pin From Net: NetName=GND Pin=IDC3-1
Removed Pin From Net: NetName=WDT_PWM Pin=IDC3-2
Removed Pin From Net: NetName=GND Pin=IDC3-3
Removed Pin From Net: NetName=WDT_RESET Pin=IDC3-4
Removed Pin From Net: NetName=+5V2 Pin=IDC3-7
Removed Pin From Net: NetName=I2CSW_SCL Pin=IDC3-8
Removed Pin From Net: NetName=3.3V Pin=IDC3-9
Removed Pin From Net: NetName=I2CSW_SDA Pin=IDC3-10
Removed Member From Class: ClassName=MCU Member=-1
Removed Member From Class: ClassName=MCU Member=1
Removed Member From Class: ClassName=MCU Member=2
Added Component: Designator=-?(Testpoint 50ml)
Added Component: Designator=?(Testpoint 50ml)
Added Component: Designator=?(Testpoint 50ml)
Added Pin To Net: NetName=-5V Pin=-?-1
Added Pin To Net: NetName=3.3V Pin=?-1
Added Pin To Net: NetName=+5V1 Pin=?-1
Added Pin To Net: NetName=GND Pin=IDC1-1
Added Pin To Net: NetName=+5V1 Pin=IDC1-2
Added Pin To Net: NetName=GND Pin=IDC1-3
Added Pin To Net: NetName=+5V1 Pin=IDC1-4
Added Pin To Net: NetName=GND Pin=IDC1-5
Added Pin To Net: NetName=3.3V Pin=IDC1-6
Added Pin To Net: NetName=GND Pin=IDC1-7
Added Pin To Net: NetName=3.3V Pin=IDC1-8
Added Pin To Net: NetName=GND Pin=IDC1-9
Added Pin To Net: NetName=-5V Pin=IDC1-10
Added Pin To Net: NetName=I2CSW_SDA Pin=IDC3-1
Added Pin To Net: NetName=3.3V Pin=IDC3-2
Added Pin To Net: NetName=I2CSW_SCL Pin=IDC3-3
Added Pin To Net: NetName=+5V2 Pin=IDC3-4
Added Pin To Net: NetName=WDT_RESET Pin=IDC3-7
Added Pin To Net: NetName=GND Pin=IDC3-8
Added Pin To Net: NetName=WDT_PWM Pin=IDC3-9
Added Pin To Net: NetName=GND Pin=IDC3-10
Add Pin To Net: Unknown Pin: Pin VIT1-VIT1
Add Pin To Net: Unknown Pin: Pin VIT2-VIT1
Add Pin To Net: Unknown Pin: Pin VIT3-VIT1
Add Pin To Net: Unknown Pin: Pin VIT4-VIT1
Added Member To Class: ClassName=MCU Member=Component -? -5V
Added Member To Class: ClassName=MCU Member=Component ? 3V3
Added Member To Class: ClassName=MCU Member=Component ? 5V
