Removed Pin From Net: NetName=+5V1 Pin=IDC6-1
Removed Pin From Net: NetName=3.3V Pin=IDC6-2
Removed Pin From Net: NetName=GND Pin=IDC6-3
Removed Pin From Net: NetName=PWM_01 Pin=IDC6-4
Removed Pin From Net: NetName=P04 Pin=IDC6-5
Removed Pin From Net: NetName=PWM_02 Pin=IDC6-6
Removed Pin From Net: NetName=P03 Pin=IDC6-7
Removed Pin From Net: NetName=P00 Pin=IDC6-8
Removed Pin From Net: NetName=P02 Pin=IDC6-9
Removed Pin From Net: NetName=P01 Pin=IDC6-10
Change Footprint: Footprint Not Found VIT_3.7mm
Change Footprint: Footprint Not Found VIT_3.7mm
Change Footprint: Footprint Not Found VIT_3.7mm
Change Footprint: Footprint Not Found VIT_3.7mm
Change Component Designator: OldDesignator=R3 NewDesignator=R4
Change Component Designator: OldDesignator=R4 NewDesignator=R3
Add Component: Footprint Not Found VIT_3.7mm
Add Component: Footprint Not Found VIT_3.7mm
Added Pin To Net: NetName=P01 Pin=IDC6-1
Added Pin To Net: NetName=P02 Pin=IDC6-2
Added Pin To Net: NetName=P00 Pin=IDC6-3
Added Pin To Net: NetName=P03 Pin=IDC6-4
Added Pin To Net: NetName=PWM_02 Pin=IDC6-5
Added Pin To Net: NetName=P04 Pin=IDC6-6
Added Pin To Net: NetName=PWM_01 Pin=IDC6-7
Added Pin To Net: NetName=GND Pin=IDC6-8
Added Pin To Net: NetName=3.3V Pin=IDC6-9
Added Pin To Net: NetName=+5V1 Pin=IDC6-10
Change Net Name : Old Net Name=NetR3_1 New Net Name=NetR4_1
Change Net Name : Old Net Name=NetR4_1 New Net Name=NetR3_1
Add Class Member: Failed to add class member : Component VIT5 1
Add Class Member: Failed to add class member : Component VIT6 1
