Removed Pin From Net: NetName=VIN Pin=C1-2
Removed Pin From Net: NetName=VIN Pin=C2-2
Removed Pin From Net: NetName=VIN Pin=C4-1
Removed Pin From Net: NetName=VIN Pin=D1-2
Removed Pin From Net: NetName=VIN Pin=F1-2
Removed Pin From Net: NetName=VIN Pin=J1-1
Removed Pin From Net: NetName=VIN Pin=U2-3
Change Footprint: Footprint Not Found VIT_3.7mm
Change Footprint: Footprint Not Found VIT_3.7mm
Change Footprint: Footprint Not Found VIT_3.7mm
Change Footprint: Footprint Not Found VIT_3.7mm
Add Component: Footprint Not Found VIT_3.7mm
Add Component: Footprint Not Found VIT_3.7mm
Added Pin To Net: NetName=VIN Pin=F1-1
Added Pin To Net: NetName=VIN Pin=IDC1-6
Added Pin To Net: NetName=VIN Pin=IDC1-8
Added Pin To Net: NetName=VIN Pin=TP2-1
Change Net Name : Old Net Name=VIN New Net Name=+5V1
Added Pin To Net: NetName=VIN Pin=C1-2
Added Pin To Net: NetName=VIN Pin=C2-2
Added Pin To Net: NetName=VIN Pin=C4-1
Added Pin To Net: NetName=VIN Pin=D1-2
Added Pin To Net: NetName=VIN Pin=F1-2
Added Pin To Net: NetName=VIN Pin=J1-1
Added Pin To Net: NetName=VIN Pin=U2-3
Added Net: Name=VIN
Added Member To Class: ClassName=MCU Member=Component C2 104
Added Member To Class: ClassName=MCU Member=Component C3 104
Added Member To Class: ClassName=MCU Member=Component C4 CAP_TAN_SMD
Added Member To Class: ClassName=MCU Member=Component C5 CAP_TAN_SMD
Added Member To Class: ClassName=MCU Member=Component J3 Jumper2
Added Member To Class: ClassName=MCU Member=Component J5 Header6
Added Member To Class: ClassName=MCU Member=Component U2 LM1117
Added Member To Class: ClassName=MCU Member=Component U3 PCF8575
Added Member To Class: ClassName=MCU Member=Component U4 PCF8574DW
Add Class Member: Failed to add class member : Component VIT5 1
Add Class Member: Failed to add class member : Component VIT6 1
Added Rule: Name=Schematic Supply Nets_2
