Removed Pin From Net: NetName=P07 Pin=IDC2-5
Removed Pin From Net: NetName=P06 Pin=IDC2-7
Removed Pin From Net: NetName=P15 Pin=IDC5-5
Removed Pin From Net: NetName=P14 Pin=IDC5-7
Removed Pin From Net: NetName=P13 Pin=IDC5-9
Removed Pin From Net: NetName=P01 Pin=IDC6-1
Removed Pin From Net: NetName=P00 Pin=IDC6-3
Removed Pin From Net: NetName=P03 Pin=IDC6-4
Removed Pin From Net: NetName=P04 Pin=IDC6-6
Removed Pin From Net: NetName=P17 Pin=IDC7-2
Removed Pin From Net: NetName=P16 Pin=IDC7-4
Removed Pin From Net: NetName=P10 Pin=IDC8-6
Removed Pin From Net: NetName=P12 Pin=IDC8-10
Change Footprint: Footprint Not Found VIT_3.7mm
Change Footprint: Footprint Not Found VIT_3.7mm
Change Footprint: Footprint Not Found VIT_3.7mm
Change Footprint: Footprint Not Found VIT_3.7mm
Add Component: Footprint Not Found VIT_3.7mm
Add Component: Footprint Not Found VIT_3.7mm
Added Pin To Net: NetName=P06 Pin=IDC2-5
Added Pin To Net: NetName=P07 Pin=IDC2-7
Added Pin To Net: NetName=P17 Pin=IDC5-5
Added Pin To Net: NetName=P16 Pin=IDC5-7
Added Pin To Net: NetName=P15 Pin=IDC5-9
Added Pin To Net: NetName=P03 Pin=IDC6-1
Added Pin To Net: NetName=P01 Pin=IDC6-4
Added Pin To Net: NetName=P00 Pin=IDC6-6
Added Pin To Net: NetName=P04 Pin=IDC7-2
Added Pin To Net: NetName=P14 Pin=IDC8-2
Added Pin To Net: NetName=P13 Pin=IDC8-4
Added Pin To Net: NetName=P12 Pin=IDC8-6
Added Pin To Net: NetName=P10 Pin=IDC8-10
Add Class Member: Failed to add class member : Component VIT5 1
Add Class Member: Failed to add class member : Component VIT6 1
