Removed Pin From Net: NetName=3.3V Pin=J8-1
Removed Pin From Net: NetName=3.3V Pin=U1-1
Change Component Comment : Designator=3 Old Comment=SRC New Comment=3V3 - 5V
Change Component Designator: OldDesignator=C20 NewDesignator=C19
Change Component Designator: OldDesignator=C21 NewDesignator=C20
Change Component Designator: OldDesignator=C22 NewDesignator=C21
Change Component Designator: OldDesignator=C23 NewDesignator=C22
Change Component Designator: OldDesignator=C24 NewDesignator=C23
Change Component Designator: OldDesignator=C25 NewDesignator=C24
Change Component Designator: OldDesignator=C26 NewDesignator=C25
Change Component Designator: OldDesignator=C27 NewDesignator=C26
Change Component Designator: OldDesignator=C28 NewDesignator=C27
Change Component Designator: OldDesignator=C29 NewDesignator=C28
Change Component Designator: OldDesignator=C30 NewDesignator=C29
Change Component Designator: OldDesignator=C31 NewDesignator=C30
Change Component Designator: OldDesignator=C32 NewDesignator=C31
Change Component Designator: OldDesignator=C33 NewDesignator=C32
Change Component Designator: OldDesignator=C34 NewDesignator=C33
Change Component Designator: OldDesignator=C35 NewDesignator=C34
Change Component Designator: OldDesignator=IDC1 NewDesignator=IDC3
Change Component Designator: OldDesignator=IDC2 NewDesignator=IDC6
Change Component Designator: OldDesignator=IDC3 NewDesignator=IDC4
Change Component Designator: OldDesignator=IDC4 NewDesignator=IDC1
Change Component Designator: OldDesignator=IDC6 NewDesignator=IDC2
Change Component Designator: OldDesignator=J6 NewDesignator=J5
Change Component Designator: OldDesignator=J8 NewDesignator=J6
Change Component Designator: OldDesignator=J9 NewDesignator=J7
Change Component Designator: OldDesignator=J14 NewDesignator=J8
Change Component Designator: OldDesignator=J15 NewDesignator=J9
Change Component Designator: OldDesignator=LED 0 NewDesignator=LED 4
Change Component Designator: OldDesignator=LED 1 NewDesignator=LED 3
Change Component Designator: OldDesignator=LED 2 NewDesignator=LED 1
Change Component Designator: OldDesignator=LED 3 NewDesignator=LED 2
Change Component Designator: OldDesignator=LED 4 NewDesignator=LED 5
Change Component Designator: OldDesignator=LED 5 NewDesignator=LED 6
Change Component Designator: OldDesignator=LED 6 NewDesignator=LED 7
Change Component Designator: OldDesignator=LED 7 NewDesignator=LED 8
Change Component Designator: OldDesignator=R1 NewDesignator=R3
Change Component Designator: OldDesignator=R2 NewDesignator=R4
Change Component Designator: OldDesignator=R3 NewDesignator=R5
Change Component Designator: OldDesignator=R4 NewDesignator=R6
Change Component Designator: OldDesignator=R5 NewDesignator=R7
Change Component Designator: OldDesignator=R6 NewDesignator=R8
Change Component Designator: OldDesignator=R7 NewDesignator=R9
Change Component Designator: OldDesignator=R8 NewDesignator=R10
Change Component Designator: OldDesignator=R9 NewDesignator=R11
Change Component Designator: OldDesignator=R10 NewDesignator=R12
Change Component Designator: OldDesignator=R11 NewDesignator=R13
Change Component Designator: OldDesignator=R12 NewDesignator=R14
Change Component Designator: OldDesignator=R13 NewDesignator=R15
Change Component Designator: OldDesignator=R14 NewDesignator=R16
Change Component Designator: OldDesignator=R15 NewDesignator=R17
Change Component Designator: OldDesignator=R16 NewDesignator=R18
Change Component Designator: OldDesignator=R17 NewDesignator=R19
Change Component Designator: OldDesignator=R18 NewDesignator=R20
Change Component Designator: OldDesignator=R19 NewDesignator=R21
Change Component Designator: OldDesignator=R20 NewDesignator=R22
Change Component Kind : Designator=VIT1 Old Kind=Standard New Kind=Net Tie
Change Component Kind : Designator=J3 Old Kind=Standard New Kind=Net Tie
Change Component Kind : Designator=VIT2 Old Kind=Standard New Kind=Net Tie
Change Component Kind : Designator=VIT4 Old Kind=Standard New Kind=Net Tie
Change Component Kind : Designator=VIT3 Old Kind=Standard New Kind=Net Tie
Change Component Kind : Designator=J2 Old Kind=Standard New Kind=Net Tie
Change Component Kind : Designator=2 Old Kind=Standard New Kind=Net Tie
Change Component Kind : Designator=1 Old Kind=Standard New Kind=Net Tie
Change Component Kind : Designator=3 Old Kind=Standard New Kind=Net Tie
Change Component Kind : Designator=J1 Old Kind=Standard New Kind=Net Tie
Change Component Kind : Designator=-1 Old Kind=Standard New Kind=Net Tie
Added Component: Designator=R1(RES-SMD-0603)
Add component (AddParameter): Name = "Class"; Value = "Passive"; VariantName = "[No Variations]"
Add component (AddParameter): Name = "Manufacturer"; Value = "Generic Components"; VariantName = "[No Variations]"
Add component (AddParameter): Name = "Published"; Value = "08/06/2000"; VariantName = "[No Variations]"
Add component (AddParameter): Name = "Publisher"; Value = "Altium Hobart Technology Centre"; VariantName = "[No Variations]"
Added Component: Designator=R2(RES-SMD-0603)
Add component (AddParameter): Name = "Class"; Value = "Passive"; VariantName = "[No Variations]"
Add component (AddParameter): Name = "Manufacturer"; Value = "Generic Components"; VariantName = "[No Variations]"
Add component (AddParameter): Name = "Published"; Value = "08/06/2000"; VariantName = "[No Variations]"
Add component (AddParameter): Name = "Publisher"; Value = "Altium Hobart Technology Centre"; VariantName = "[No Variations]"
Added Pin To Net: NetName=GND Pin=R1-2
Added Pin To Net: NetName=GND Pin=R2-2
Add Pin To Net: Unknown Pin: Pin VIT1-VIT1
Add Pin To Net: Unknown Pin: Pin VIT2-VIT1
Add Pin To Net: Unknown Pin: Pin VIT3-VIT1
Add Pin To Net: Unknown Pin: Pin VIT4-VIT1
Change Net Name : Old Net Name=+5V New Net Name=5V_S
Change Net Name : Old Net Name=3V3 - 5V New Net Name=5V_LDO
Change Net Name : Old Net Name=NetC33_2 New Net Name=NetC32_2
Change Net Name : Old Net Name=NetLED 0_1 New Net Name=NetLED 4_1
Change Net Name : Old Net Name=NetLED 1_1 New Net Name=NetLED 3_1
Change Net Name : Old Net Name=NetLED 2_1 New Net Name=NetLED 1_1
Change Net Name : Old Net Name=NetLED 3_1 New Net Name=NetLED 2_1
Change Net Name : Old Net Name=NetLED 4_1 New Net Name=NetLED 5_1
Change Net Name : Old Net Name=NetLED 5_1 New Net Name=NetLED 6_1
Change Net Name : Old Net Name=NetLED 6_1 New Net Name=NetLED 7_1
Change Net Name : Old Net Name=NetLED 7_1 New Net Name=NetLED 8_1
Change Net Name : Old Net Name=NetR8_1 New Net Name=NetR10_1
Change Net Name : Old Net Name=NetR9_1 New Net Name=NetR11_1
Change Net Name : Old Net Name=NetR11_2 New Net Name=NetR13_2
Change Net Name : Old Net Name=NetR12_1 New Net Name=NetR14_1
Change Net Color : Old Net Color=RGB(110, 110, 255) New Net Color=Default
Change Net Color : Old Net Color=Yellow New Net Color=Default
Added Pin To Net: NetName=3V3_MCU Pin=J6-1
Added Pin To Net: NetName=3V3_MCU Pin=U1-1
Added Net: Name=3V3_MCU
Added Pin To Net: NetName=NetP1_3 Pin=P1-3
Added Pin To Net: NetName=NetP1_3 Pin=R2-1
Added Net: Name=NetP1_3
Added Pin To Net: NetName=NetP1_4 Pin=P1-4
Added Pin To Net: NetName=NetP1_4 Pin=R1-1
Added Net: Name=NetP1_4
Added Member To Class: ClassName=MCU Member=Component R21 4.7k
Added Member To Class: ClassName=MCU Member=Component R22 0R
Added Rule: Name=Schematic Supply Nets_2
Added Rule: Name=Schematic Supply Nets_4
