Removed Pin From Net: NetName=GND Pin=C1-1
Removed Pin From Net: NetName=3.3V Pin=C1-2
Removed Pin From Net: NetName=GND Pin=C12-1
Removed Member From Class: ClassName=MCU Member=C12
Removed Member From Class: ClassName=MCU Member=C14
Change Component Designator: OldDesignator=C5 NewDesignator=C1
Change Component Designator: OldDesignator=C6 NewDesignator=C2
Change Component Designator: OldDesignator=C7 NewDesignator=C3
Change Component Designator: OldDesignator=C8 NewDesignator=C4
Change Component Designator: OldDesignator=C9 NewDesignator=C5
Change Component Designator: OldDesignator=C10 NewDesignator=C6
Change Component Designator: OldDesignator=C11 NewDesignator=C7
Change Component Designator: OldDesignator=C13 NewDesignator=C8
Change Component Designator: OldDesignator=C14 NewDesignator=C9
Change Component Designator: OldDesignator=C15 NewDesignator=C10
Change Component Designator: OldDesignator=C16 NewDesignator=C11
Change Component Designator: OldDesignator=C17 NewDesignator=C12
Change Component Designator: OldDesignator=C18 NewDesignator=C13
Change Component Designator: OldDesignator=C19 NewDesignator=C14
Change Component Designator: OldDesignator=C20 NewDesignator=C15
Change Component Designator: OldDesignator=C21 NewDesignator=C16
Change Component Designator: OldDesignator=C22 NewDesignator=C17
Change Component Designator: OldDesignator=C23 NewDesignator=C18
Change Component Designator: OldDesignator=C24 NewDesignator=C19
Add Pin To Net: Unknown Pin: Pin VIT1-VIT1
Add Pin To Net: Unknown Pin: Pin VIT2-VIT1
Add Pin To Net: Unknown Pin: Pin VIT3-VIT1
Add Pin To Net: Unknown Pin: Pin VIT4-VIT1
Change Net Name : Old Net Name=NetC13_2 New Net Name=NetC8_2
Change Net Name : Old Net Name=NetC17_2 New Net Name=NetC12_2
Change Net Name : Old Net Name=NetC18_2 New Net Name=NetC13_2
Change Net Name : Old Net Name=NetC22_1 New Net Name=NetC17_1
Change Net Name : Old Net Name=NetC22_2 New Net Name=NetC17_2
