Removed Pin From Net: NetName=P05 Pin=IDC7-1
Removed Pin From Net: NetName=P04 Pin=IDC7-2
Removed Pin From Net: NetName=GND Pin=IDC7-3
Removed Pin From Net: NetName=IDC_CLK Pin=IDC7-4
Removed Pin From Net: NetName=+5V1 Pin=IDC7-5
Removed Pin From Net: NetName=IDC_MOSI Pin=IDC7-6
Removed Pin From Net: NetName=+5V1 Pin=IDC7-7
Removed Pin From Net: NetName=IDC_MISO Pin=IDC7-8
Removed Pin From Net: NetName=3.3V Pin=IDC7-9
Removed Pin From Net: NetName=IDC_CS Pin=IDC7-10
Added Pin To Net: NetName=P04 Pin=IDC7-1
Added Pin To Net: NetName=P05 Pin=IDC7-2
Added Pin To Net: NetName=IDC_CLK Pin=IDC7-3
Added Pin To Net: NetName=GND Pin=IDC7-4
Added Pin To Net: NetName=IDC_MOSI Pin=IDC7-5
Added Pin To Net: NetName=+5V1 Pin=IDC7-6
Added Pin To Net: NetName=IDC_MISO Pin=IDC7-7
Added Pin To Net: NetName=+5V1 Pin=IDC7-8
Added Pin To Net: NetName=IDC_CS Pin=IDC7-9
Added Pin To Net: NetName=3.3V Pin=IDC7-10
Add Pin To Net: Unknown Pin: Pin VIT1-VIT1
Add Pin To Net: Unknown Pin: Pin VIT2-VIT1
Add Pin To Net: Unknown Pin: Pin VIT3-VIT1
Add Pin To Net: Unknown Pin: Pin VIT4-VIT1
Added Member To Class: ClassName=MCU Member=Component IDC8
