Removed Pin From Net: NetName=GND Pin=C6-1
Removed Pin From Net: NetName=3.3V Pin=C6-2
Removed Pin From Net: NetName=GND Pin=C7-1
Removed Pin From Net: NetName=5V_LDO Pin=C7-2
Removed Pin From Net: NetName=GND Pin=C8-1
Removed Pin From Net: NetName=5V_S Pin=C8-2
Removed Pin From Net: NetName=GND Pin=C9-1
Removed Pin From Net: NetName=-5V Pin=C9-2
Removed Pin From Net: NetName=GND Pin=C12-1
Removed Pin From Net: NetName=5V_LDO Pin=C12-2
Removed Pin From Net: NetName=GND Pin=C15-1
Removed Pin From Net: NetName=5V_S Pin=C15-2
Removed Pin From Net: NetName=GND Pin=C16-1
Removed Pin From Net: NetName=-5V Pin=C16-2
Removed Pin From Net: NetName=GND Pin=C18-1
Removed Pin From Net: NetName=5V_LDO Pin=C18-2
Removed Pin From Net: NetName=5V_LDO Pin=C19-2
Removed Pin From Net: NetName=5V_S Pin=IDC1-10
Removed Pin From Net: NetName=P14 Pin=IDC2-4
Removed Pin From Net: NetName=5V_S Pin=IDC3-10
Removed Pin From Net: NetName=Button02 Pin=IDC4-1
Removed Pin From Net: NetName=Button01 Pin=IDC4-2
Removed Pin From Net: NetName=Button01 Pin=IDC4-4
Removed Pin From Net: NetName=P16 Pin=IDC4-6
Removed Pin From Net: NetName=P15 Pin=IDC4-8
Removed Pin From Net: NetName=P11 Pin=IDC6-6
Removed Pin From Net: NetName=P10 Pin=IDC6-8
Removed Member From Class: ClassName=MCU Member=C16
Removed Member From Class: ClassName=MCU Member=C17
Removed Member From Class: ClassName=MCU Member=C18
Removed Member From Class: ClassName=MCU Member=C19
Removed Member From Class: ClassName=MCU Member=C20
Removed Member From Class: ClassName=MCU Member=C21
Removed Member From Class: ClassName=MCU Member=C22
Removed Member From Class: ClassName=MCU Member=C23
Change Component Designator: OldDesignator=C10 NewDesignator=C6
Change Component Designator: OldDesignator=C11 NewDesignator=C7
Change Component Designator: OldDesignator=C13 NewDesignator=C8
Change Component Designator: OldDesignator=C14 NewDesignator=C9
Change Component Designator: OldDesignator=C17 NewDesignator=C10
Change Component Designator: OldDesignator=C19 NewDesignator=C12
Change Component Designator: OldDesignator=C20 NewDesignator=C11
Change Component Designator: OldDesignator=C21 NewDesignator=C13
Change Component Designator: OldDesignator=C22 NewDesignator=C14
Change Component Designator: OldDesignator=C23 NewDesignator=C15
Change Component Designator: OldDesignator=C24 NewDesignator=C16
Change Component Designator: OldDesignator=C25 NewDesignator=C17
Change Component Designator: OldDesignator=C26 NewDesignator=C18
Change Component Designator: OldDesignator=C27 NewDesignator=C19
Change Component Designator: OldDesignator=C28 NewDesignator=C20
Change Component Designator: OldDesignator=C29 NewDesignator=C21
Change Component Designator: OldDesignator=C30 NewDesignator=C22
Change Component Designator: OldDesignator=C32 NewDesignator=C23
Change Component Designator: OldDesignator=C33 NewDesignator=C24
Change Component Designator: OldDesignator=R23 NewDesignator=R21
Change Component Designator: OldDesignator=R24 NewDesignator=R22
Added Pin To Net: NetName=5V_S Pin=IDC1-8
Added Pin To Net: NetName=5V_S Pin=IDC2-4
Added Pin To Net: NetName=5V_S Pin=IDC3-8
Added Pin To Net: NetName=Button01 Pin=IDC4-1
Added Pin To Net: NetName=P16 Pin=IDC4-2
Added Pin To Net: NetName=P15 Pin=IDC4-4
Added Pin To Net: NetName=P14 Pin=IDC4-6
Added Pin To Net: NetName=5V_S Pin=IDC4-8
Added Pin To Net: NetName=P11 Pin=IDC6-4
Added Pin To Net: NetName=P10 Pin=IDC6-6
Added Pin To Net: NetName=5V_S Pin=IDC6-8
Add Pin To Net: Unknown Pin: Pin VIT1-VIT1
Add Pin To Net: Unknown Pin: Pin VIT2-VIT1
Add Pin To Net: Unknown Pin: Pin VIT3-VIT1
Add Pin To Net: Unknown Pin: Pin VIT4-VIT1
Change Net Name : Old Net Name=NetC21_2 New Net Name=NetC13_2
Change Net Name : Old Net Name=NetC26_2 New Net Name=NetC18_2
Change Net Name : Old Net Name=NetC30_1 New Net Name=NetC22_1
Change Net Name : Old Net Name=NetC30_2 New Net Name=NetC22_2
Add Net: Net with name "VIN" already exists
