Removed Pin From Net: NetName=GND Pin=IDC2-1
Removed Pin From Net: NetName=GND Pin=IDC2-3
Removed Pin From Net: NetName=P07 Pin=IDC2-4
Removed Pin From Net: NetName=+5V1 Pin=IDC2-5
Removed Pin From Net: NetName=P06 Pin=IDC2-6
Removed Pin From Net: NetName=+5V1 Pin=IDC2-7
Removed Pin From Net: NetName=TX_0 Pin=IDC2-8
Removed Pin From Net: NetName=3.3V Pin=IDC2-9
Removed Pin From Net: NetName=RX_0 Pin=IDC2-10
Removed Pin From Net: NetName=+5V2 Pin=IDC4-8
Removed Pin From Net: NetName=GND Pin=IDC5-2
Removed Pin From Net: NetName=I2CHW_SCL Pin=IDC5-3
Removed Pin From Net: NetName=-5V Pin=IDC5-4
Removed Pin From Net: NetName=I2CHW_SCL Pin=IDC5-5
Removed Pin From Net: NetName=I2CHW_SDA Pin=IDC5-7
Removed Pin From Net: NetName=+5V1 Pin=IDC5-8
Removed Pin From Net: NetName=I2CHW_SDA Pin=IDC5-9
Removed Pin From Net: NetName=P03 Pin=IDC6-1
Removed Pin From Net: NetName=P02 Pin=IDC6-2
Removed Pin From Net: NetName=P01 Pin=IDC6-4
Removed Pin From Net: NetName=PWM_02 Pin=IDC6-5
Removed Pin From Net: NetName=P00 Pin=IDC6-6
Removed Pin From Net: NetName=PWM_01 Pin=IDC6-7
Removed Pin From Net: NetName=GND Pin=IDC6-8
Removed Pin From Net: NetName=3.3V Pin=IDC6-9
Removed Pin From Net: NetName=+5V1 Pin=IDC6-10
Removed Pin From Net: NetName=P05 Pin=IDC7-2
Removed Pin From Net: NetName=+5V1 Pin=IDC7-8
Removed Pin From Net: NetName=P04 Pin=IDC7-9
Removed Pin From Net: NetName=GND Pin=IDC8-2
Removed Pin From Net: NetName=-5V Pin=IDC8-4
Removed Pin From Net: NetName=+5V1 Pin=IDC8-6
Removed Pin From Net: NetName=3V3_MCU Pin=J2-1
Removed Pin From Net: NetName=GND Pin=U1-2
Removed Pin From Net: NetName=GND Pin=U1-29
Change Component Footprint: Designator=FB1 Old Footprint=RES-SMD-0805 New Footprint=RES-SMD-0603
Added Component: Designator=C?(CAP_0603)
Add component (AddParameter): Name = "LatestRevisionDate"; Value = "17-Jul-2002"; VariantName = "[No Variations]"
Add component (AddParameter): Name = "LatestRevisionNote"; Value = "Re-released for DXP Platform."; VariantName = "[No Variations]"
Add component (AddParameter): Name = "PackageReference"; Value = "RAD-0.3"; VariantName = "[No Variations]"
Add component (AddParameter): Name = "Published"; Value = "8-Jun-2000"; VariantName = "[No Variations]"
Add component (AddParameter): Name = "Publisher"; Value = "Altium Limited"; VariantName = "[No Variations]"
Add component (AddParameter): Name = "Value"; Value = "33p"; VariantName = "[No Variations]"
Added Component: Designator=C?(CAP_0603)
Add component (AddParameter): Name = "LatestRevisionDate"; Value = "17-Jul-2002"; VariantName = "[No Variations]"
Add component (AddParameter): Name = "LatestRevisionNote"; Value = "Re-released for DXP Platform."; VariantName = "[No Variations]"
Add component (AddParameter): Name = "PackageReference"; Value = "RAD-0.3"; VariantName = "[No Variations]"
Add component (AddParameter): Name = "Published"; Value = "8-Jun-2000"; VariantName = "[No Variations]"
Add component (AddParameter): Name = "Publisher"; Value = "Altium Limited"; VariantName = "[No Variations]"
Add component (AddParameter): Name = "Value"; Value = "33p"; VariantName = "[No Variations]"
Added Component: Designator=FB?(RES-SMD-0603)
Added Component: Designator=FB?(RES-SMD-0603)
Added Component: Designator=FB?(RES-SMD-0603)
Added Component: Designator=FB?(RES-SMD-0603)
Added Pin To Net: NetName=GND Pin=C?-1
Added Pin To Net: NetName=3.3V Pin=C?-2
Added Pin To Net: NetName=NetC2_1 Pin=FB1-1
Added Pin To Net: NetName=GND Pin=FB1-2
Added Pin To Net: NetName=3.3V Pin=FB?-1
Added Pin To Net: NetName=3V3_MCU Pin=FB?-1
Added Pin To Net: NetName=GND Pin=FB?-1
Added Pin To Net: NetName=GND Pin=FB?-2
Added Pin To Net: NetName=3.3V Pin=IDC4-8
Added Pin To Net: NetName=GND Pin=IDC5-3
Added Pin To Net: NetName=GND Pin=IDC5-4
Added Pin To Net: NetName=I2CHW_SDA Pin=IDC5-5
Added Pin To Net: NetName=I2CHW_SCL Pin=IDC5-7
Added Pin To Net: NetName=3.3V Pin=IDC5-8
Added Pin To Net: NetName=3.3V Pin=IDC5-9
Added Pin To Net: NetName=I2CSW_SCL Pin=IDC6-1
Added Pin To Net: NetName=I2CSW_SDA Pin=IDC6-3
Added Pin To Net: NetName=WDT_PWM Pin=IDC6-5
Added Pin To Net: NetName=PWM_02 Pin=IDC6-7
Added Pin To Net: NetName=PWM_01 Pin=IDC6-9
Added Pin To Net: NetName=GND Pin=IDC7-2
Added Pin To Net: NetName=3.3V Pin=IDC7-8
Added Pin To Net: NetName=TX_0 Pin=IDC8-7
Added Pin To Net: NetName=RX_0 Pin=IDC8-9
Add Pin To Net: Unknown Pin: Pin VIT1-VIT1
Add Pin To Net: Unknown Pin: Pin VIT2-VIT1
Add Pin To Net: Unknown Pin: Pin VIT3-VIT1
Add Pin To Net: Unknown Pin: Pin VIT4-VIT1
Added Pin To Net: NetName=3.3V_A Pin=C?-2
Added Pin To Net: NetName=3.3V_A Pin=FB?-2
Added Pin To Net: NetName=3.3V_A Pin=IDC6-8
Added Pin To Net: NetName=3.3V_A Pin=IDC6-10
Added Net: Name=3.3V_A
Added Pin To Net: NetName=GND_A Pin=C?-1
Added Pin To Net: NetName=GND_A Pin=FB?-2
Added Pin To Net: NetName=GND_A Pin=IDC6-2
Added Pin To Net: NetName=GND_A Pin=IDC6-4
Added Pin To Net: NetName=GND_A Pin=IDC6-6
Added Net: Name=GND_A
Added Pin To Net: NetName=NetFB?_1 Pin=FB?-1
Added Pin To Net: NetName=NetFB?_1 Pin=U1-2
Added Pin To Net: NetName=NetFB?_1 Pin=U1-29
Added Net: Name=NetFB?_1
Added Pin To Net: NetName=NetFB?_2 Pin=FB?-2
Added Pin To Net: NetName=NetFB?_2 Pin=J2-1
Added Net: Name=NetFB?_2
Added Member To Class: ClassName=MCU Member=Component C? 104
Added Member To Class: ClassName=MCU Member=Component C? 104
Added Member To Class: ClassName=MCU Member=Component FB? Ferrit Bead
Added Member To Class: ClassName=MCU Member=Component FB? 50R
Added Member To Class: ClassName=MCU Member=Component FB? Ferrit Bead
Added Member To Class: ClassName=MCU Member=Component FB? 50R
Added Rule: Name=Schematic Supply Nets
Added Rule: Name=Schematic Supply Nets_6
