Removed Pin From Net: NetName=3.3V Pin=HD1-1
Removed Pin From Net: NetName=I2CSW_SDA Pin=HD1-2
Removed Pin From Net: NetName=+5V2 Pin=HD1-3
Removed Pin From Net: NetName=I2CSW_SCL Pin=HD1-4
Removed Pin From Net: NetName=+5V2 Pin=HD1-5
Removed Pin From Net: NetName=S_raw Pin=HD1-6
Removed Pin From Net: NetName=GND Pin=HD1-7
Removed Pin From Net: NetName=WDT_RESET Pin=HD1-8
Removed Pin From Net: NetName=GND Pin=HD1-9
Removed Pin From Net: NetName=WDT_PWM Pin=HD1-10
Removed Pin From Net: NetName=+5V1 Pin=HD2-1
Removed Pin From Net: NetName=GND Pin=HD2-2
Removed Pin From Net: NetName=+5V1 Pin=HD2-3
Removed Pin From Net: NetName=GND Pin=HD2-4
Removed Pin From Net: NetName=3.3V Pin=HD2-5
Removed Pin From Net: NetName=GND Pin=HD2-6
Removed Pin From Net: NetName=3.3V Pin=HD2-7
Removed Pin From Net: NetName=GND Pin=HD2-8
Removed Pin From Net: NetName=-5V Pin=HD2-9
Removed Pin From Net: NetName=GND Pin=HD2-10
Removed Pin From Net: NetName=3.3V Pin=SOURCE_SIG-2
Removed Pin From Net: NetName=+5V2 Pin=SOURCE_SIG-4
Removed Pin From Net: NetName=GND Pin=SOURCE_SIG-8
Removed Pin From Net: NetName=GND Pin=SOURCE_SIG-10
Added Pin To Net: NetName=GND Pin=SOURCE_SIG-2
Added Pin To Net: NetName=GND Pin=SOURCE_SIG-4
Added Pin To Net: NetName=+5V2 Pin=SOURCE_SIG-8
Added Pin To Net: NetName=3.3V Pin=SOURCE_SIG-10
Add Pin To Net: Unknown Pin: Pin VIT1-VIT1
Add Pin To Net: Unknown Pin: Pin VIT2-VIT1
Add Pin To Net: Unknown Pin: Pin VIT3-VIT1
Add Pin To Net: Unknown Pin: Pin VIT4-VIT1
