Removed Pin From Net: NetName=GND Pin=IDC1-1
Removed Pin From Net: NetName=3.3V Pin=IDC1-2
Removed Pin From Net: NetName=GND Pin=IDC1-3
Removed Pin From Net: NetName=3.3V Pin=IDC1-4
Removed Pin From Net: NetName=GND Pin=IDC1-5
Removed Pin From Net: NetName=+5V1 Pin=IDC1-6
Removed Pin From Net: NetName=GND Pin=IDC1-7
Removed Pin From Net: NetName=+5V1 Pin=IDC1-8
Removed Pin From Net: NetName=GND Pin=IDC1-9
Removed Pin From Net: NetName=-5 Pin=IDC1-10
Removed Pin From Net: NetName=I2CHW_SCL Pin=IDC6-1
Removed Pin From Net: NetName=GND Pin=IDC6-2
Removed Pin From Net: NetName=I2CHW_SDA Pin=IDC6-3
Removed Pin From Net: NetName=GND Pin=IDC6-4
Removed Pin From Net: NetName=P15 Pin=IDC6-5
Removed Pin From Net: NetName=-5 Pin=IDC6-6
Removed Pin From Net: NetName=P14 Pin=IDC6-7
Removed Pin From Net: NetName=+5V1 Pin=IDC6-8
Removed Pin From Net: NetName=P13 Pin=IDC6-9
Removed Pin From Net: NetName=3.3V Pin=IDC6-10
Removed Member From Class: ClassName=MCU Member=IDC8
Removed Member From Class: ClassName=MCU Member=IDC9
Change Component Designator: OldDesignator=IDC2 NewDesignator=IDC1
Change Component Designator: OldDesignator=IDC3 NewDesignator=IDC2
Change Component Designator: OldDesignator=IDC4 NewDesignator=IDC3
Change Component Designator: OldDesignator=IDC5 NewDesignator=IDC4
Change Component Designator: OldDesignator=IDC7 NewDesignator=IDC5
Change Component Designator: OldDesignator=IDC8 NewDesignator=IDC6
Change Component Designator: OldDesignator=IDC9 NewDesignator=IDC7
Added Component: Designator=J1(RES-SMD-0402)
Added Component: Designator=J3(Header6)
Added Component: Designator=J4(Header6)
Added Component: Designator=P1(Testpoint 50ml)
Added Component: Designator=P2(Testpoint 50ml)
Added Component: Designator=P3(Testpoint 50ml)
Add Component: Footprint Not Found VIT_3.7mm
Add Component: Footprint Not Found VIT_3.7mm
Add Component: Footprint Not Found VIT_3.7mm
Add Component: Footprint Not Found VIT_3.7mm
Add Component: Footprint Not Found VIT_3.7mm
Add Component: Footprint Not Found VIT_3.7mm
Add Pin To Net: Unknown Pin: Pin J1-1
Add Pin To Net: Unknown Pin: Pin J1-2
Add Pin To Net: Unknown Pin: Pin J3-1
Add Pin To Net: Unknown Pin: Pin J3-2
Add Pin To Net: Unknown Pin: Pin J3-3
Add Pin To Net: Unknown Pin: Pin J3-4
Add Pin To Net: Unknown Pin: Pin J3-5
Add Pin To Net: Unknown Pin: Pin J3-6
Add Pin To Net: Unknown Pin: Pin J4-3
Add Pin To Net: Unknown Pin: Pin J4-4
Add Pin To Net: Unknown Pin: Pin J4-5
Add Pin To Net: Unknown Pin: Pin J4-6
Add Pin To Net: Unknown Pin: Pin P1-1
Add Pin To Net: Unknown Pin: Pin P2-1
Add Pin To Net: Unknown Pin: Pin P3-1
Add Pin To Net: Unknown Pin: Pin P4-0
Add Class Member: Failed to add class member : Component J1 Jumper2
Add Class Member: Failed to add class member : Component J3 Header6
Add Class Member: Failed to add class member : Component J4 Header6
Add Class Member: Failed to add class member : Component P1 TP
Add Class Member: Failed to add class member : Component P2 TP
Add Class Member: Failed to add class member : Component P3 TP
Add Class Member: Failed to add class member : Component VIT1 1
Add Class Member: Failed to add class member : Component VIT2 1
Add Class Member: Failed to add class member : Component VIT3 1
Add Class Member: Failed to add class member : Component VIT4 1
Add Class Member: Failed to add class member : Component VIT5 1
Add Class Member: Failed to add class member : Component VIT6 1
