Added Component: Designator=J4(JP15-C1T)
Add component (AddParameter): Name = "ComponentLink1 Description"; Value = "Manufacturer"; VariantName = "[No Variations]"
Add component (AddParameter): Name = "ComponentLink1URL"; Value = "http://www.we-online.com"; VariantName = "[No Variations]"
Add component (AddParameter): Name = "ComponentLink2 Description"; Value = "Datasheet"; VariantName = "[No Variations]"
Add component (AddParameter): Name = "ComponentLink2URL"; Value = "http://katalog.we-online.de/em/datasheet/6130xx143121.pdf"; VariantName = "[No Variations]"
Add component (AddParameter): Name = "Created by"; Value = "Karrer Zheng"; VariantName = "[No Variations]"
Add component (AddParameter): Name = "Created Date"; Value = "29 March 2013"; VariantName = "[No Variations]"
Add component (AddParameter): Name = "Manufacturer"; Value = "W¨¹rth Elektronik eiSos GmbH"; VariantName = "[No Variations]"
Add component (AddParameter): Name = "NoPins"; Value = "15"; VariantName = "[No Variations]"
Add component (AddParameter): Name = "partNo"; Value = "613015143121"; VariantName = "[No Variations]"
Added Component: Designator=J5(JP15-C1T)
Add component (AddParameter): Name = "ComponentLink1 Description"; Value = "Manufacturer"; VariantName = "[No Variations]"
Add component (AddParameter): Name = "ComponentLink1URL"; Value = "http://www.we-online.com"; VariantName = "[No Variations]"
Add component (AddParameter): Name = "ComponentLink2 Description"; Value = "Datasheet"; VariantName = "[No Variations]"
Add component (AddParameter): Name = "ComponentLink2URL"; Value = "http://katalog.we-online.de/em/datasheet/6130xx143121.pdf"; VariantName = "[No Variations]"
Add component (AddParameter): Name = "Created by"; Value = "Karrer Zheng"; VariantName = "[No Variations]"
Add component (AddParameter): Name = "Created Date"; Value = "29 March 2013"; VariantName = "[No Variations]"
Add component (AddParameter): Name = "Manufacturer"; Value = "W¨¹rth Elektronik eiSos GmbH"; VariantName = "[No Variations]"
Add component (AddParameter): Name = "NoPins"; Value = "15"; VariantName = "[No Variations]"
Add component (AddParameter): Name = "partNo"; Value = "613015143121"; VariantName = "[No Variations]"
Added Pin To Net: NetName=3.3V Pin=J4-1
Added Pin To Net: NetName=GND Pin=J4-2
Added Pin To Net: NetName=PCF_SDA Pin=J4-4
Added Pin To Net: NetName=PCF_SCL Pin=J4-5
Added Pin To Net: NetName=RX/RO Pin=J4-6
Added Pin To Net: NetName=TX/DI Pin=J4-7
Added Pin To Net: NetName=SD_CS Pin=J4-8
Added Pin To Net: NetName=SD_CLK Pin=J4-9
Added Pin To Net: NetName=SD_MISO Pin=J4-10
Added Pin To Net: NetName=I2CHW_SDA Pin=J4-11
Added Pin To Net: NetName=RX_0 Pin=J4-12
Added Pin To Net: NetName=TX_0 Pin=J4-13
Added Pin To Net: NetName=I2CHW_SCL Pin=J4-14
Added Pin To Net: NetName=SD_MOSI Pin=J4-15
Added Pin To Net: NetName=VIN_MCU Pin=J5-1
Added Pin To Net: NetName=GND Pin=J5-2
Added Pin To Net: NetName=IDC_MISO Pin=J5-3
Added Pin To Net: NetName=IDC_MOSI Pin=J5-4
Added Pin To Net: NetName=IDC_CLK Pin=J5-5
Added Pin To Net: NetName=Button01 Pin=J5-6
Added Pin To Net: NetName=Button02 Pin=J5-7
Added Pin To Net: NetName=IDC_CS Pin=J5-8
Added Pin To Net: NetName=PWM_02 Pin=J5-9
Added Pin To Net: NetName=PWM_01 Pin=J5-10
Added Pin To Net: NetName=RTC_INT Pin=J5-11
Added Pin To Net: NetName=PCF_75_INT Pin=J5-12
Added Pin To Net: NetName=VN Pin=J5-13
Added Pin To Net: NetName=VP Pin=J5-14
Added Pin To Net: NetName=WDT_RESET Pin=J5-15
Add Pin To Net: Unknown Pin: Pin VIT1-VIT1
Add Pin To Net: Unknown Pin: Pin VIT2-VIT1
Add Pin To Net: Unknown Pin: Pin VIT3-VIT1
Add Pin To Net: Unknown Pin: Pin VIT4-VIT1
Added Member To Class: ClassName=MCU Member=Component J4 JP15
Added Member To Class: ClassName=MCU Member=Component J5 JP15
