Change Component Designator: OldDesignator=D2 NewDesignator=LED2
Change Component Designator: OldDesignator=D3 NewDesignator=LED3
Change Component Designator: OldDesignator=D4 NewDesignator=LED1
Change Component Designator: OldDesignator=D5 NewDesignator=LED0
Change Component Designator: OldDesignator=D6 NewDesignator=LED4
Change Component Designator: OldDesignator=D7 NewDesignator=LED5
Change Component Designator: OldDesignator=D8 NewDesignator=LED6
Change Component Designator: OldDesignator=D9 NewDesignator=LED7
Add Pin To Net: Unknown Pin: Pin VIT1-VIT1
Add Pin To Net: Unknown Pin: Pin VIT2-VIT1
Add Pin To Net: Unknown Pin: Pin VIT3-VIT1
Add Pin To Net: Unknown Pin: Pin VIT4-VIT1
Change Net Name : Old Net Name=NetD2_1 New Net Name=NetLED2_1
Change Net Name : Old Net Name=NetD3_1 New Net Name=NetLED3_1
Change Net Name : Old Net Name=NetD4_1 New Net Name=NetLED1_1
Change Net Name : Old Net Name=NetD5_1 New Net Name=NetLED0_1
Change Net Name : Old Net Name=NetD6_1 New Net Name=NetLED4_1
Change Net Name : Old Net Name=NetD7_1 New Net Name=NetLED5_1
Change Net Name : Old Net Name=NetD8_1 New Net Name=NetLED6_1
Change Net Name : Old Net Name=NetD9_1 New Net Name=NetLED7_1
Added Member To Class: ClassName=MCU Member=Component C1 104
Added Member To Class: ClassName=MCU Member=Component C2 104
Added Member To Class: ClassName=MCU Member=Component C3 104
Added Member To Class: ClassName=MCU Member=Component C4 104
Added Member To Class: ClassName=MCU Member=Component C5 104
Added Member To Class: ClassName=MCU Member=Component C6 107
Added Member To Class: ClassName=MCU Member=Component C8 104
Added Member To Class: ClassName=MCU Member=Component C9 104
Added Member To Class: ClassName=MCU Member=Component C10 104
Added Member To Class: ClassName=MCU Member=Component C11 104
Added Member To Class: ClassName=MCU Member=Component C12 104
Added Member To Class: ClassName=MCU Member=Component R1 220
Added Member To Class: ClassName=MCU Member=Component R3 43k 1%
Added Member To Class: ClassName=MCU Member=Component R4 10k
Added Member To Class: ClassName=MCU Member=Component R5 10k
Added Member To Class: ClassName=MCU Member=Component R11 0R
Added Member To Class: ClassName=MCU Member=Component R13 0R
Added Member To Class: ClassName=MCU Member=Component R15 4.7k
Added Member To Class: ClassName=MCU Member=Component R17 4.7k
Added Member To Class: ClassName=MCU Member=Component R19 4.7k
