Removed Pin From Net: NetName=GND Pin=C1-1
Removed Pin From Net: NetName=3.3V Pin=C1-2
Removed Pin From Net: NetName=GND Pin=C2-1
Removed Pin From Net: NetName=VIN Pin=C2-2
Removed Pin From Net: NetName=VIN Pin=IDC1-4
Removed Pin From Net: NetName=VIN Pin=IDC1-6
Removed Pin From Net: NetName=VIN Pin=IDC2-2
Removed Pin From Net: NetName=VIN Pin=IDC2-4
Removed Member From Class: ClassName=MCU Member=C1
Removed Member From Class: ClassName=MCU Member=C2
Added Component: Designator=D1(D1A)
Added Component: Designator=IC?(MODULE_ESP32-DEVKITC-32D)
Add component (AddParameter): Name = "Availability"; Value = "Warning"; VariantName = "[No Variations]"
Add component (AddParameter): Name = "Check_prices"; Value = "https://www.snapeda.com/parts/ESP32-DEVKITC-32D/Espressif%20Systems/view-part/2777395/?ref=eda"; VariantName = "[No Variations]"
Add component (AddParameter): Name = "MF"; Value = "Espressif Systems"; VariantName = "[No Variations]"
Add component (AddParameter): Name = "MP"; Value = "ESP32-DEVKITC-32D"; VariantName = "[No Variations]"
Add component (AddParameter): Name = "Package"; Value = "None"; VariantName = "[No Variations]"
Add component (AddParameter): Name = "Price"; Value = "None"; VariantName = "[No Variations]"
Add component (AddParameter): Name = "Purchase-URL"; Value = "https://pricing.snapeda.com/search/part/ESP32-DEVKITC-32D/?ref=eda"; VariantName = "[No Variations]"
Add component (AddParameter): Name = "SnapEDA_Link"; Value = "https://www.snapeda.com/parts/ESP32-DEVKITC-32D/Espressif%20Systems/view-part/2777395/?ref=snap"; VariantName = "[No Variations]"
Add component (AddParameter): Name = "Value"; Value = ""; VariantName = "[No Variations]"
Added Component: Designator=J1(RES-SMD-0402)
Added Component: Designator=JP1(Header6)
Added Component: Designator=P1(Testpoint 50ml)
Added Component: Designator=P5(Header6)
Added Component: Designator=P?(Testpoint 50ml)
Added Component: Designator=P?(Testpoint 50ml)
Add Component: Footprint Not Found ESP32 Module 30GPIO_v3
Add Component: Footprint Not Found VIT_3.7mm
Add Component: Footprint Not Found VIT_3.7mm
Add Component: Footprint Not Found VIT_3.7mm
Add Component: Footprint Not Found VIT_3.7mm
Add Component: Footprint Not Found VIT_3.7mm
Add Component: Footprint Not Found VIT_3.7mm
Add Pin To Net: Unknown Pin: Pin D1-1
Add Pin To Net: Unknown Pin: Pin D1-2
Added Pin To Net: NetName=3.3V Pin=IDC2-2
Added Pin To Net: NetName=3.3V Pin=IDC2-4
Add Pin To Net: Unknown Pin: Pin J1-2
Add Pin To Net: Unknown Pin: Pin JP1-1
Add Pin To Net: Unknown Pin: Pin JP1-2
Add Pin To Net: Unknown Pin: Pin JP1-3
Add Pin To Net: Unknown Pin: Pin JP1-4
Add Pin To Net: Unknown Pin: Pin JP1-5
Add Pin To Net: Unknown Pin: Pin JP1-6
Add Pin To Net: Unknown Pin: Pin P1-1
Add Pin To Net: Unknown Pin: Pin P4-0
Add Pin To Net: Unknown Pin: Pin P5-3
Add Pin To Net: Unknown Pin: Pin P5-4
Add Pin To Net: Unknown Pin: Pin P5-5
Add Pin To Net: Unknown Pin: Pin P5-6
Add Pin To Net: Unknown Pin: Pin P?-1
Add Pin To Net: Unknown Pin: Pin P?-1
Add Pin To Net: Unknown Pin: Pin U1-1
Add Pin To Net: Unknown Pin: Pin U1-2
Add Pin To Net: Unknown Pin: Pin U1-3
Add Pin To Net: Unknown Pin: Pin U1-4
Add Pin To Net: Unknown Pin: Pin U1-5
Add Pin To Net: Unknown Pin: Pin U1-6
Add Pin To Net: Unknown Pin: Pin U1-7
Add Pin To Net: Unknown Pin: Pin U1-8
Add Pin To Net: Unknown Pin: Pin U1-9
Add Pin To Net: Unknown Pin: Pin U1-10
Add Pin To Net: Unknown Pin: Pin U1-11
Add Pin To Net: Unknown Pin: Pin U1-12
Add Pin To Net: Unknown Pin: Pin U1-13
Add Pin To Net: Unknown Pin: Pin U1-14
Add Pin To Net: Unknown Pin: Pin U1-15
Add Pin To Net: Unknown Pin: Pin U1-16
Add Pin To Net: Unknown Pin: Pin U1-17
Add Pin To Net: Unknown Pin: Pin U1-18
Add Pin To Net: Unknown Pin: Pin U1-19
Add Pin To Net: Unknown Pin: Pin U1-20
Add Pin To Net: Unknown Pin: Pin U1-21
Add Pin To Net: Unknown Pin: Pin U1-22
Add Pin To Net: Unknown Pin: Pin U1-23
Add Pin To Net: Unknown Pin: Pin U1-24
Add Pin To Net: Unknown Pin: Pin U1-25
Add Pin To Net: Unknown Pin: Pin U1-26
Add Pin To Net: Unknown Pin: Pin U1-27
Add Pin To Net: Unknown Pin: Pin U1-28
Add Pin To Net: Unknown Pin: Pin U1-29
Add Pin To Net: Unknown Pin: Pin U1-30
Change Net Name : Old Net Name=VIN New Net Name=+5V1
Added Net: Name=VIN
Add Class Member: Failed to add class member : Component D1 Zenner 5V
Added Member To Class: ClassName=MCU Member=Component IC? ESP32-DEVKITC-32D
Added Member To Class: ClassName=MCU Member=Component IDC5
Added Member To Class: ClassName=MCU Member=Component IDC8
Add Class Member: Failed to add class member : Component J1 Jumper2
Add Class Member: Failed to add class member : Component JP1 Header6
Add Class Member: Failed to add class member : Component P1 TP
Add Class Member: Failed to add class member : Component P5 Header6
Add Class Member: Failed to add class member : Component P? TP
Add Class Member: Failed to add class member : Component P? TP
Add Class Member: Failed to add class member : Component U1 ESP32 Module 30GPIO
Add Class Member: Failed to add class member : Component VIT1 1
Add Class Member: Failed to add class member : Component VIT2 1
Add Class Member: Failed to add class member : Component VIT3 1
Add Class Member: Failed to add class member : Component VIT4 1
Add Class Member: Failed to add class member : Component VIT5 1
Add Class Member: Failed to add class member : Component VIT6 1
Added Rule: Name=Schematic Supply Nets_2
