Removed Pin From Net: NetName=GND Pin=C1-1
Removed Pin From Net: NetName=5V_LDO Pin=C1-2
Removed Pin From Net: NetName=GND Pin=C3-1
Removed Pin From Net: NetName=VIN Pin=C3-2
Removed Pin From Net: NetName=GND Pin=C4-1
Removed Pin From Net: NetName=VIN Pin=C5-1
Removed Pin From Net: NetName=GND Pin=C5-2
Removed Pin From Net: NetName=GND Pin=C6-2
Removed Pin From Net: NetName=GND Pin=C10-1
Removed Pin From Net: NetName=V_BAT Pin=C10-2
Removed Pin From Net: NetName=IDC_CLK Pin=C11-1
Removed Pin From Net: NetName=GND Pin=C14-1
Removed Pin From Net: NetName=5V_LDO Pin=C14-2
Removed Pin From Net: NetName=GND Pin=C19-1
Removed Pin From Net: NetName=5V_LDO Pin=C19-2
Removed Pin From Net: NetName=GND Pin=C20-1
Removed Pin From Net: NetName=5V_LDO Pin=C20-2
Removed Pin From Net: NetName=GND Pin=C21-1
Removed Pin From Net: NetName=5V_LDO Pin=C21-2
Removed Pin From Net: NetName=GND Pin=D1-1
Removed Pin From Net: NetName=5V_LDO Pin=F1-1
Removed Pin From Net: NetName=VIN Pin=F1-2
Removed Pin From Net: NetName=5V_S Pin=IDC3-8
Removed Pin From Net: NetName=5V_LDO Pin=IDC3-10
Removed Pin From Net: NetName=5V_S Pin=IDC4-8
Removed Pin From Net: NetName=5V_LDO Pin=IDC4-10
Removed Pin From Net: NetName=VIN Pin=J1-1
Removed Pin From Net: NetName=3.3V Pin=J2-2
Removed Pin From Net: NetName=V_BAT Pin=J4-1
Removed Pin From Net: NetName=GND Pin=J4-2
Removed Pin From Net: NetName=V_BAT Pin=J5-1
Removed Pin From Net: NetName=5V_LDO Pin=P1-1
Removed Pin From Net: NetName=5V_LDO Pin=P1-1
Removed Pin From Net: NetName=GND Pin=P1-2
Removed Pin From Net: NetName=GND Pin=P1-2
Removed Pin From Net: NetName=GND Pin=P1-S
Removed Pin From Net: NetName=GND Pin=P1-S
Removed Pin From Net: NetName=GND Pin=P1-S
Removed Pin From Net: NetName=GND Pin=P1-S
Removed Pin From Net: NetName=GND Pin=R1-2
Removed Pin From Net: NetName=GND Pin=R2-2
Removed Pin From Net: NetName=GND Pin=R3-2
Removed Pin From Net: NetName=IDC_CLK Pin=R4-2
Removed Pin From Net: NetName=IDC_CLK Pin=R5-1
Removed Pin From Net: NetName=GND Pin=R5-2
Removed Pin From Net: NetName=GND Pin=U2-1
Removed Pin From Net: NetName=VIN Pin=U2-3
Removed Member From Class: ClassName=MCU Member=C1
Removed Member From Class: ClassName=MCU Member=C3
Removed Member From Class: ClassName=MCU Member=C4
Removed Member From Class: ClassName=MCU Member=C5
Removed Member From Class: ClassName=MCU Member=C6
Removed Member From Class: ClassName=MCU Member=C10
Removed Member From Class: ClassName=MCU Member=C11
Removed Member From Class: ClassName=MCU Member=C14
Removed Member From Class: ClassName=MCU Member=C19
Removed Member From Class: ClassName=MCU Member=C21
Removed Member From Class: ClassName=MCU Member=D1
Removed Member From Class: ClassName=MCU Member=F1
Removed Member From Class: ClassName=MCU Member=J2
Removed Member From Class: ClassName=MCU Member=J4
Removed Member From Class: ClassName=MCU Member=J5
Removed Member From Class: ClassName=MCU Member=LED_S1
Removed Member From Class: ClassName=MCU Member=P1
Removed Member From Class: ClassName=MCU Member=R3
Removed Member From Class: ClassName=MCU Member=R4
Removed Member From Class: ClassName=MCU Member=U2
Change Component Comment : Designator=3 Old Comment=3V3 - 5V New Comment=5V_LDO
Change Component Designator: OldDesignator=IDC1 NewDesignator=IDC4
Change Component Designator: OldDesignator=IDC2 NewDesignator=IDC6
Change Component Designator: OldDesignator=IDC3 NewDesignator=IDC1
Change Component Designator: OldDesignator=IDC4 NewDesignator=IDC3
Change Component Designator: OldDesignator=IDC6 NewDesignator=IDC2
Added Component: Designator=?(Testpoint 50ml)
Added Component: Designator=C?(CAP_0603)
Add component (AddParameter): Name = "LatestRevisionDate"; Value = "17-Jul-2002"; VariantName = "[No Variations]"
Add component (AddParameter): Name = "LatestRevisionNote"; Value = "Re-released for DXP Platform."; VariantName = "[No Variations]"
Add component (AddParameter): Name = "PackageReference"; Value = "RAD-0.3"; VariantName = "[No Variations]"
Add component (AddParameter): Name = "Published"; Value = "8-Jun-2000"; VariantName = "[No Variations]"
Add component (AddParameter): Name = "Publisher"; Value = "Altium Limited"; VariantName = "[No Variations]"
Add component (AddParameter): Name = "Value"; Value = "33p"; VariantName = "[No Variations]"
Added Component: Designator=C?(CAP_7343)
Added Component: Designator=C?(CAP_0603)
Add component (AddParameter): Name = "LatestRevisionDate"; Value = "17-Jul-2002"; VariantName = "[No Variations]"
Add component (AddParameter): Name = "LatestRevisionNote"; Value = "Re-released for DXP Platform."; VariantName = "[No Variations]"
Add component (AddParameter): Name = "PackageReference"; Value = "RAD-0.3"; VariantName = "[No Variations]"
Add component (AddParameter): Name = "Published"; Value = "8-Jun-2000"; VariantName = "[No Variations]"
Add component (AddParameter): Name = "Publisher"; Value = "Altium Limited"; VariantName = "[No Variations]"
Add component (AddParameter): Name = "Value"; Value = "33p"; VariantName = "[No Variations]"
Added Component: Designator=C?(CAP_7343)
Added Component: Designator=C?(CAP_0603)
Add component (AddParameter): Name = "LatestRevisionDate"; Value = "17-Jul-2002"; VariantName = "[No Variations]"
Add component (AddParameter): Name = "LatestRevisionNote"; Value = "Re-released for DXP Platform."; VariantName = "[No Variations]"
Add component (AddParameter): Name = "PackageReference"; Value = "RAD-0.3"; VariantName = "[No Variations]"
Add component (AddParameter): Name = "Published"; Value = "8-Jun-2000"; VariantName = "[No Variations]"
Add component (AddParameter): Name = "Publisher"; Value = "Altium Limited"; VariantName = "[No Variations]"
Add component (AddParameter): Name = "Value"; Value = "33p"; VariantName = "[No Variations]"
Added Component: Designator=C?(CAP_0603)
Add component (AddParameter): Name = "LatestRevisionDate"; Value = "17-Jul-2002"; VariantName = "[No Variations]"
Add component (AddParameter): Name = "LatestRevisionNote"; Value = "Re-released for DXP Platform."; VariantName = "[No Variations]"
Add component (AddParameter): Name = "PackageReference"; Value = "RAD-0.3"; VariantName = "[No Variations]"
Add component (AddParameter): Name = "Published"; Value = "8-Jun-2000"; VariantName = "[No Variations]"
Add component (AddParameter): Name = "Publisher"; Value = "Altium Limited"; VariantName = "[No Variations]"
Add component (AddParameter): Name = "Value"; Value = "33p"; VariantName = "[No Variations]"
Added Component: Designator=C?(CAP_0805)
Add component (AddParameter): Name = "LatestRevisionDate"; Value = "17-Jul-2002"; VariantName = "[No Variations]"
Add component (AddParameter): Name = "LatestRevisionNote"; Value = "Re-released for DXP Platform."; VariantName = "[No Variations]"
Add component (AddParameter): Name = "PackageReference"; Value = "RAD-0.3"; VariantName = "[No Variations]"
Add component (AddParameter): Name = "Published"; Value = "8-Jun-2000"; VariantName = "[No Variations]"
Add component (AddParameter): Name = "Publisher"; Value = "Altium Limited"; VariantName = "[No Variations]"
Add component (AddParameter): Name = "Value"; Value = "33p"; VariantName = "[No Variations]"
Added Component: Designator=C?(CAP_0603)
Add component (AddParameter): Name = "LatestRevisionDate"; Value = "17-Jul-2002"; VariantName = "[No Variations]"
Add component (AddParameter): Name = "LatestRevisionNote"; Value = "Re-released for DXP Platform."; VariantName = "[No Variations]"
Add component (AddParameter): Name = "PackageReference"; Value = "RAD-0.3"; VariantName = "[No Variations]"
Add component (AddParameter): Name = "Published"; Value = "8-Jun-2000"; VariantName = "[No Variations]"
Add component (AddParameter): Name = "Publisher"; Value = "Altium Limited"; VariantName = "[No Variations]"
Add component (AddParameter): Name = "Value"; Value = "33p"; VariantName = "[No Variations]"
Added Component: Designator=C?(CAP_0603)
Add component (AddParameter): Name = "LatestRevisionDate"; Value = "17-Jul-2002"; VariantName = "[No Variations]"
Add component (AddParameter): Name = "LatestRevisionNote"; Value = "Re-released for DXP Platform."; VariantName = "[No Variations]"
Add component (AddParameter): Name = "PackageReference"; Value = "RAD-0.3"; VariantName = "[No Variations]"
Add component (AddParameter): Name = "Published"; Value = "8-Jun-2000"; VariantName = "[No Variations]"
Add component (AddParameter): Name = "Publisher"; Value = "Altium Limited"; VariantName = "[No Variations]"
Add component (AddParameter): Name = "Value"; Value = "33p"; VariantName = "[No Variations]"
Added Component: Designator=C?(CAP_0603)
Add component (AddParameter): Name = "LatestRevisionDate"; Value = "17-Jul-2002"; VariantName = "[No Variations]"
Add component (AddParameter): Name = "LatestRevisionNote"; Value = "Re-released for DXP Platform."; VariantName = "[No Variations]"
Add component (AddParameter): Name = "PackageReference"; Value = "RAD-0.3"; VariantName = "[No Variations]"
Add component (AddParameter): Name = "Published"; Value = "8-Jun-2000"; VariantName = "[No Variations]"
Add component (AddParameter): Name = "Publisher"; Value = "Altium Limited"; VariantName = "[No Variations]"
Add component (AddParameter): Name = "Value"; Value = "33p"; VariantName = "[No Variations]"
Added Component: Designator=D?(DIODE_ZENER_SMD)
Added Component: Designator=D?(DIO-214AA(SMB))
Added Component: Designator=F?(RES-SMD-1812)
Add component (AddParameter): Name = "Designed by"; Value = "VanDungEvn"; VariantName = "[No Variations]"
Add component (AddParameter): Name = "Value"; Value = "Fuse"; VariantName = "[No Variations]"
Added Component: Designator=J?(RES-SMD-0402)
Added Component: Designator=J?(HDR1X2)
Add component (AddParameter): Name = "LatestRevisionDate"; Value = "17-Jul-2002"; VariantName = "[No Variations]"
Add component (AddParameter): Name = "LatestRevisionNote"; Value = "Re-released for DXP Platform."; VariantName = "[No Variations]"
Add component (AddParameter): Name = "Publisher"; Value = "Altium Limited"; VariantName = "[No Variations]"
Added Component: Designator=J?(RES-SMD-0201)
Added Component: Designator=LED_S?(LED-0805-Blue)
Add component (AddParameter): Name = "Value"; Value = "LED 3 ly Single Colour"; VariantName = "[No Variations]"
Added Component: Designator=P?(USB C 16P)
Add component (AddParameter): Name = "ComponentLink1Description"; Value = "New link"; VariantName = "[No Variations]"
Add component (AddParameter): Name = "ComponentLink1URL"; Value = "https://linhkien.cxtvn.com/6914-cong-type-c-cai-16p-usb-31-v2.html"; VariantName = "[No Variations]"
Added Component: Designator=R?(RES-SMD-0805)
Add component (AddParameter): Name = "Class"; Value = "Passive"; VariantName = "[No Variations]"
Add component (AddParameter): Name = "Manufacturer"; Value = "Generic Components"; VariantName = "[No Variations]"
Add component (AddParameter): Name = "Published"; Value = "08/06/2000"; VariantName = "[No Variations]"
Add component (AddParameter): Name = "Publisher"; Value = "Altium Hobart Technology Centre"; VariantName = "[No Variations]"
Added Component: Designator=R?(RES-SMD-0603)
Add component (AddParameter): Name = "Class"; Value = "Passive"; VariantName = "[No Variations]"
Add component (AddParameter): Name = "Manufacturer"; Value = "Generic Components"; VariantName = "[No Variations]"
Add component (AddParameter): Name = "Published"; Value = "08/06/2000"; VariantName = "[No Variations]"
Add component (AddParameter): Name = "Publisher"; Value = "Altium Hobart Technology Centre"; VariantName = "[No Variations]"
Added Component: Designator=R?(RES-SMD-0805)
Add component (AddParameter): Name = "Class"; Value = "Passive"; VariantName = "[No Variations]"
Add component (AddParameter): Name = "Manufacturer"; Value = "Generic Components"; VariantName = "[No Variations]"
Add component (AddParameter): Name = "Published"; Value = "08/06/2000"; VariantName = "[No Variations]"
Add component (AddParameter): Name = "Publisher"; Value = "Altium Hobart Technology Centre"; VariantName = "[No Variations]"
Added Component: Designator=R?(RES-SMD-0805)
Add component (AddParameter): Name = "Class"; Value = "Passive"; VariantName = "[No Variations]"
Add component (AddParameter): Name = "Manufacturer"; Value = "Generic Components"; VariantName = "[No Variations]"
Add component (AddParameter): Name = "Published"; Value = "08/06/2000"; VariantName = "[No Variations]"
Add component (AddParameter): Name = "Publisher"; Value = "Altium Hobart Technology Centre"; VariantName = "[No Variations]"
Added Component: Designator=R?(RES-SMD-0603)
Add component (AddParameter): Name = "Class"; Value = "Passive"; VariantName = "[No Variations]"
Add component (AddParameter): Name = "Manufacturer"; Value = "Generic Components"; VariantName = "[No Variations]"
Add component (AddParameter): Name = "Published"; Value = "08/06/2000"; VariantName = "[No Variations]"
Add component (AddParameter): Name = "Publisher"; Value = "Altium Hobart Technology Centre"; VariantName = "[No Variations]"
Added Component: Designator=R?(RES-SMD-0603)
Add component (AddParameter): Name = "Class"; Value = "Passive"; VariantName = "[No Variations]"
Add component (AddParameter): Name = "Manufacturer"; Value = "Generic Components"; VariantName = "[No Variations]"
Add component (AddParameter): Name = "Published"; Value = "08/06/2000"; VariantName = "[No Variations]"
Add component (AddParameter): Name = "Publisher"; Value = "Altium Hobart Technology Centre"; VariantName = "[No Variations]"
Added Component: Designator=R?(RES-SMD-0805)
Add component (AddParameter): Name = "Class"; Value = "Passive"; VariantName = "[No Variations]"
Add component (AddParameter): Name = "Manufacturer"; Value = "Generic Components"; VariantName = "[No Variations]"
Add component (AddParameter): Name = "Published"; Value = "08/06/2000"; VariantName = "[No Variations]"
Add component (AddParameter): Name = "Publisher"; Value = "Altium Hobart Technology Centre"; VariantName = "[No Variations]"
Added Component: Designator=U?(SOT-223)
Add component (AddParameter): Name = "Creator"; Value = "Nguyen Ba Bien"; VariantName = "[No Variations]"
Add component (AddParameter): Name = "Website"; Value = "http://group3i.net"; VariantName = "[No Variations]"
Added Component: Designator=U?(SOP-16)
Add component (AddParameter): Name = "Availability"; Value = "Unavailable"; VariantName = "[No Variations]"
Add component (AddParameter): Name = "Check_prices"; Value = "https://www.snapeda.com/parts/CH340C/WCH/view-part/5428851/?ref=eda"; VariantName = "[No Variations]"
Add component (AddParameter): Name = "MF"; Value = "WCH"; VariantName = "[No Variations]"
Add component (AddParameter): Name = "MP"; Value = "CH340C"; VariantName = "[No Variations]"
Add component (AddParameter): Name = "Package"; Value = "Package"; VariantName = "[No Variations]"
Add component (AddParameter): Name = "Price"; Value = "None"; VariantName = "[No Variations]"
Add component (AddParameter): Name = "SnapEDA_Link"; Value = "https://www.snapeda.com/parts/CH340C/WCH/view-part/5428851/?ref=snap"; VariantName = "[No Variations]"
Add component (AddParameter): Name = "Value"; Value = ""; VariantName = "[No Variations]"
Added Pin To Net: NetName=5V_S Pin=?-1
Added Pin To Net: NetName=GND Pin=C?-1
Added Pin To Net: NetName=GND Pin=C?-1
Added Pin To Net: NetName=GND Pin=C?-1
Added Pin To Net: NetName=GND Pin=C?-1
Added Pin To Net: NetName=GND Pin=C?-1
Added Pin To Net: NetName=GND Pin=C?-1
Added Pin To Net: NetName=VIN Pin=C?-1
Added Pin To Net: NetName=3.3V Pin=C?-2
Added Pin To Net: NetName=5V_LDO Pin=C?-2
Added Pin To Net: NetName=5V_LDO Pin=C?-2
Added Pin To Net: NetName=GND Pin=C?-2
Added Pin To Net: NetName=GND Pin=C?-2
Added Pin To Net: NetName=V_BAT Pin=C?-2
Added Pin To Net: NetName=VIN Pin=C?-2
Added Pin To Net: NetName=GND Pin=D?-1
Added Pin To Net: NetName=5V_LDO Pin=F?-1
Added Pin To Net: NetName=VIN Pin=F?-2
Added Pin To Net: NetName=5V_S Pin=IDC1-10
Added Pin To Net: NetName=5V_S Pin=IDC3-10
Added Pin To Net: NetName=V_BAT Pin=J?-1
Added Pin To Net: NetName=V_BAT Pin=J?-1
Added Pin To Net: NetName=3.3V Pin=J?-2
Added Pin To Net: NetName=GND Pin=J?-2
Added Pin To Net: NetName=GND Pin=P?-A1_B12
Added Pin To Net: NetName=GND Pin=P?-B1_A12
Added Pin To Net: NetName=GND Pin=P?-S1
Added Pin To Net: NetName=GND Pin=P?-S2
Added Pin To Net: NetName=GND Pin=P?-S3
Added Pin To Net: NetName=GND Pin=P?-S4
Added Pin To Net: NetName=GND Pin=R?-2
Added Pin To Net: NetName=GND Pin=R?-2
Added Pin To Net: NetName=GND Pin=R?-2
Added Pin To Net: NetName=GND Pin=R?-2
Added Pin To Net: NetName=GND Pin=U?-1
Added Pin To Net: NetName=VIN Pin=U?-3
Added Pin To Net: NetName=3.3V Pin=U?-4
Added Pin To Net: NetName=3.3V Pin=U?-16
Add Pin To Net: Unknown Pin: Pin VIT1-VIT1
Add Pin To Net: Unknown Pin: Pin VIT2-VIT1
Add Pin To Net: Unknown Pin: Pin VIT3-VIT1
Add Pin To Net: Unknown Pin: Pin VIT4-VIT1
Added Pin To Net: NetName=5V-USB Pin=C?-2
Added Pin To Net: NetName=5V-USB Pin=D?-2
Added Net: Name=5V-USB
Added Pin To Net: NetName=D+ Pin=P?-A7
Added Pin To Net: NetName=D+ Pin=P?-B7
Added Pin To Net: NetName=D+ Pin=U?-5
Added Net: Name=D+
Added Pin To Net: NetName=D- Pin=P?-A6
Added Pin To Net: NetName=D- Pin=P?-B6
Added Pin To Net: NetName=D- Pin=U?-6
Added Net: Name=D-
Added Pin To Net: NetName=GND_MCU Pin=C?-1
Added Pin To Net: NetName=GND_MCU Pin=U?-1
Added Net: Name=GND_MCU
Added Pin To Net: NetName=NetC?_1 Pin=C?-1
Added Pin To Net: NetName=NetC?_1 Pin=C?-2
Added Pin To Net: NetName=NetC?_1 Pin=J?-1
Added Pin To Net: NetName=NetC?_1 Pin=LED_S?-1
Added Pin To Net: NetName=NetC?_1 Pin=U?-2
Added Pin To Net: NetName=NetC?_1 Pin=U?-2
Added Net: Name=NetC?_1
Add Net: Net with name "NetC?_1" already exists
Added Pin To Net: NetName=NetC?_2 Pin=C?-2
Added Pin To Net: NetName=NetC?_2 Pin=D?-2
Added Pin To Net: NetName=NetC?_2 Pin=J?-2
Added Pin To Net: NetName=NetC?_2 Pin=R?-1
Added Net: Name=NetC?_2
Added Pin To Net: NetName=NetD?_1 Pin=D?-1
Added Pin To Net: NetName=NetD?_1 Pin=P?-A4_B9
Added Pin To Net: NetName=NetD?_1 Pin=P?-B4_A9
Added Net: Name=NetD?_1
Added Pin To Net: NetName=NetLED_S?_2 Pin=LED_S?-2
Added Pin To Net: NetName=NetLED_S?_2 Pin=R?-1
Added Net: Name=NetLED_S?_2
Added Pin To Net: NetName=NetP?_A5 Pin=P?-A5
Added Pin To Net: NetName=NetP?_A5 Pin=R?-1
Added Net: Name=NetP?_A5
Added Pin To Net: NetName=NetP?_B5 Pin=P?-B5
Added Pin To Net: NetName=NetP?_B5 Pin=R?-1
Added Net: Name=NetP?_B5
Added Pin To Net: NetName=NetR?_1 Pin=R?-1
Added Net: Name=NetR?_1
Add Net: Net with name "NetR?_1" already exists
Added Pin To Net: NetName=NetR?_2 Pin=R?-2
Added Pin To Net: NetName=NetR?_2 Pin=U?-3
Added Net: Name=NetR?_2
Add Net: Net with name "NetR?_2" already exists
Add Net: Net with name "VIN" already exists
Added Class: Name=MCU_Src
Added Member To Class: ClassName=MCU Member=Component ? Src
Added Member To Class: ClassName=MCU Member=Component C23 104
Added Member To Class: ClassName=MCU Member=Component C25 104
Added Member To Class: ClassName=MCU Member=Component C27 104
Added Member To Class: ClassName=MCU Member=Component C29 104
Added Member To Class: ClassName=MCU Member=Component C32 104
Added Member To Class: ClassName=MCU Member=Component C34 104
Added Member To Class: ClassName=MCU Member=Component IDC1 RS485/UART
Added Member To Class: ClassName=MCU Member=Component IDC4 I2C_2
Added Member To Class: ClassName=MCU Member=Component IDC6 ADC/PWM
Added Member To Class: ClassName=MCU Member=Component J8 Header6
Added Member To Class: ClassName=MCU Member=Component LED 3 LED
Added Member To Class: ClassName=MCU Member=Component LED 5 LED
Added Member To Class: ClassName=MCU Member=Component LED 7 LED
Added Member To Class: ClassName=MCU Member=Component R6 10k
Added Member To Class: ClassName=MCU Member=Component R7 10k
Added Member To Class: ClassName=MCU Member=Component R8 4.7k
Added Member To Class: ClassName=MCU Member=Component R9 4.7k
Added Member To Class: ClassName=MCU Member=Component R10 0R
Added Member To Class: ClassName=MCU Member=Component R12 0R
Added Member To Class: ClassName=MCU Member=Component R13 0R
Added Member To Class: ClassName=MCU Member=Component R14 0R
Added Member To Class: ClassName=MCU Member=Component R15 0R
Added Member To Class: ClassName=MCU Member=Component R16 4.7k
Added Member To Class: ClassName=MCU Member=Component R17 4.7k
Added Member To Class: ClassName=MCU Member=Component R18 4.7k
Added Member To Class: ClassName=MCU Member=Component R19 4.7k
Added Member To Class: ClassName=MCU Member=Component R20 4.7k
Added Rule: Name=Schematic Supply Nets_7
Added Rule: Name=Schematic Supply Nets_9
