Change Footprint: Footprint Not Found VIT_3.7mm
Change Footprint: Footprint Not Found VIT_3.7mm
Change Footprint: Footprint Not Found VIT_3.7mm
Change Footprint: Footprint Not Found VIT_3.7mm
Added Component: Designator=C6(CAP_0603)
Add component (AddParameter): Name = "LatestRevisionDate"; Value = "17-Jul-2002"; VariantName = "[No Variations]"
Add component (AddParameter): Name = "LatestRevisionNote"; Value = "Re-released for DXP Platform."; VariantName = "[No Variations]"
Add component (AddParameter): Name = "PackageReference"; Value = "RAD-0.3"; VariantName = "[No Variations]"
Add component (AddParameter): Name = "Published"; Value = "8-Jun-2000"; VariantName = "[No Variations]"
Add component (AddParameter): Name = "Publisher"; Value = "Altium Limited"; VariantName = "[No Variations]"
Add component (AddParameter): Name = "Value"; Value = "33p"; VariantName = "[No Variations]"
Add Component: Footprint Not Found VIT_3.7mm
Add Component: Footprint Not Found VIT_3.7mm
Added Pin To Net: NetName=GND Pin=C6-1
Added Pin To Net: NetName=Pw_ADC Pin=C6-2
Added Member To Class: ClassName=MCU Member=Component C6 104
Added Member To Class: ClassName=MCU Member=Component D2 Zn 3V3
Added Member To Class: ClassName=MCU Member=Component D4 LED
Added Member To Class: ClassName=MCU Member=Component D6 LED
Added Member To Class: ClassName=MCU Member=Component D8 LED
Added Member To Class: ClassName=MCU Member=Component R2 I.N
Added Member To Class: ClassName=MCU Member=Component R3 10k
Added Member To Class: ClassName=MCU Member=Component R4 10k
Added Member To Class: ClassName=MCU Member=Component R6 0R
Added Member To Class: ClassName=MCU Member=Component R7 0R
Added Member To Class: ClassName=MCU Member=Component R9 4.7k
Added Member To Class: ClassName=MCU Member=Component R11 0R
Added Member To Class: ClassName=MCU Member=Component R13 4.7k
Added Member To Class: ClassName=MCU Member=Component R15 4.7k
Added Member To Class: ClassName=MCU Member=Component R17 4.7k
Added Member To Class: ClassName=MCU Member=Component S2 SW-SMD
Add Class Member: Failed to add class member : Component VIT5 1
Add Class Member: Failed to add class member : Component VIT6 1
