Removed Member From Class: ClassName=MCU Member=C27
Removed Member From Class: ClassName=MCU Member=C29
Change Component Designator: OldDesignator=2 NewDesignator=4
Change Component Designator: OldDesignator=C2 NewDesignator=C1
Change Component Designator: OldDesignator=C7 NewDesignator=C5
Change Component Designator: OldDesignator=C8 NewDesignator=C2
Change Component Designator: OldDesignator=C9 NewDesignator=C12
Change Component Designator: OldDesignator=C12 NewDesignator=C3
Change Component Designator: OldDesignator=C13 NewDesignator=C4
Change Component Designator: OldDesignator=C15 NewDesignator=C6
Change Component Designator: OldDesignator=C16 NewDesignator=C19
Change Component Designator: OldDesignator=C17 NewDesignator=C8
Change Component Designator: OldDesignator=C18 NewDesignator=C9
Change Component Designator: OldDesignator=C22 NewDesignator=C13
Change Component Designator: OldDesignator=C23 NewDesignator=C14
Change Component Designator: OldDesignator=C24 NewDesignator=C10
Change Component Designator: OldDesignator=C25 NewDesignator=C11
Change Component Designator: OldDesignator=C26 NewDesignator=C15
Change Component Designator: OldDesignator=C27 NewDesignator=C16
Change Component Designator: OldDesignator=C28 NewDesignator=C17
Change Component Designator: OldDesignator=C29 NewDesignator=C18
Change Component Designator: OldDesignator=C30 NewDesignator=C20
Change Component Designator: OldDesignator=C31 NewDesignator=C7
Change Component Designator: OldDesignator=C32 NewDesignator=C21
Change Component Designator: OldDesignator=C33 NewDesignator=C22
Change Component Designator: OldDesignator=C34 NewDesignator=C23
Change Component Designator: OldDesignator=J3 NewDesignator=J2
Change Component Designator: OldDesignator=J6 NewDesignator=J3
Change Component Designator: OldDesignator=J7 NewDesignator=J4
Change Component Designator: OldDesignator=J8 NewDesignator=J5
Change Component Designator: OldDesignator=J9 NewDesignator=J6
Change Component Designator: OldDesignator=P2 NewDesignator=P1
Change Component Designator: OldDesignator=R6 NewDesignator=R1
Change Component Designator: OldDesignator=R7 NewDesignator=R2
Change Component Designator: OldDesignator=R8 NewDesignator=R3
Change Component Designator: OldDesignator=R9 NewDesignator=R4
Change Component Designator: OldDesignator=R10 NewDesignator=R5
Change Component Designator: OldDesignator=R11 NewDesignator=R6
Change Component Designator: OldDesignator=R12 NewDesignator=R7
Change Component Designator: OldDesignator=R13 NewDesignator=R8
Change Component Designator: OldDesignator=R14 NewDesignator=R9
Change Component Designator: OldDesignator=R15 NewDesignator=R10
Change Component Designator: OldDesignator=R16 NewDesignator=R11
Change Component Designator: OldDesignator=R17 NewDesignator=R12
Change Component Designator: OldDesignator=R18 NewDesignator=R13
Change Component Designator: OldDesignator=R19 NewDesignator=R14
Change Component Designator: OldDesignator=R20 NewDesignator=R15
Change Component Designator: OldDesignator=R21 NewDesignator=R16
Change Component Designator: OldDesignator=R22 NewDesignator=R17
Change Component Designator: OldDesignator=U3 NewDesignator=U2
Change Component Designator: OldDesignator=U4 NewDesignator=U3
Change Component Designator: OldDesignator=U5 NewDesignator=U4
Change Component Designator: OldDesignator=U6 NewDesignator=U5
Added Component: Designator=2(Testpoint 50ml)
Added Component: Designator=C24(CAP_0805)
Add component (AddParameter): Name = "LatestRevisionDate"; Value = "17-Jul-2002"; VariantName = "[No Variations]"
Add component (AddParameter): Name = "LatestRevisionNote"; Value = "Re-released for DXP Platform."; VariantName = "[No Variations]"
Add component (AddParameter): Name = "PackageReference"; Value = "RAD-0.3"; VariantName = "[No Variations]"
Add component (AddParameter): Name = "Published"; Value = "8-Jun-2000"; VariantName = "[No Variations]"
Add component (AddParameter): Name = "Publisher"; Value = "Altium Limited"; VariantName = "[No Variations]"
Add component (AddParameter): Name = "Value"; Value = "33p"; VariantName = "[No Variations]"
Added Component: Designator=C25(CAP_0603)
Add component (AddParameter): Name = "LatestRevisionDate"; Value = "17-Jul-2002"; VariantName = "[No Variations]"
Add component (AddParameter): Name = "LatestRevisionNote"; Value = "Re-released for DXP Platform."; VariantName = "[No Variations]"
Add component (AddParameter): Name = "PackageReference"; Value = "RAD-0.3"; VariantName = "[No Variations]"
Add component (AddParameter): Name = "Published"; Value = "8-Jun-2000"; VariantName = "[No Variations]"
Add component (AddParameter): Name = "Publisher"; Value = "Altium Limited"; VariantName = "[No Variations]"
Add component (AddParameter): Name = "Value"; Value = "33p"; VariantName = "[No Variations]"
Added Component: Designator=C26(CAP_0603)
Add component (AddParameter): Name = "LatestRevisionDate"; Value = "17-Jul-2002"; VariantName = "[No Variations]"
Add component (AddParameter): Name = "LatestRevisionNote"; Value = "Re-released for DXP Platform."; VariantName = "[No Variations]"
Add component (AddParameter): Name = "PackageReference"; Value = "RAD-0.3"; VariantName = "[No Variations]"
Add component (AddParameter): Name = "Published"; Value = "8-Jun-2000"; VariantName = "[No Variations]"
Add component (AddParameter): Name = "Publisher"; Value = "Altium Limited"; VariantName = "[No Variations]"
Add component (AddParameter): Name = "Value"; Value = "33p"; VariantName = "[No Variations]"
Added Component: Designator=C27(CAP_7343)
Added Component: Designator=C28(CAP_7343)
Added Component: Designator=C29(CAP_0603)
Add component (AddParameter): Name = "LatestRevisionDate"; Value = "17-Jul-2002"; VariantName = "[No Variations]"
Add component (AddParameter): Name = "LatestRevisionNote"; Value = "Re-released for DXP Platform."; VariantName = "[No Variations]"
Add component (AddParameter): Name = "PackageReference"; Value = "RAD-0.3"; VariantName = "[No Variations]"
Add component (AddParameter): Name = "Published"; Value = "8-Jun-2000"; VariantName = "[No Variations]"
Add component (AddParameter): Name = "Publisher"; Value = "Altium Limited"; VariantName = "[No Variations]"
Add component (AddParameter): Name = "Value"; Value = "33p"; VariantName = "[No Variations]"
Added Component: Designator=C30(CAP_0603)
Add component (AddParameter): Name = "LatestRevisionDate"; Value = "17-Jul-2002"; VariantName = "[No Variations]"
Add component (AddParameter): Name = "LatestRevisionNote"; Value = "Re-released for DXP Platform."; VariantName = "[No Variations]"
Add component (AddParameter): Name = "PackageReference"; Value = "RAD-0.3"; VariantName = "[No Variations]"
Add component (AddParameter): Name = "Published"; Value = "8-Jun-2000"; VariantName = "[No Variations]"
Add component (AddParameter): Name = "Publisher"; Value = "Altium Limited"; VariantName = "[No Variations]"
Add component (AddParameter): Name = "Value"; Value = "33p"; VariantName = "[No Variations]"
Added Component: Designator=C31(CAP_0603)
Add component (AddParameter): Name = "LatestRevisionDate"; Value = "17-Jul-2002"; VariantName = "[No Variations]"
Add component (AddParameter): Name = "LatestRevisionNote"; Value = "Re-released for DXP Platform."; VariantName = "[No Variations]"
Add component (AddParameter): Name = "PackageReference"; Value = "RAD-0.3"; VariantName = "[No Variations]"
Add component (AddParameter): Name = "Published"; Value = "8-Jun-2000"; VariantName = "[No Variations]"
Add component (AddParameter): Name = "Publisher"; Value = "Altium Limited"; VariantName = "[No Variations]"
Add component (AddParameter): Name = "Value"; Value = "33p"; VariantName = "[No Variations]"
Added Component: Designator=C32(CAP_0603)
Add component (AddParameter): Name = "LatestRevisionDate"; Value = "17-Jul-2002"; VariantName = "[No Variations]"
Add component (AddParameter): Name = "LatestRevisionNote"; Value = "Re-released for DXP Platform."; VariantName = "[No Variations]"
Add component (AddParameter): Name = "PackageReference"; Value = "RAD-0.3"; VariantName = "[No Variations]"
Add component (AddParameter): Name = "Published"; Value = "8-Jun-2000"; VariantName = "[No Variations]"
Add component (AddParameter): Name = "Publisher"; Value = "Altium Limited"; VariantName = "[No Variations]"
Add component (AddParameter): Name = "Value"; Value = "33p"; VariantName = "[No Variations]"
Added Component: Designator=C33(CAP_0603)
Add component (AddParameter): Name = "LatestRevisionDate"; Value = "17-Jul-2002"; VariantName = "[No Variations]"
Add component (AddParameter): Name = "LatestRevisionNote"; Value = "Re-released for DXP Platform."; VariantName = "[No Variations]"
Add component (AddParameter): Name = "PackageReference"; Value = "RAD-0.3"; VariantName = "[No Variations]"
Add component (AddParameter): Name = "Published"; Value = "8-Jun-2000"; VariantName = "[No Variations]"
Add component (AddParameter): Name = "Publisher"; Value = "Altium Limited"; VariantName = "[No Variations]"
Add component (AddParameter): Name = "Value"; Value = "33p"; VariantName = "[No Variations]"
Added Component: Designator=D1(DIO-214AA(SMB))
Added Component: Designator=D2(DIODE_ZENER_SMD)
Added Component: Designator=F1(RES-SMD-1812)
Add component (AddParameter): Name = "Designed by"; Value = "VanDungEvn"; VariantName = "[No Variations]"
Add component (AddParameter): Name = "Value"; Value = "Fuse"; VariantName = "[No Variations]"
Added Component: Designator=J7(RES-SMD-0402)
Added Component: Designator=J8(HDR1X2)
Add component (AddParameter): Name = "LatestRevisionDate"; Value = "17-Jul-2002"; VariantName = "[No Variations]"
Add component (AddParameter): Name = "LatestRevisionNote"; Value = "Re-released for DXP Platform."; VariantName = "[No Variations]"
Add component (AddParameter): Name = "Publisher"; Value = "Altium Limited"; VariantName = "[No Variations]"
Added Component: Designator=J9(RES-SMD-0201)
Added Component: Designator=LED_S1(LED-0805-Blue)
Add component (AddParameter): Name = "Value"; Value = "LED 3 ly Single Colour"; VariantName = "[No Variations]"
Added Component: Designator=P2(USB C 16P)
Add component (AddParameter): Name = "ComponentLink1Description"; Value = "New link"; VariantName = "[No Variations]"
Add component (AddParameter): Name = "ComponentLink1URL"; Value = "https://linhkien.cxtvn.com/6914-cong-type-c-cai-16p-usb-31-v2.html"; VariantName = "[No Variations]"
Added Component: Designator=R18(RES-SMD-0805)
Add component (AddParameter): Name = "Class"; Value = "Passive"; VariantName = "[No Variations]"
Add component (AddParameter): Name = "Manufacturer"; Value = "Generic Components"; VariantName = "[No Variations]"
Add component (AddParameter): Name = "Published"; Value = "08/06/2000"; VariantName = "[No Variations]"
Add component (AddParameter): Name = "Publisher"; Value = "Altium Hobart Technology Centre"; VariantName = "[No Variations]"
Added Component: Designator=R19(RES-SMD-0805)
Add component (AddParameter): Name = "Class"; Value = "Passive"; VariantName = "[No Variations]"
Add component (AddParameter): Name = "Manufacturer"; Value = "Generic Components"; VariantName = "[No Variations]"
Add component (AddParameter): Name = "Published"; Value = "08/06/2000"; VariantName = "[No Variations]"
Add component (AddParameter): Name = "Publisher"; Value = "Altium Hobart Technology Centre"; VariantName = "[No Variations]"
Added Component: Designator=R20(RES-SMD-0603)
Add component (AddParameter): Name = "Class"; Value = "Passive"; VariantName = "[No Variations]"
Add component (AddParameter): Name = "Manufacturer"; Value = "Generic Components"; VariantName = "[No Variations]"
Add component (AddParameter): Name = "Published"; Value = "08/06/2000"; VariantName = "[No Variations]"
Add component (AddParameter): Name = "Publisher"; Value = "Altium Hobart Technology Centre"; VariantName = "[No Variations]"
Added Component: Designator=R21(RES-SMD-0805)
Add component (AddParameter): Name = "Class"; Value = "Passive"; VariantName = "[No Variations]"
Add component (AddParameter): Name = "Manufacturer"; Value = "Generic Components"; VariantName = "[No Variations]"
Add component (AddParameter): Name = "Published"; Value = "08/06/2000"; VariantName = "[No Variations]"
Add component (AddParameter): Name = "Publisher"; Value = "Altium Hobart Technology Centre"; VariantName = "[No Variations]"
Added Component: Designator=R22(RES-SMD-0805)
Add component (AddParameter): Name = "Class"; Value = "Passive"; VariantName = "[No Variations]"
Add component (AddParameter): Name = "Manufacturer"; Value = "Generic Components"; VariantName = "[No Variations]"
Add component (AddParameter): Name = "Published"; Value = "08/06/2000"; VariantName = "[No Variations]"
Add component (AddParameter): Name = "Publisher"; Value = "Altium Hobart Technology Centre"; VariantName = "[No Variations]"
Added Component: Designator=R23(RES-SMD-0603)
Add component (AddParameter): Name = "Class"; Value = "Passive"; VariantName = "[No Variations]"
Add component (AddParameter): Name = "Manufacturer"; Value = "Generic Components"; VariantName = "[No Variations]"
Add component (AddParameter): Name = "Published"; Value = "08/06/2000"; VariantName = "[No Variations]"
Add component (AddParameter): Name = "Publisher"; Value = "Altium Hobart Technology Centre"; VariantName = "[No Variations]"
Added Component: Designator=R24(RES-SMD-0603)
Add component (AddParameter): Name = "Class"; Value = "Passive"; VariantName = "[No Variations]"
Add component (AddParameter): Name = "Manufacturer"; Value = "Generic Components"; VariantName = "[No Variations]"
Add component (AddParameter): Name = "Published"; Value = "08/06/2000"; VariantName = "[No Variations]"
Add component (AddParameter): Name = "Publisher"; Value = "Altium Hobart Technology Centre"; VariantName = "[No Variations]"
Added Component: Designator=U6(SOT-223)
Add component (AddParameter): Name = "Creator"; Value = "Nguyen Ba Bien"; VariantName = "[No Variations]"
Add component (AddParameter): Name = "Website"; Value = "http://group3i.net"; VariantName = "[No Variations]"
Added Component: Designator=U7(SOP-16)
Add component (AddParameter): Name = "Availability"; Value = "Unavailable"; VariantName = "[No Variations]"
Add component (AddParameter): Name = "Check_prices"; Value = "https://www.snapeda.com/parts/CH340C/WCH/view-part/5428851/?ref=eda"; VariantName = "[No Variations]"
Add component (AddParameter): Name = "MF"; Value = "WCH"; VariantName = "[No Variations]"
Add component (AddParameter): Name = "MP"; Value = "CH340C"; VariantName = "[No Variations]"
Add component (AddParameter): Name = "Package"; Value = "Package"; VariantName = "[No Variations]"
Add component (AddParameter): Name = "Price"; Value = "None"; VariantName = "[No Variations]"
Add component (AddParameter): Name = "SnapEDA_Link"; Value = "https://www.snapeda.com/parts/CH340C/WCH/view-part/5428851/?ref=snap"; VariantName = "[No Variations]"
Add component (AddParameter): Name = "Value"; Value = ""; VariantName = "[No Variations]"
Added Pin To Net: NetName=5V_S Pin=2-1
Added Pin To Net: NetName=GND Pin=C24-1
Added Pin To Net: NetName=5V-USB Pin=C24-2
Added Pin To Net: NetName=GND Pin=C25-1
Added Pin To Net: NetName=VIN Pin=C25-2
Added Pin To Net: NetName=GND Pin=C26-1
Added Pin To Net: NetName=VIN Pin=C27-1
Added Pin To Net: NetName=GND Pin=C27-2
Added Pin To Net: NetName=GND Pin=C28-2
Added Pin To Net: NetName=GND Pin=C29-1
Added Pin To Net: NetName=V_BAT Pin=C29-2
Added Pin To Net: NetName=GND_MCU Pin=C31-1
Added Pin To Net: NetName=3.3V Pin=C31-2
Added Pin To Net: NetName=GND Pin=C32-1
Added Pin To Net: NetName=5V_LDO Pin=C32-2
Added Pin To Net: NetName=GND Pin=C33-1
Added Pin To Net: NetName=5V_LDO Pin=C33-2
Added Pin To Net: NetName=5V-USB Pin=D1-2
Added Pin To Net: NetName=GND Pin=D2-1
Added Pin To Net: NetName=5V_LDO Pin=F1-1
Added Pin To Net: NetName=VIN Pin=F1-2
Added Pin To Net: NetName=3.3V Pin=J7-2
Added Pin To Net: NetName=V_BAT Pin=J8-1
Added Pin To Net: NetName=GND Pin=J8-2
Added Pin To Net: NetName=V_BAT Pin=J9-1
Added Pin To Net: NetName=GND Pin=P2-A1_B12
Added Pin To Net: NetName=D- Pin=P2-A6
Added Pin To Net: NetName=D+ Pin=P2-A7
Added Pin To Net: NetName=GND Pin=P2-B1_A12
Added Pin To Net: NetName=D- Pin=P2-B6
Added Pin To Net: NetName=D+ Pin=P2-B7
Added Pin To Net: NetName=GND Pin=P2-S1
Added Pin To Net: NetName=GND Pin=P2-S2
Added Pin To Net: NetName=GND Pin=P2-S3
Added Pin To Net: NetName=GND Pin=P2-S4
Added Pin To Net: NetName=GND Pin=R18-2
Added Pin To Net: NetName=GND Pin=R19-2
Added Pin To Net: NetName=GND Pin=R20-2
Added Pin To Net: NetName=GND Pin=R24-2
Added Pin To Net: NetName=GND Pin=U6-1
Added Pin To Net: NetName=VIN Pin=U6-3
Added Pin To Net: NetName=GND_MCU Pin=U7-1
Added Pin To Net: NetName=3.3V Pin=U7-4
Added Pin To Net: NetName=D+ Pin=U7-5
Added Pin To Net: NetName=D- Pin=U7-6
Added Pin To Net: NetName=3.3V Pin=U7-16
Add Pin To Net: Unknown Pin: Pin VIT1-VIT1
Add Pin To Net: Unknown Pin: Pin VIT2-VIT1
Add Pin To Net: Unknown Pin: Pin VIT3-VIT1
Add Pin To Net: Unknown Pin: Pin VIT4-VIT1
Change Net Name : Old Net Name=NetC32_2 New Net Name=NetC21_2
Change Net Name : Old Net Name=NetR10_1 New Net Name=NetR5_1
Change Net Name : Old Net Name=NetR11_1 New Net Name=NetR6_1
Change Net Name : Old Net Name=NetR13_2 New Net Name=NetR8_2
Change Net Name : Old Net Name=NetR14_1 New Net Name=NetR9_1
Added Pin To Net: NetName=NetC26_2 Pin=C26-2
Added Pin To Net: NetName=NetC26_2 Pin=C28-1
Added Pin To Net: NetName=NetC26_2 Pin=J7-1
Added Pin To Net: NetName=NetC26_2 Pin=LED_S1-1
Added Pin To Net: NetName=NetC26_2 Pin=U6-2
Added Pin To Net: NetName=NetC26_2 Pin=U6-2
Added Net: Name=NetC26_2
Added Pin To Net: NetName=NetC30_1 Pin=C30-1
Added Pin To Net: NetName=NetC30_1 Pin=R23-2
Added Pin To Net: NetName=NetC30_1 Pin=R24-1
Added Net: Name=NetC30_1
Added Pin To Net: NetName=NetC30_2 Pin=C30-2
Added Pin To Net: NetName=NetC30_2 Pin=D2-2
Added Pin To Net: NetName=NetC30_2 Pin=J9-2
Added Pin To Net: NetName=NetC30_2 Pin=R23-1
Added Net: Name=NetC30_2
Added Pin To Net: NetName=NetD1_1 Pin=D1-1
Added Pin To Net: NetName=NetD1_1 Pin=P2-A4_B9
Added Pin To Net: NetName=NetD1_1 Pin=P2-B4_A9
Added Net: Name=NetD1_1
Added Pin To Net: NetName=NetLED_S1_2 Pin=LED_S1-2
Added Pin To Net: NetName=NetLED_S1_2 Pin=R20-1
Added Net: Name=NetLED_S1_2
Added Pin To Net: NetName=NetP2_A5 Pin=P2-A5
Added Pin To Net: NetName=NetP2_A5 Pin=R18-1
Added Net: Name=NetP2_A5
Added Pin To Net: NetName=NetP2_B5 Pin=P2-B5
Added Pin To Net: NetName=NetP2_B5 Pin=R19-1
Added Net: Name=NetP2_B5
Added Pin To Net: NetName=NetR21_1 Pin=R21-1
Added Net: Name=NetR21_1
Added Pin To Net: NetName=NetR21_2 Pin=R21-2
Added Pin To Net: NetName=NetR21_2 Pin=U7-2
Added Net: Name=NetR21_2
Added Pin To Net: NetName=NetR22_1 Pin=R22-1
Added Net: Name=NetR22_1
Added Pin To Net: NetName=NetR22_2 Pin=R22-2
Added Pin To Net: NetName=NetR22_2 Pin=U7-3
Added Net: Name=NetR22_2
Add Net: Net with name "VIN" already exists
Added Member To Class: ClassName=MCU Member=Component 4 GND
Added Member To Class: ClassName=MCU Member=Component C12 104
Added Member To Class: ClassName=MCU Member=Component C19 104
Added Member To Class: ClassName=MCU_Src Member=Component C24 104
Added Member To Class: ClassName=MCU_Src Member=Component C25 104
Added Member To Class: ClassName=MCU_Src Member=Component C26 104
Added Member To Class: ClassName=MCU_Src Member=Component C27 107
Added Member To Class: ClassName=MCU_Src Member=Component C28 107
Added Member To Class: ClassName=MCU_Src Member=Component C29 104
Added Member To Class: ClassName=MCU_Src Member=Component C30 104
Added Member To Class: ClassName=MCU_Src Member=Component C31 104
Added Member To Class: ClassName=MCU_Src Member=Component C32 104
Added Member To Class: ClassName=MCU_Src Member=Component C33 104
Added Member To Class: ClassName=MCU_Src Member=Component D1 Diode Schottky
Added Member To Class: ClassName=MCU_Src Member=Component D2 Zn
Added Member To Class: ClassName=MCU_Src Member=Component F1 2A 8V
Added Member To Class: ClassName=MCU Member=Component IDC3 I2C_OLED
Added Member To Class: ClassName=MCU Member=Component IDC6 ADC/PWM
Added Member To Class: ClassName=MCU_Src Member=Component J7 Jumper2
Added Member To Class: ClassName=MCU_Src Member=Component J8 Header 2
Added Member To Class: ClassName=MCU_Src Member=Component J9 Jumper2
Added Member To Class: ClassName=MCU_Src Member=Component LED_S1 LED_S
Added Member To Class: ClassName=MCU_Src Member=Component P2 USB - TypeC - 16P
Added Member To Class: ClassName=MCU_Src Member=Component R18 5k1
Added Member To Class: ClassName=MCU_Src Member=Component R19 5k1
Added Member To Class: ClassName=MCU_Src Member=Component R20 220
Added Member To Class: ClassName=MCU_Src Member=Component R21 0R
Added Member To Class: ClassName=MCU_Src Member=Component R22 0R
Added Member To Class: ClassName=MCU_Src Member=Component R23 15k 1%
Added Member To Class: ClassName=MCU_Src Member=Component R24 43k 1%
Added Member To Class: ClassName=MCU_Src Member=Component U6 LM1117
Added Member To Class: ClassName=MCU_Src Member=Component U7 CH340C
