Removed Pin From Net: NetName=GND Pin=C31-1
Removed Pin From Net: NetName=3.3V Pin=C31-2
Removed Pin From Net: NetName=GND Pin=C34-1
Removed Pin From Net: NetName=3.3V Pin=C34-2
Change Component Designator: OldDesignator=LED_S NewDesignator=LED_S1
Added Component: Designator=C26(CAP_0603)
Add component (AddParameter): Name = "LatestRevisionDate"; Value = "17-Jul-2002"; VariantName = "[No Variations]"
Add component (AddParameter): Name = "LatestRevisionNote"; Value = "Re-released for DXP Platform."; VariantName = "[No Variations]"
Add component (AddParameter): Name = "PackageReference"; Value = "RAD-0.3"; VariantName = "[No Variations]"
Add component (AddParameter): Name = "Published"; Value = "8-Jun-2000"; VariantName = "[No Variations]"
Add component (AddParameter): Name = "Publisher"; Value = "Altium Limited"; VariantName = "[No Variations]"
Add component (AddParameter): Name = "Value"; Value = "33p"; VariantName = "[No Variations]"
Added Component: Designator=C31(CAP_0603)
Add component (AddParameter): Name = "LatestRevisionDate"; Value = "17-Jul-2002"; VariantName = "[No Variations]"
Add component (AddParameter): Name = "LatestRevisionNote"; Value = "Re-released for DXP Platform."; VariantName = "[No Variations]"
Add component (AddParameter): Name = "PackageReference"; Value = "RAD-0.3"; VariantName = "[No Variations]"
Add component (AddParameter): Name = "Published"; Value = "8-Jun-2000"; VariantName = "[No Variations]"
Add component (AddParameter): Name = "Publisher"; Value = "Altium Limited"; VariantName = "[No Variations]"
Add component (AddParameter): Name = "Value"; Value = "33p"; VariantName = "[No Variations]"
Added Component: Designator=C34(CAP_0603)
Add component (AddParameter): Name = "LatestRevisionDate"; Value = "17-Jul-2002"; VariantName = "[No Variations]"
Add component (AddParameter): Name = "LatestRevisionNote"; Value = "Re-released for DXP Platform."; VariantName = "[No Variations]"
Add component (AddParameter): Name = "PackageReference"; Value = "RAD-0.3"; VariantName = "[No Variations]"
Add component (AddParameter): Name = "Published"; Value = "8-Jun-2000"; VariantName = "[No Variations]"
Add component (AddParameter): Name = "Publisher"; Value = "Altium Limited"; VariantName = "[No Variations]"
Add component (AddParameter): Name = "Value"; Value = "33p"; VariantName = "[No Variations]"
Added Pin To Net: NetName=GND Pin=C26-1
Added Pin To Net: NetName=3.3V Pin=C26-2
Added Pin To Net: NetName=GND Pin=C31-1
Added Pin To Net: NetName=3.3V Pin=C31-2
Added Pin To Net: NetName=GND Pin=C34-1
Added Pin To Net: NetName=3.3V Pin=C34-2
Added Pin To Net: NetName=VCC_PCF_1 Pin=R10-2
Added Pin To Net: NetName=VCC_PCF_1 Pin=U3-24
Add Pin To Net: Unknown Pin: Pin VIT1-VIT1
Add Pin To Net: Unknown Pin: Pin VIT2-VIT1
Add Pin To Net: Unknown Pin: Pin VIT3-VIT1
Add Pin To Net: Unknown Pin: Pin VIT4-VIT1
Added Member To Class: ClassName=MCU Member=Component C1 104
Added Member To Class: ClassName=MCU Member=Component C2 104
Added Member To Class: ClassName=MCU Member=Component C3 104
Added Member To Class: ClassName=MCU Member=Component C4 104
Added Member To Class: ClassName=MCU Member=Component C5 104
Added Member To Class: ClassName=MCU Member=Component C6 107
Added Member To Class: ClassName=MCU Member=Component C8 104
Added Member To Class: ClassName=MCU Member=Component C9 104
Added Member To Class: ClassName=MCU Member=Component C10 104
Added Member To Class: ClassName=MCU Member=Component C11 104
Added Member To Class: ClassName=MCU Member=Component C12 104
Added Member To Class: ClassName=MCU Member=Component C26 104
Added Member To Class: ClassName=MCU Member=Component R1 220
Added Member To Class: ClassName=MCU Member=Component R3 43k 1%
Added Member To Class: ClassName=MCU Member=Component R4 10k
Added Member To Class: ClassName=MCU Member=Component R5 10k
Added Member To Class: ClassName=MCU Member=Component R11 0R
Added Member To Class: ClassName=MCU Member=Component R13 0R
Added Member To Class: ClassName=MCU Member=Component R15 4.7k
Added Member To Class: ClassName=MCU Member=Component R17 4.7k
Added Member To Class: ClassName=MCU Member=Component R19 4.7k
