Removed Member From Class: ClassName=MCU_Src Member=C5
Removed Member From Class: ClassName=MCU_Src Member=C10
Removed Member From Class: ClassName=MCU_Src Member=C11
Removed Member From Class: ClassName=MCU_Src Member=C15
Removed Member From Class: ClassName=MCU_Src Member=C16
Removed Member From Class: ClassName=MCU_Src Member=C17
Removed Member From Class: ClassName=MCU_Src Member=C18
Removed Member From Class: ClassName=MCU_Src Member=C20
Removed Member From Class: ClassName=MCU_Src Member=C21
Removed Member From Class: ClassName=MCU_Src Member=C22
Removed Member From Class: ClassName=MCU_Src Member=J4
Removed Member From Class: ClassName=MCU_Src Member=J5
Removed Member From Class: ClassName=MCU_Src Member=J6
Removed Member From Class: ClassName=MCU_Src Member=P1
Removed Member From Class: ClassName=MCU_Src Member=R8
Removed Member From Class: ClassName=MCU_Src Member=R10
Removed Member From Class: ClassName=MCU_Src Member=R12
Removed Member From Class: ClassName=MCU_Src Member=R14
Removed Member From Class: ClassName=MCU_Src Member=R16
Removed Member From Class: ClassName=MCU_Src Member=U5
Change Component Kind : Designator=U7 Old Kind=Standard New Kind=Jumper
Change Component Kind : Designator=R22 Old Kind=Standard New Kind=Jumper
Change Component Kind : Designator=R21 Old Kind=Standard New Kind=Jumper
Add Pin To Net: Unknown Pin: Pin VIT1-VIT1
Add Pin To Net: Unknown Pin: Pin VIT2-VIT1
Add Pin To Net: Unknown Pin: Pin VIT3-VIT1
Add Pin To Net: Unknown Pin: Pin VIT4-VIT1
Add Net: Net with name "VIN" already exists
Added Member To Class: ClassName=MCU Member=Component 2 Src
Added Member To Class: ClassName=MCU Member=Component C7 104
Added Member To Class: ClassName=MCU Member=Component C13 104
Added Member To Class: ClassName=MCU Member=Component C16 104
Added Member To Class: ClassName=MCU Member=Component C18 104
Added Member To Class: ClassName=MCU Member=Component C23 104
Added Member To Class: ClassName=MCU_Src Member=Component C24 104
Added Member To Class: ClassName=MCU_Src Member=Component C25 104
Added Member To Class: ClassName=MCU_Src Member=Component C26 104
Added Member To Class: ClassName=MCU_Src Member=Component C27 107
Added Member To Class: ClassName=MCU_Src Member=Component C28 107
Added Member To Class: ClassName=MCU_Src Member=Component C29 104
Added Member To Class: ClassName=MCU_Src Member=Component C30 104
Added Member To Class: ClassName=MCU_Src Member=Component C31 104
Added Member To Class: ClassName=MCU_Src Member=Component C32 104
Added Member To Class: ClassName=MCU_Src Member=Component C33 104
Added Member To Class: ClassName=MCU_Src Member=Component J7 Jumper2
Added Member To Class: ClassName=MCU_Src Member=Component J8 Header 2
Added Member To Class: ClassName=MCU_Src Member=Component J9 Jumper2
Added Member To Class: ClassName=MCU_Src Member=Component P2 USB - TypeC - 16P
Added Member To Class: ClassName=MCU Member=Component R6 0R
Added Member To Class: ClassName=MCU Member=Component R13 4.7k
Added Member To Class: ClassName=MCU Member=Component R15 4.7k
Added Member To Class: ClassName=MCU Member=Component R17 0R
Added Member To Class: ClassName=MCU_Src Member=Component R18 5k1
Added Member To Class: ClassName=MCU_Src Member=Component R19 5k1
Added Member To Class: ClassName=MCU_Src Member=Component R20 220
Added Member To Class: ClassName=MCU_Src Member=Component R21 0R
Added Member To Class: ClassName=MCU_Src Member=Component R22 0R
Added Member To Class: ClassName=MCU Member=Component U4 TF Card Micro SD Card
Added Member To Class: ClassName=MCU_Src Member=Component U6 LM1117
