Change Component Footprint: Designator=J4 Old Footprint=HDR2 New Footprint=HDR1X2
Change Component Comment : Designator=J4 Old Comment=Header2 New Comment=Header 2
Change component parameters: Designator = "J4" ("J4"); Footprint = "HDR2"; UniqueID = "\HKFAKEPI" ("\HKFAKEPI")
Change component parameters (AddParameter): Name = "LatestRevisionDate"; Value = "17-Jul-2002"; VariantName = "[No Variations]"
Change component parameters (AddParameter): Name = "LatestRevisionNote"; Value = "Re-released for DXP Platform."; VariantName = "[No Variations]"
Change component parameters (AddParameter): Name = "Publisher"; Value = "Altium Limited"; VariantName = "[No Variations]"
Add Pin To Net: Unknown Pin: Pin VIT1-VIT1
Add Pin To Net: Unknown Pin: Pin VIT2-VIT1
Add Pin To Net: Unknown Pin: Pin VIT3-VIT1
Add Pin To Net: Unknown Pin: Pin VIT4-VIT1
Added Member To Class: ClassName=MCU Member=Component 2 GND
Added Member To Class: ClassName=MCU Member=Component 3 3V3 - 5V
Added Member To Class: ClassName=MCU Member=Component C4 CAP_TAN_SMD
Added Member To Class: ClassName=MCU Member=Component C6 104
Added Member To Class: ClassName=MCU Member=Component C8 104
Added Member To Class: ClassName=MCU Member=Component C10 104
Added Member To Class: ClassName=MCU Member=Component D3 LED
Added Member To Class: ClassName=MCU Member=Component D5 LED
Added Member To Class: ClassName=MCU Member=Component D7 LED
Added Member To Class: ClassName=MCU Member=Component D9 LED
Added Member To Class: ClassName=MCU Member=Component J4 Header 2
Added Member To Class: ClassName=MCU Member=Component J5 I2C_2
Added Member To Class: ClassName=MCU Member=Component J8 JP15
Added Member To Class: ClassName=MCU Member=Component J9 JP15
Added Member To Class: ClassName=MCU Member=Component P2 Cell Coin
Added Member To Class: ClassName=MCU Member=Component R3 10k
Added Member To Class: ClassName=MCU Member=Component R6 4.7k
Added Member To Class: ClassName=MCU Member=Component R8 0R
Added Member To Class: ClassName=MCU Member=Component R10 0R
Added Member To Class: ClassName=MCU Member=Component R12 0R
Added Member To Class: ClassName=MCU Member=Component R15 4.7k
Added Member To Class: ClassName=MCU Member=Component R17 4.7k
Added Member To Class: ClassName=MCU Member=Component R19 0R
Added Member To Class: ClassName=MCU Member=Component S2 SW
