Removed Member From Class: ClassName=MCU Member=C?
Removed Member From Class: ClassName=MCU Member=FB?
Change Component Designator: OldDesignator=C1 NewDesignator=C3
Change Component Designator: OldDesignator=C2 NewDesignator=C4
Change Component Designator: OldDesignator=C3 NewDesignator=C5
Change Component Designator: OldDesignator=C4 NewDesignator=C6
Change Component Designator: OldDesignator=C5 NewDesignator=C7
Change Component Designator: OldDesignator=C6 NewDesignator=C8
Change Component Designator: OldDesignator=C7 NewDesignator=C9
Change Component Designator: OldDesignator=C8 NewDesignator=C10
Change Component Designator: OldDesignator=C9 NewDesignator=C11
Change Component Designator: OldDesignator=C10 NewDesignator=C12
Change Component Designator: OldDesignator=C? NewDesignator=C1
Change Component Designator: OldDesignator=C? NewDesignator=C2
Change Component Designator: OldDesignator=FB1 NewDesignator=FB4
Change Component Designator: OldDesignator=FB? NewDesignator=FB1
Change Component Designator: OldDesignator=FB? NewDesignator=FB2
Change Component Designator: OldDesignator=FB? NewDesignator=FB3
Change Component Designator: OldDesignator=FB? NewDesignator=FB5
Change Component Designator: OldDesignator=J2 NewDesignator=J3
Change Component Designator: OldDesignator=J3 NewDesignator=J2
Change Component Designator: OldDesignator=J4 NewDesignator=J6
Change Component Designator: OldDesignator=J5 NewDesignator=J4
Change Component Designator: OldDesignator=J6 NewDesignator=J5
Add Pin To Net: Unknown Pin: Pin VIT1-VIT1
Add Pin To Net: Unknown Pin: Pin VIT2-VIT1
Add Pin To Net: Unknown Pin: Pin VIT3-VIT1
Add Pin To Net: Unknown Pin: Pin VIT4-VIT1
Change Net Name : Old Net Name=NetC2_1 New Net Name=NetC4_1
Change Net Name : Old Net Name=NetC3_2 New Net Name=NetC5_2
Change Net Name : Old Net Name=NetC9_2 New Net Name=NetC11_2
Change Net Name : Old Net Name=NetFB?_1 New Net Name=NetFB5_1
Change Net Name : Old Net Name=NetFB?_2 New Net Name=NetFB1_2
Added Member To Class: ClassName=MCU Member=Component C11 104
Added Member To Class: ClassName=MCU Member=Component C12 104
Added Member To Class: ClassName=MCU Member=Component FB2 50R
Added Member To Class: ClassName=MCU Member=Component FB3 50R
Added Member To Class: ClassName=MCU Member=Component FB4 Ferrit Bead
Added Member To Class: ClassName=MCU Member=Component FB5 Ferrit Bead
