Change Footprint: Footprint Not Found VIT_3.7mm
Change Footprint: Footprint Not Found VIT_3.7mm
Change Footprint: Footprint Not Found VIT_3.7mm
Change Footprint: Footprint Not Found VIT_3.7mm
Added Component: Designator=U4(SOIC 16 W)
Add component (AddParameter): Name = "Category"; Value = "Integrated Circuits (ICs)"; VariantName = "[No Variations]"
Add component (AddParameter): Name = "Frequency - Clock"; Value = "100KHz"; VariantName = "[No Variations]"
Add component (AddParameter): Name = "Includes"; Value = "POR"; VariantName = "[No Variations]"
Add component (AddParameter): Name = "Interface"; Value = "I²C"; VariantName = "[No Variations]"
Add component (AddParameter): Name = "Interrupt Output"; Value = "Yes"; VariantName = "[No Variations]"
Add component (AddParameter): Name = "Manufacturer"; Value = "NXP Semiconductors"; VariantName = "[No Variations]"
Add component (AddParameter): Name = "Manufacturer Part Number"; Value = "PCF8574T/3,512"; VariantName = "[No Variations]"
Add component (AddParameter): Name = "Number of I /O"; Value = "8"; VariantName = "[No Variations]"
Add component (AddParameter): Name = "Operating Temperature"; Value = "-40°C ~ 85°C"; VariantName = "[No Variations]"
Add component (AddParameter): Name = "Package / Case"; Value = "16-SOIC (7.5mm Width)"; VariantName = "[No Variations]"
Add component (AddParameter): Name = "Packaging"; Value = "Tube"; VariantName = "[No Variations]"
Add component (AddParameter): Name = "RoHS"; Value = "RoHS Compliant"; VariantName = "[No Variations]"
Add component (AddParameter): Name = "Supplier"; Value = "Digi-Key"; VariantName = "[No Variations]"
Add component (AddParameter): Name = "Supplier 1"; Value = "Digi-Key"; VariantName = "[No Variations]"
Add component (AddParameter): Name = "Supplier Part Number"; Value = "568-1076-5-ND"; VariantName = "[No Variations]"
Add component (AddParameter): Name = "Supplier Part Number 1"; Value = "568-1076-5-ND"; VariantName = "[No Variations]"
Add component (AddParameter): Name = "Voltage - Supply"; Value = "2.5 V ~ 6 V"; VariantName = "[No Variations]"
Add Component: Footprint Not Found VIT_3.7mm
Add Component: Footprint Not Found VIT_3.7mm
Added Pin To Net: NetName=GND Pin=U4-1
Added Pin To Net: NetName=GND Pin=U4-2
Added Pin To Net: NetName=GND Pin=U4-3
Added Pin To Net: NetName=P0 Pin=U4-4
Added Pin To Net: NetName=P1 Pin=U4-5
Added Pin To Net: NetName=P3 Pin=U4-6
Added Pin To Net: NetName=P2 Pin=U4-7
Added Pin To Net: NetName=GND Pin=U4-8
Added Pin To Net: NetName=P4 Pin=U4-9
Added Pin To Net: NetName=P5 Pin=U4-10
Added Pin To Net: NetName=P6 Pin=U4-11
Added Pin To Net: NetName=P7 Pin=U4-12
Added Pin To Net: NetName=I2CSW_SDA Pin=U4-14
Added Pin To Net: NetName=I2CSW_SCL Pin=U4-15
Added Pin To Net: NetName=NetR12_2 Pin=U4-16
Added Member To Class: ClassName=MCU Member=Component U4 PCF8574
Add Class Member: Failed to add class member : Component VIT5 1
Add Class Member: Failed to add class member : Component VIT6 1
