Removed Pin From Net: NetName=P3 Pin=D2-2
Removed Pin From Net: NetName=P2 Pin=D3-2
Removed Pin From Net: NetName=P1 Pin=D4-2
Removed Pin From Net: NetName=P0 Pin=D5-2
Change Footprint: Footprint Not Found VIT_3.7mm
Change Footprint: Footprint Not Found VIT_3.7mm
Change Footprint: Footprint Not Found VIT_3.7mm
Change Footprint: Footprint Not Found VIT_3.7mm
Add Component: Footprint Not Found VIT_3.7mm
Add Component: Footprint Not Found VIT_3.7mm
Added Pin To Net: NetName=P0 Pin=D2-2
Added Pin To Net: NetName=P1 Pin=D3-2
Added Pin To Net: NetName=P3 Pin=D4-2
Added Pin To Net: NetName=P2 Pin=D5-2
Added Member To Class: ClassName=MCU Member=Component J5 Header6
Added Member To Class: ClassName=MCU Member=Component R10 0R
Added Member To Class: ClassName=MCU Member=Component R11 4.7k
Added Member To Class: ClassName=MCU Member=Component R12 4.7k
Added Member To Class: ClassName=MCU Member=Component R15 4.7k
Added Member To Class: ClassName=MCU Member=Component R16 4.7k
Added Member To Class: ClassName=MCU Member=Component R17 0R
Add Class Member: Failed to add class member : Component VIT5 1
Add Class Member: Failed to add class member : Component VIT6 1
