Removed Pin From Net: NetName=Button03 Pin=C6-2
Removed Pin From Net: NetName=+5V1 Pin=IDC3-5
Removed Pin From Net: NetName=+5V1 Pin=IDC3-6
Removed Pin From Net: NetName=+5V1 Pin=IDC3-8
Removed Pin From Net: NetName=3.3V Pin=R1-1
Removed Pin From Net: NetName=Button03 Pin=R1-2
Removed Pin From Net: NetName=GND Pin=S1-1
Removed Pin From Net: NetName=Button03 Pin=S1-2
Change Footprint: Footprint Not Found VIT_3.7mm
Change Footprint: Footprint Not Found VIT_3.7mm
Change Footprint: Footprint Not Found VIT_3.7mm
Change Footprint: Footprint Not Found VIT_3.7mm
Change Component Comment : Designator=R1 Old Comment=10k New Comment=I.N
Change Component Designator: OldDesignator=C6 NewDesignator=C?
Change Component Designator: OldDesignator=R1 NewDesignator=R?
Added Component: Designator=D?(DIODE_ZENER_SMD)
Added Component: Designator=R?(RES-SMD-0603)
Add Component: Footprint Not Found VIT_3.7mm
Add Component: Footprint Not Found VIT_3.7mm
Added Pin To Net: NetName=GND Pin=D?-1
Added Pin To Net: NetName=+5V2 Pin=IDC3-5
Added Pin To Net: NetName=+5V2 Pin=IDC3-6
Added Pin To Net: NetName=+5V2 Pin=IDC3-8
Added Pin To Net: NetName=+5V2 Pin=R?-1
Added Pin To Net: NetName=GND Pin=R?-2
Added Pin To Net: NetName=Pw_ADC Pin=C?-2
Added Pin To Net: NetName=Pw_ADC Pin=D?-2
Added Pin To Net: NetName=Pw_ADC Pin=R?-1
Added Pin To Net: NetName=Pw_ADC Pin=R?-2
Added Net: Name=Pw_ADC
Added Member To Class: ClassName=MCU Member=Component -5V Testpoint
Added Member To Class: ClassName=MCU Member=Component 3V3 Testpoint
Added Member To Class: ClassName=MCU Member=Component 5V Testpoint
Added Member To Class: ClassName=MCU Member=Component D2 LED
Added Member To Class: ClassName=MCU Member=Component D4 LED
Added Member To Class: ClassName=MCU Member=Component D6 LED
Added Member To Class: ClassName=MCU Member=Component D8 LED
Added Member To Class: ClassName=MCU Member=Component D? Zn 3V3
Added Member To Class: ClassName=MCU Member=Component GND Testpoint
Added Member To Class: ClassName=MCU Member=Component R2 10k
Added Member To Class: ClassName=MCU Member=Component R3 10k
Added Member To Class: ClassName=MCU Member=Component R4 0R
Added Member To Class: ClassName=MCU Member=Component R6 0R
Added Member To Class: ClassName=MCU Member=Component R7 4.7k
Added Member To Class: ClassName=MCU Member=Component R9 0R
Added Member To Class: ClassName=MCU Member=Component R11 0R
Added Member To Class: ClassName=MCU Member=Component R13 4.7k
Added Member To Class: ClassName=MCU Member=Component R15 4.7k
Added Member To Class: ClassName=MCU Member=Component R17 4.7k
Added Member To Class: ClassName=MCU Member=Component R? I.N
Added Member To Class: ClassName=MCU Member=Component S2 SW-SMD
Added Member To Class: ClassName=MCU Member=Component S3 SW-SMD
Add Class Member: Failed to add class member : Component VIT5 1
Add Class Member: Failed to add class member : Component VIT6 1
